Microchip MPLAB XC8 Compiler V2.31

Linker command line:

-W-3 --edf=C:\Program Files\Microchip\xc8\v2.31\pic\dat\en_msgs.txt -cn \
  -h+dist/default/production\PIC18F4550_Registro.X.production.sym \
  --cmf=dist/default/production\PIC18F4550_Registro.X.production.cmf -z \
  -Q18F4550 -oC:\Users\EAVELL~1\AppData\Local\Temp\sb04.2 \
  --defsym=__MPLAB_BUILD=1 \
  -Mdist/default/production/PIC18F4550_Registro.X.production.map -E1 \
  -ver=XC8 Compiler --acfsm=1493 -ASTACK=0A5h-07FFh -pstack=STACK \
  -ACODE=00h-07FFFh -ACONST=00h-07FFFh -ASMALLCONST=0800h-08FFhx120 \
  -AMEDIUMCONST=0800h-07FFFh -ACOMRAM=01h-05Fh -AABS1=00h-07FFh \
  -ABIGRAM=01h-07FFh -ARAM=060h-0FFh,0100h-01FFhx7 -ABANK0=060h-0FFh \
  -ABANK1=0100h-01FFh -ABANK2=0200h-02FFh -ABANK3=0300h-03FFh \
  -ABANK4=0400h-04FFh -ABANK5=0500h-05FFh -ABANK6=0600h-06FFh \
  -ABANK7=0700h-07FFh -ASFR=0F60h-0FFFh -ACONFIG=0300000h-030000Dh \
  -AIDLOC=0200000h-0200007h -AEEDATA=0F00000h-0F000FFh -peeprom_data=EEDATA \
  -preset_vec=00h,intcode,intcodelo,powerup,init -pramtop=0800h \
  -psmallconst=SMALLCONST -pmediumconst=MEDIUMCONST -pconst=CONST \
  -AFARRAM=00h-00h \
  -prdata=COMRAM,nvrram=COMRAM,nvbit=COMRAM,rbss=COMRAM,rbit=COMRAM \
  -pfarbss=FARRAM,fardata=FARRAM,nvFARRAM=FARRAM \
  -pintsave_regs=BIGRAM,bigbss=BIGRAM,bigdata=BIGRAM -pbss=RAM \
  -pidata=CODE,irdata=CODE,ibigdata=CODE,ifardata=CODE -prparam=COMRAM \
  C:\Users\EAVELL~1\AppData\Local\Temp\sb04.o \
  dist/default/production\PIC18F4550_Registro.X.production.o 

Object code version is 3.11

Machine type is 18F4550



                Name                               Link     Load   Length Selector   Space Scale
C:\Users\EAVELL~1\AppData\Local\Temp\sb04.o
                idloc                            200000   200000        8        0       5
                config                           300000   300000        E        0       4
                init                                  0        0        4        0       0
dist/default/production\PIC18F4550_Registro.X.production.o
                idloc                            200000   200000        8        0       5
                config                           300000   300000        E        0       4
                mediumconst                        709C     709C      F64     384E       0
                text30                             5F4C     5F4C       12     2FA6       0
                text29                             5FA8     5FA8       22     2FD4       0
                text28                             5F70     5F70       1A     2FB8       0
                text27                             5F5E     5F5E       12     2FAF       0
                text26                             5F8A     5F8A       1E     2FC5       0
                text25                             5FCA     5FCA       26     2FE5       0
                text24                             6256     6256       54     312B       0
                text23                             6016     6016       28     300B       0
                text22                             64BE     64BE       A8     325F       0
                text21                             5FF0     5FF0       26     2FF8       0
                text20                             6566     6566       C0     32B3       0
                text19                             67B6     67B6      164     33DB       0
                text18                             6A7E     6A7E      188     353F       0
                text17                             691A     691A      164     348D       0
                text16                             60AA     60AA       40     3055       0
                text15                             5F44     5F44        2     2FA2       0
                text14                             66EC     66EC       CA     3376       0
                text13                             616E     616E       44     30B7       0
                text12                             603E     603E       36     301F       0
                text11                             6626     6626       C6     3313       0
                text10                             6DBA     6DBA      2E2     36DD       0
                text9                              6C06     6C06      1B4     3603       0
                text8                              62AA     62AA       62     3155       0
                text7                              61B2     61B2       52     30D9       0
                text6                              60EA     60EA       42     3075       0
                text5                              612C     612C       42     3096       0
                text4                              644A     644A       74     3225       0
                text3                              630C     630C       64     3186       0
                text2                              6370     6370       6A     31B8       0
                text1                              6204     6204       52     3102       0
                text0                              63DA     63DA       70     31ED       0
                cstackCOMRAM                          1        1       5F        1       1
                cstackBANK0                          89       89       16       60       1
                dataBANK0                            9F       9F        6       60       1
                bssBANK0                             60       60       29       60       1
                cinit                              6074     6074       36     303A       0
                idataBANK0                         5F46     5F46        6     5F46       0

TOTAL           Name                               Link     Load   Length     Space
        CLASS   STACK          

        CLASS   CODE           
                init                                  0        0        4         0
                text30                             5F4C     5F4C       12         0
                text29                             5FA8     5FA8       22         0
                text28                             5F70     5F70       1A         0
                text27                             5F5E     5F5E       12         0
                text26                             5F8A     5F8A       1E         0
                text25                             5FCA     5FCA       26         0
                text24                             6256     6256       54         0
                text23                             6016     6016       28         0
                text22                             64BE     64BE       A8         0
                text21                             5FF0     5FF0       26         0
                text20                             6566     6566       C0         0
                text19                             67B6     67B6      164         0
                text18                             6A7E     6A7E      188         0
                text17                             691A     691A      164         0
                text16                             60AA     60AA       40         0
                text15                             5F44     5F44        2         0
                text14                             66EC     66EC       CA         0
                text13                             616E     616E       44         0
                text12                             603E     603E       36         0
                text11                             6626     6626       C6         0
                text10                             6DBA     6DBA      2E2         0
                text9                              6C06     6C06      1B4         0
                text8                              62AA     62AA       62         0
                text7                              61B2     61B2       52         0
                text6                              60EA     60EA       42         0
                text5                              612C     612C       42         0
                text4                              644A     644A       74         0
                text3                              630C     630C       64         0
                text2                              6370     6370       6A         0
                text1                              6204     6204       52         0
                text0                              63DA     63DA       70         0
                cinit                              6074     6074       36         0
                idataBANK0                         5F46     5F46        6         0

        CLASS   CONST          

        CLASS   SMALLCONST     

        CLASS   MEDIUMCONST    
                mediumconst                        709C     709C      F64         0

        CLASS   COMRAM         
                cstackCOMRAM                          1        1       5F         1

        CLASS   ABS1           

        CLASS   BIGRAM         

        CLASS   RAM            

        CLASS   BANK0          
                cstackBANK0                          89       89       16         1
                dataBANK0                            9F       9F        6         1
                bssBANK0                             60       60       29         1

        CLASS   BANK1          

        CLASS   BANK2          

        CLASS   BANK3          

        CLASS   BANK4          

        CLASS   BANK5          

        CLASS   BANK6          

        CLASS   BANK7          

        CLASS   SFR            

        CLASS   CONFIG         
                config                           300000   300000        E         4

        CLASS   IDLOC          
                idloc                            200000   200000        8         5

        CLASS   EEDATA         

        CLASS   FARRAM         



SEGMENTS        Name                           Load    Length   Top    Selector   Space  Class

                reset_vec                      000000  000004  000004         0       0  CODE    
                cstackCOMRAM                   000001  00005F  000060         1       1  COMRAM  
                bssBANK0                       000060  000045  0000A5        60       1  BANK0   
                text15                         005F44  000002  005F46      2FA2       0  CODE    
                idataBANK0                     005F46  000006  005F4C      5F46       0  CODE    
                text30                         005F4C  000012  005F5E      2FA6       0  CODE    
                text27                         005F5E  000012  005F70      2FAF       0  CODE    
                text28                         005F70  00001A  005F8A      2FB8       0  CODE    
                text26                         005F8A  00001E  005FA8      2FC5       0  CODE    
                text29                         005FA8  000022  005FCA      2FD4       0  CODE    
                text25                         005FCA  000026  005FF0      2FE5       0  CODE    
                text21                         005FF0  000026  006016      2FF8       0  CODE    
                text23                         006016  000028  00603E      300B       0  CODE    
                text12                         00603E  000036  006074      301F       0  CODE    
                cinit                          006074  000036  0060AA      303A       0  CODE    
                text16                         0060AA  000040  0060EA      3055       0  CODE    
                text6                          0060EA  000042  00612C      3075       0  CODE    
                text5                          00612C  000042  00616E      3096       0  CODE    
                text13                         00616E  000044  0061B2      30B7       0  CODE    
                text7                          0061B2  000052  006204      30D9       0  CODE    
                text1                          006204  000052  006256      3102       0  CODE    
                text24                         006256  000054  0062AA      312B       0  CODE    
                text8                          0062AA  000062  00630C      3155       0  CODE    
                text3                          00630C  000064  006370      3186       0  CODE    
                text2                          006370  00006A  0063DA      31B8       0  CODE    
                text0                          0063DA  000070  00644A      31ED       0  CODE    
                text4                          00644A  000074  0064BE      3225       0  CODE    
                text22                         0064BE  0000A8  006566      325F       0  CODE    
                text20                         006566  0000C0  006626      32B3       0  CODE    
                text11                         006626  0000C6  0066EC      3313       0  CODE    
                text14                         0066EC  0000CA  0067B6      3376       0  CODE    
                text19                         0067B6  000164  00691A      33DB       0  CODE    
                text17                         00691A  000164  006A7E      348D       0  CODE    
                text18                         006A7E  000188  006C06      353F       0  CODE    
                text9                          006C06  0001B4  006DBA      3603       0  CODE    
                text10                         006DBA  0002E2  00709C      36DD       0  CODE    
                mediumconst                    00709C  000F64  008000      384E       0  MEDIUMCO


UNUSED ADDRESS RANGES

        Name                Unused          Largest block    Delta
        BANK0            0000A5-0000FF               5B
        BANK1            000100-0001FF              100
        BANK2            000200-0002FF              100
        BANK3            000300-0003FF              100
        BANK4            000400-0004FF              100
        BANK5            000500-0005FF              100
        BANK6            000600-0006FF              100
        BANK7            000700-0007FF              100
        BIGRAM           0000A5-0007FF              75B
        CODE             000004-005F43             5F40
        CONST            000004-005F43             5F40
        EEDATA           F00000-F000FF              100
        MEDIUMCONST      000800-005F43             5744
        RAM              0000A5-0007FF              100
        SFR              000F60-000FFF               A0
        SMALLCONST       000800-005F43              100
        STACK            0000A5-0007FF              75B

                                  Symbol Table

?___aodiv                 cstackCOMRAM 000001
?___aomod                 cstackCOMRAM 000001
?___lwdiv                 cstackCOMRAM 000001
?___lwmod                 cstackCOMRAM 000001
?___wmul                  cstackCOMRAM 000001
?_abs                     cstackCOMRAM 000013
?_dtoa                    cstackCOMRAM 00001C
?_pad                     cstackCOMRAM 000011
?_sprintf                 cstackCOMRAM 000058
?_strlen                  cstackCOMRAM 000001
?_vfpfcnvrt               cstackCOMRAM 000040
?_vfprintf                cstackCOMRAM 000050
I2C_Init@speed            cstackCOMRAM 000001
I2C_Send@data             cstackCOMRAM 000001
OLEDClear@i               cstackCOMRAM 000008
OLED_NPuts@buffer         cstackCOMRAM 000007
OLED_NPuts@c              cstackCOMRAM 00000B
OLED_NPuts@i              cstackCOMRAM 00000E
OLED_NPuts@x              cstackCOMRAM 00000C
OLED_SPuts@buffer         cstackCOMRAM 00000C
OLED_SPuts@c              cstackCOMRAM 000012
OLED_SPuts@i              cstackCOMRAM 000015
OLED_SPuts@j              cstackCOMRAM 000017
OLED_SPuts@x              cstackCOMRAM 000008
OLED_SPuts@xi             cstackCOMRAM 000013
OLED_SPuts@y              cstackCOMRAM 00000A
OLEDsetCursor@x           cstackCOMRAM 000004
OLEDsetCursor@y           cstackCOMRAM 000006
Print_Hora@sms            cstackBANK0  000093
Print_Minuto@sms          cstackBANK0  000093
Print_Segundo@sms         cstackBANK0  000093
_ADCON1                   (abs)        000FC1
_BIG_FONTS                mediumconst  00709D
_FOUNT                    bssBANK0     000068
_Hora                     dataBANK0    0000A3
_I2C_Init                 text23       006016
_I2C_Send                 text28       005F70
_I2C_Start                text27       005F5E
_I2C_Stop                 text30       005F4C
_I2C_Wait                 text29       005FA8
_Minuto                   dataBANK0    0000A1
_OLEDClear                text24       006256
_OLED_Init                text22       0064BE
_OLED_NPuts               text20       006566
_OLED_SPuts               text19       0067B6
_OLEDsetCursor            text25       005FCA
_OSCCONbits               (abs)        000FD3
_Print_Hora               text6        0060EA
_Print_Menu               text1        006204
_Print_Minuto             text5        00612C
_Print_Segundo            text2        006370
_SMALL_FONTS              mediumconst  007C7D
_SSPADD                   (abs)        000FC8
_SSPBUF                   (abs)        000FC9
_SSPCON1                  (abs)        000FC6
_SSPCON2bits              (abs)        000FC5
_SSPSTAT                  (abs)        000FC7
_SSPSTATbits              (abs)        000FC7
_Segundo                  dataBANK0    00009F
_TINY_FONTS               mediumconst  007EB7
_TRISBbits                (abs)        000F93
__HRAM                    (abs)        000000
__Habs1                   abs1         000000
__Hbank0                  bank0        000000
__Hbank1                  bank1        000000
__Hbank2                  bank2        000000
__Hbank3                  bank3        000000
__Hbank4                  bank4        000000
__Hbank5                  bank5        000000
__Hbank6                  bank6        000000
__Hbank7                  bank7        000000
__Hbigbss                 bigbss       000000
__Hbigdata                bigdata      000000
__Hbigram                 bigram       000000
__Hbss                    bss          000000
__HbssBANK0               bssBANK0     000000
__Hcinit                  cinit        000000
__Hclrtext                clrtext      000000
__Hcomram                 comram       000000
__Hconfig                 config       30000E
__Hconst                  const        000000
__HcstackBANK0            cstackBANK0  000000
__HcstackCOMRAM           cstackCOMRAM 000000
__Hdata                   data         000000
__HdataBANK0              dataBANK0    000000
__Heeprom_data            eeprom_data  000000
__Hfarbss                 farbss       000000
__Hfardata                fardata      000000
__Hibigdata               ibigdata     000000
__Hidata                  idata        000000
__HidataBANK0             idataBANK0   000000
__Hidloc                  idloc        200008
__Hifardata               ifardata     000000
__Hinit                   init         000004
__Hintcode                intcode      000000
__Hintcode_body           intcode_body 000000
__Hintcodelo              intcodelo    000000
__Hintentry               intentry     000000
__Hintret                 intret       000000
__Hintsave_regs           intsave_regs 000000
__Hirdata                 irdata       000000
__Hmediumconst            mediumconst  008000
__HnvFARRAM               nvFARRAM     000000
__Hnvbit                  nvbit        000000
__Hnvrram                 nvrram       000000
__Hparam                  rparam       000000
__Hpowerup                powerup      000000
__Hram                    ram          000000
__Hramtop                 ramtop       000800
__Hrbit                   rbit         000000
__Hrbss                   rbss         000000
__Hrdata                  rdata        000000
__Hreset_vec              reset_vec    000000
__Hrparam                 rparam       000000
__Hsfr                    sfr          000000
__Hsmallconst             smallconst   000000
__Hspace_0                (abs)        008000
__Hspace_1                (abs)        0000A5
__Hspace_2                (abs)        000000
__Hspace_4                (abs)        60000E
__Hstack                  stack        000000
__Hstruct                 struct       000000
__Htemp                   temp         000000
__Htext                   text         000000
__Htext0                  text0        000000
__Htext1                  text1        000000
__Htext10                 text10       000000
__Htext11                 text11       000000
__Htext12                 text12       000000
__Htext13                 text13       000000
__Htext14                 text14       000000
__Htext15                 text15       000000
__Htext16                 text16       000000
__Htext17                 text17       000000
__Htext18                 text18       000000
__Htext19                 text19       000000
__Htext2                  text2        000000
__Htext20                 text20       000000
__Htext21                 text21       000000
__Htext22                 text22       000000
__Htext23                 text23       000000
__Htext24                 text24       000000
__Htext25                 text25       000000
__Htext26                 text26       000000
__Htext27                 text27       000000
__Htext28                 text28       000000
__Htext29                 text29       000000
__Htext3                  text3        000000
__Htext30                 text30       000000
__Htext4                  text4        000000
__Htext5                  text5        000000
__Htext6                  text6        000000
__Htext7                  text7        000000
__Htext8                  text8        000000
__Htext9                  text9        000000
__LRAM                    (abs)        000001
__Labs1                   abs1         000000
__Lbank0                  bank0        000000
__Lbank1                  bank1        000000
__Lbank2                  bank2        000000
__Lbank3                  bank3        000000
__Lbank4                  bank4        000000
__Lbank5                  bank5        000000
__Lbank6                  bank6        000000
__Lbank7                  bank7        000000
__Lbigbss                 bigbss       000000
__Lbigdata                bigdata      000000
__Lbigram                 bigram       000000
__Lbss                    bss          000000
__LbssBANK0               bssBANK0     000000
__Lcinit                  cinit        000000
__Lclrtext                clrtext      000000
__Lcomram                 comram       000000
__Lconfig                 config       000000
__Lconst                  const        000000
__LcstackBANK0            cstackBANK0  000000
__LcstackCOMRAM           cstackCOMRAM 000000
__Ldata                   data         000000
__LdataBANK0              dataBANK0    000000
__Leeprom_data            eeprom_data  000000
__Lfarbss                 farbss       000000
__Lfardata                fardata      000000
__Libigdata               ibigdata     000000
__Lidata                  idata        000000
__LidataBANK0             idataBANK0   000000
__Lidloc                  idloc        000000
__Lifardata               ifardata     000000
__Linit                   init         000000
__Lintcode                intcode      000000
__Lintcode_body           intcode_body 000000
__Lintcodelo              intcodelo    000000
__Lintentry               intentry     000000
__Lintret                 intret       000000
__Lintsave_regs           intsave_regs 000000
__Lirdata                 irdata       000000
__Lmediumconst            mediumconst  00709C
__LnvFARRAM               nvFARRAM     000000
__Lnvbit                  nvbit        000000
__Lnvrram                 nvrram       000000
__Lparam                  rparam       000000
__Lpowerup                powerup      000000
__Lram                    ram          000000
__Lramtop                 ramtop       000800
__Lrbit                   rbit         000000
__Lrbss                   rbss         000000
__Lrdata                  rdata        000000
__Lreset_vec              reset_vec    000000
__Lrparam                 rparam       000000
__Lsfr                    sfr          000000
__Lsmallconst             smallconst   000000
__Lspace_0                (abs)        000000
__Lspace_1                (abs)        000000
__Lspace_2                (abs)        000000
__Lspace_4                (abs)        000000
__Lstack                  stack        000000
__Lstruct                 struct       000000
__Ltemp                   temp         000000
__Ltext                   text         000000
__Ltext0                  text0        000000
__Ltext1                  text1        000000
__Ltext10                 text10       000000
__Ltext11                 text11       000000
__Ltext12                 text12       000000
__Ltext13                 text13       000000
__Ltext14                 text14       000000
__Ltext15                 text15       000000
__Ltext16                 text16       000000
__Ltext17                 text17       000000
__Ltext18                 text18       000000
__Ltext19                 text19       000000
__Ltext2                  text2        000000
__Ltext20                 text20       000000
__Ltext21                 text21       000000
__Ltext22                 text22       000000
__Ltext23                 text23       000000
__Ltext24                 text24       000000
__Ltext25                 text25       000000
__Ltext26                 text26       000000
__Ltext27                 text27       000000
__Ltext28                 text28       000000
__Ltext29                 text29       000000
__Ltext3                  text3        000000
__Ltext30                 text30       000000
__Ltext4                  text4        000000
__Ltext5                  text5        000000
__Ltext6                  text6        000000
__Ltext7                  text7        000000
__Ltext8                  text8        000000
__Ltext9                  text9        000000
__S0                      (abs)        008000
__S1                      (abs)        0000A5
__S2                      (abs)        000000
__S4                      (abs)        000000
__S5                      (abs)        000000
___aodiv                  text18       006A7E
___aodiv@counter          cstackCOMRAM 000011
___aodiv@dividend         cstackCOMRAM 000001
___aodiv@divisor          cstackCOMRAM 000009
___aodiv@quotient         cstackCOMRAM 000013
___aodiv@sign             cstackCOMRAM 000012
___aomod                  text17       00691A
___aomod@counter          cstackCOMRAM 000011
___aomod@dividend         cstackCOMRAM 000001
___aomod@divisor          cstackCOMRAM 000009
___aomod@sign             cstackCOMRAM 000012
___inthi_sp               stack        000000
___intlo_sp               stack        000000
___lwdiv                  text4        00644A
___lwdiv@counter          cstackCOMRAM 000007
___lwdiv@dividend         cstackCOMRAM 000001
___lwdiv@divisor          cstackCOMRAM 000003
___lwdiv@quotient         cstackCOMRAM 000005
___lwmod                  text3        00630C
___lwmod@counter          cstackCOMRAM 000005
___lwmod@dividend         cstackCOMRAM 000001
___lwmod@divisor          cstackCOMRAM 000003
___param_bank             (abs)        000000
___rparam_used            (abs)        000001
___sp                     stack        000000
___wmul                   text21       005FF0
___wmul@multiplicand      cstackCOMRAM 000003
___wmul@multiplier        cstackCOMRAM 000001
___wmul@product           cstackCOMRAM 000005
__accesstop               (abs)        000060
__activetblptr            (abs)        000002
__end_of_BIG_FONTS        mediumconst  007C7D
__end_of_I2C_Init         text23       00603E
__end_of_I2C_Send         text28       005F8A
__end_of_I2C_Start        text27       005F70
__end_of_I2C_Stop         text30       005F5E
__end_of_I2C_Wait         text29       005FCA
__end_of_OLEDClear        text24       0062AA
__end_of_OLED_Init        text22       006566
__end_of_OLED_NPuts       text20       006626
__end_of_OLED_SPuts       text19       00691A
__end_of_OLEDsetCursor    text25       005FF0
__end_of_Print_Hora       text6        00612C
__end_of_Print_Menu       text1        006256
__end_of_Print_Minuto     text5        00616E
__end_of_Print_Segundo    text2        0063DA
__end_of_SMALL_FONTS      mediumconst  007EB7
__end_of_TINY_FONTS       mediumconst  007FD4
__end_of___aodiv          text18       006C06
__end_of___aomod          text17       006A7E
__end_of___lwdiv          text4        0064BE
__end_of___lwmod          text3        006370
__end_of___wmul           text21       006016
__end_of__initialization  cinit        0060A0
__end_of_abs              text16       0060EA
__end_of_barras           mediumconst  007FDC
__end_of_dtoa             text10       00709C
__end_of_fputc            text14       0067B6
__end_of_fputs            text13       0061B2
__end_of_main             text0        00644A
__end_of_pad              text11       0066EC
__end_of_putch            text15       005F46
__end_of_sprintf          text7        006204
__end_of_ssd1306_command  text26       005FA8
__end_of_strlen           text12       006074
__end_of_vfpfcnvrt        text9        006DBA
__end_of_vfprintf         text8        00630C
__initialization          cinit        006074
__mediumconst             mediumconst  00709C
__pbssBANK0               bssBANK0     000060
__pcinit                  cinit        006074
__pcstackBANK0            cstackBANK0  000089
__pcstackCOMRAM           cstackCOMRAM 000001
__pdataBANK0              dataBANK0    00009F
__pidataBANK0             idataBANK0   005F46
__pmediumconst            mediumconst  00709C
__ptext0                  text0        0063DA
__ptext1                  text1        006204
__ptext10                 text10       006DBA
__ptext11                 text11       006626
__ptext12                 text12       00603E
__ptext13                 text13       00616E
__ptext14                 text14       0066EC
__ptext15                 text15       005F44
__ptext16                 text16       0060AA
__ptext17                 text17       00691A
__ptext18                 text18       006A7E
__ptext19                 text19       0067B6
__ptext2                  text2        006370
__ptext20                 text20       006566
__ptext21                 text21       005FF0
__ptext22                 text22       0064BE
__ptext23                 text23       006016
__ptext24                 text24       006256
__ptext25                 text25       005FCA
__ptext26                 text26       005F8A
__ptext27                 text27       005F5E
__ptext28                 text28       005F70
__ptext29                 text29       005FA8
__ptext3                  text3        00630C
__ptext30                 text30       005F4C
__ptext4                  text4        00644A
__ptext5                  text5        00612C
__ptext6                  text6        0060EA
__ptext7                  text7        0061B2
__ptext8                  text8        0062AA
__ptext9                  text9        006C06
__ramtop                  ramtop       000800
__size_of_I2C_Init        (abs)        000000
__size_of_I2C_Send        (abs)        000000
__size_of_I2C_Start       (abs)        000000
__size_of_I2C_Stop        (abs)        000000
__size_of_I2C_Wait        (abs)        000000
__size_of_OLEDClear       (abs)        000000
__size_of_OLED_Init       (abs)        000000
__size_of_OLED_NPuts      (abs)        000000
__size_of_OLED_SPuts      (abs)        000000
__size_of_OLEDsetCursor   (abs)        000000
__size_of_Print_Hora      (abs)        000000
__size_of_Print_Menu      (abs)        000000
__size_of_Print_Minuto    (abs)        000000
__size_of_Print_Segundo   (abs)        000000
__size_of___aodiv         (abs)        000000
__size_of___aomod         (abs)        000000
__size_of___lwdiv         (abs)        000000
__size_of___lwmod         (abs)        000000
__size_of___wmul          (abs)        000000
__size_of_abs             (abs)        000000
__size_of_dtoa            (abs)        000000
__size_of_fputc           (abs)        000000
__size_of_fputs           (abs)        000000
__size_of_main            (abs)        000000
__size_of_pad             (abs)        000000
__size_of_putch           (abs)        000000
__size_of_sprintf         (abs)        000000
__size_of_ssd1306_command (abs)        000000
__size_of_strlen          (abs)        000000
__size_of_vfpfcnvrt       (abs)        000000
__size_of_vfprintf        (abs)        000000
__smallconst              smallconst   000000
_abs                      text16       0060AA
_barras                   mediumconst  007FD4
_dbuf                     bssBANK0     000069
_dtoa                     text10       006DBA
_dtoa$958                 cstackCOMRAM 00002E
_flags                    bssBANK0     000066
_fputc                    text14       0066EC
_fputs                    text13       00616E
_main                     text0        0063DA
_nout                     bssBANK0     000060
_pad                      text11       006626
_prec                     bssBANK0     000064
_putch                    text15       005F44
_sprintf                  text7        0061B2
_ssd1306_command          text26       005F8A
_strlen                   text12       00603E
_vfpfcnvrt                text9        006C06
_vfprintf                 text8        0062AA
_width                    bssBANK0     000062
abs@a                     cstackCOMRAM 000013
dtoa@d                    cstackCOMRAM 00001E
dtoa@fp                   cstackCOMRAM 00001C
dtoa@i                    cstackCOMRAM 00003E
dtoa@n                    cstackCOMRAM 000036
dtoa@p                    cstackCOMRAM 000030
dtoa@s                    cstackCOMRAM 000034
dtoa@w                    cstackCOMRAM 000032
end_of_initialization     cinit        0060A0
fputc@c                   cstackCOMRAM 000001
fputc@fp                  cstackCOMRAM 000003
fputs@c                   cstackCOMRAM 00000E
fputs@fp                  cstackCOMRAM 00000C
fputs@i                   cstackCOMRAM 00000F
fputs@s                   cstackCOMRAM 00000A
intlevel0                 text         000000
intlevel1                 text         000000
intlevel2                 text         000000
intlevel3                 text         000000
pad@buf                   cstackCOMRAM 000013
pad@fp                    cstackCOMRAM 000011
pad@i                     cstackCOMRAM 000018
pad@p                     cstackCOMRAM 000015
pad@w                     cstackCOMRAM 00001A
sprintf@ap                cstackBANK0  00008B
sprintf@f                 cstackBANK0  00008D
sprintf@fmt               cstackCOMRAM 00005A
sprintf@s                 cstackCOMRAM 000058
ssd1306_command@command   cstackCOMRAM 000002
stackhi                   (abs)        0007FF
stacklo                   (abs)        0000A5
start                     init         000000
start_initialization      cinit        006074
strlen@a                  cstackCOMRAM 000003
strlen@s                  cstackCOMRAM 000001
vfpfcnvrt@ap              cstackCOMRAM 000044
vfpfcnvrt@fmt             cstackCOMRAM 000042
vfpfcnvrt@fp              cstackCOMRAM 000040
vfpfcnvrt@ll              cstackCOMRAM 000048
vfprintf@ap               cstackCOMRAM 000054
vfprintf@cfmt             cstackCOMRAM 000056
vfprintf@fmt              cstackCOMRAM 000052
vfprintf@fp               cstackCOMRAM 000050


FUNCTION INFORMATION:

 *************** function _main *****************
 Defined at:
		line 23 in file "main.c"
 Parameters:    Size  Location     Type
		None
 Auto vars:     Size  Location     Type
		None
 Return value:  Size  Location     Type
                  1    wreg      void 
 Registers used:
		wreg, fsr1l, fsr1h, fsr2l, fsr2h, status,2, status,0, tblptrl, tblptrh, tblptru, prodl, prodh, cstack
 Tracked objects:
		On entry : 
		On exit  : 
		Unchanged: 
 Data sizes:     COMRAM   BANK0   BANK1   BANK2   BANK3   BANK4   BANK5   BANK6   BANK7
      Params:         0       0       0       0       0       0       0       0       0
      Locals:         0       0       0       0       0       0       0       0       0
      Temps:          0       2       0       0       0       0       0       0       0
      Totals:         0       2       0       0       0       0       0       0       0
Total ram usage:        2 bytes
 Hardware stack levels required when called:   10
 This function calls:
		_Print_Menu
		_Print_Segundo
 This function is called by:
		Startup code after reset
 This function uses a non-reentrant model


 *************** function _Print_Menu *****************
 Defined at:
		line 38 in file "main.c"
 Parameters:    Size  Location     Type
		None
 Auto vars:     Size  Location     Type
		None
 Return value:  Size  Location     Type
                  1    wreg      void 
 Registers used:
		wreg, fsr1l, fsr1h, fsr2l, fsr2h, status,2, status,0, tblptrl, tblptrh, tblptru, prodl, prodh, cstack
 Tracked objects:
		On entry : 
		On exit  : 
		Unchanged: 
 Data sizes:     COMRAM   BANK0   BANK1   BANK2   BANK3   BANK4   BANK5   BANK6   BANK7
      Params:         0       0       0       0       0       0       0       0       0
      Locals:         0       0       0       0       0       0       0       0       0
      Temps:          0       0       0       0       0       0       0       0       0
      Totals:         0       0       0       0       0       0       0       0       0
Total ram usage:        0 bytes
 Hardware stack levels used:    1
 Hardware stack levels required when called:    9
 This function calls:
		_OLEDClear
		_OLED_Init
		_OLED_NPuts
		_OLED_SPuts
		_OLEDsetCursor
		_Print_Hora
		_Print_Minuto
		_Print_Segundo
 This function is called by:
		_main
 This function uses a non-reentrant model


 *************** function _Print_Segundo *****************
 Defined at:
		line 61 in file "main.c"
 Parameters:    Size  Location     Type
		None
 Auto vars:     Size  Location     Type
  sms            10   10[BANK0 ] unsigned char [10]
 Return value:  Size  Location     Type
                  1    wreg      void 
 Registers used:
		wreg, fsr1l, fsr1h, fsr2l, fsr2h, status,2, status,0, tblptrl, tblptrh, tblptru, cstack
 Tracked objects:
		On entry : 
		On exit  : 
		Unchanged: 
 Data sizes:     COMRAM   BANK0   BANK1   BANK2   BANK3   BANK4   BANK5   BANK6   BANK7
      Params:         0       0       0       0       0       0       0       0       0
      Locals:         0      10       0       0       0       0       0       0       0
      Temps:          0       0       0       0       0       0       0       0       0
      Totals:         0      10       0       0       0       0       0       0       0
Total ram usage:       10 bytes
 Hardware stack levels used:    1
 Hardware stack levels required when called:    8
 This function calls:
		_OLED_SPuts
		___lwdiv
		___lwmod
		_sprintf
 This function is called by:
		_main
		_Print_Menu
 This function uses a non-reentrant model


 *************** function ___lwmod *****************
 Defined at:
		line 7 in file "C:\Program Files\Microchip\xc8\v2.31\pic\sources\c99\common\lwmod.c"
 Parameters:    Size  Location     Type
  dividend        2    0[COMRAM] unsigned int 
  divisor         2    2[COMRAM] unsigned int 
 Auto vars:     Size  Location     Type
  counter         1    4[COMRAM] unsigned char 
 Return value:  Size  Location     Type
                  2    0[COMRAM] unsigned int 
 Registers used:
		wreg, status,2, status,0
 Tracked objects:
		On entry : 
		On exit  : 
		Unchanged: 
 Data sizes:     COMRAM   BANK0   BANK1   BANK2   BANK3   BANK4   BANK5   BANK6   BANK7
      Params:         4       0       0       0       0       0       0       0       0
      Locals:         1       0       0       0       0       0       0       0       0
      Temps:          0       0       0       0       0       0       0       0       0
      Totals:         5       0       0       0       0       0       0       0       0
Total ram usage:        5 bytes
 Hardware stack levels used:    1
 This function calls:
		Nothing
 This function is called by:
		_Print_Hora
		_Print_Minuto
		_Print_Segundo
 This function uses a non-reentrant model


 *************** function ___lwdiv *****************
 Defined at:
		line 7 in file "C:\Program Files\Microchip\xc8\v2.31\pic\sources\c99\common\lwdiv.c"
 Parameters:    Size  Location     Type
  dividend        2    0[COMRAM] unsigned int 
  divisor         2    2[COMRAM] unsigned int 
 Auto vars:     Size  Location     Type
  quotient        2    4[COMRAM] unsigned int 
  counter         1    6[COMRAM] unsigned char 
 Return value:  Size  Location     Type
                  2    0[COMRAM] unsigned int 
 Registers used:
		wreg, status,2, status,0
 Tracked objects:
		On entry : 
		On exit  : 
		Unchanged: 
 Data sizes:     COMRAM   BANK0   BANK1   BANK2   BANK3   BANK4   BANK5   BANK6   BANK7
      Params:         4       0       0       0       0       0       0       0       0
      Locals:         3       0       0       0       0       0       0       0       0
      Temps:          0       0       0       0       0       0       0       0       0
      Totals:         7       0       0       0       0       0       0       0       0
Total ram usage:        7 bytes
 Hardware stack levels used:    1
 This function calls:
		Nothing
 This function is called by:
		_Print_Hora
		_Print_Minuto
		_Print_Segundo
 This function uses a non-reentrant model


 *************** function _Print_Minuto *****************
 Defined at:
		line 55 in file "main.c"
 Parameters:    Size  Location     Type
		None
 Auto vars:     Size  Location     Type
  sms            10   10[BANK0 ] unsigned char [10]
 Return value:  Size  Location     Type
                  1    wreg      void 
 Registers used:
		wreg, fsr1l, fsr1h, fsr2l, fsr2h, status,2, status,0, tblptrl, tblptrh, tblptru, cstack
 Tracked objects:
		On entry : 
		On exit  : 
		Unchanged: 
 Data sizes:     COMRAM   BANK0   BANK1   BANK2   BANK3   BANK4   BANK5   BANK6   BANK7
      Params:         0       0       0       0       0       0       0       0       0
      Locals:         0      10       0       0       0       0       0       0       0
      Temps:          0       0       0       0       0       0       0       0       0
      Totals:         0      10       0       0       0       0       0       0       0
Total ram usage:       10 bytes
 Hardware stack levels used:    1
 Hardware stack levels required when called:    8
 This function calls:
		_OLED_SPuts
		_sprintf
 This function is called by:
		_Print_Menu
 This function uses a non-reentrant model


 *************** function _Print_Hora *****************
 Defined at:
		line 49 in file "main.c"
 Parameters:    Size  Location     Type
		None
 Auto vars:     Size  Location     Type
  sms            10   10[BANK0 ] unsigned char [10]
 Return value:  Size  Location     Type
                  1    wreg      void 
 Registers used:
		wreg, fsr1l, fsr1h, fsr2l, fsr2h, status,2, status,0, tblptrl, tblptrh, tblptru, cstack
 Tracked objects:
		On entry : 
		On exit  : 
		Unchanged: 
 Data sizes:     COMRAM   BANK0   BANK1   BANK2   BANK3   BANK4   BANK5   BANK6   BANK7
      Params:         0       0       0       0       0       0       0       0       0
      Locals:         0      10       0       0       0       0       0       0       0
      Temps:          0       0       0       0       0       0       0       0       0
      Totals:         0      10       0       0       0       0       0       0       0
Total ram usage:       10 bytes
 Hardware stack levels used:    1
 Hardware stack levels required when called:    8
 This function calls:
		_OLED_SPuts
		_sprintf
 This function is called by:
		_Print_Menu
 This function uses a non-reentrant model


 *************** function _sprintf *****************
 Defined at:
		line 9 in file "C:\Program Files\Microchip\xc8\v2.31\pic\sources\c99\common\nf_sprintf.c"
 Parameters:    Size  Location     Type
  s               2   87[COMRAM] PTR unsigned char 
		 -> Print_Segundo@sms(10), Print_Minuto@sms(10), Print_Hora@sms(10), 
  fmt             2   89[COMRAM] PTR const unsigned char 
		 -> STR_5(5), STR_4(6), STR_3(6), 
 Auto vars:     Size  Location     Type
  f               6    4[BANK0 ] struct _IO_FILE
  ap              2    2[BANK0 ] PTR void [1]
		 -> ?_sprintf(2), 
  ret             2    0        int 
 Return value:  Size  Location     Type
                  2   87[COMRAM] int 
 Registers used:
		wreg, fsr1l, fsr1h, fsr2l, fsr2h, status,2, status,0, tblptrl, tblptrh, tblptru, cstack
 Tracked objects:
		On entry : 
		On exit  : 
		Unchanged: 
 Data sizes:     COMRAM   BANK0   BANK1   BANK2   BANK3   BANK4   BANK5   BANK6   BANK7
      Params:         8       0       0       0       0       0       0       0       0
      Locals:         0      10       0       0       0       0       0       0       0
      Temps:          0       0       0       0       0       0       0       0       0
      Totals:         8      10       0       0       0       0       0       0       0
Total ram usage:       18 bytes
 Hardware stack levels used:    1
 Hardware stack levels required when called:    7
 This function calls:
		_vfprintf
 This function is called by:
		_Print_Hora
		_Print_Minuto
		_Print_Segundo
 This function uses a non-reentrant model


 *************** function _vfprintf *****************
 Defined at:
		line 1390 in file "C:\Program Files\Microchip\xc8\v2.31\pic\sources\c99\common\doprnt.c"
 Parameters:    Size  Location     Type
  fp              2   79[COMRAM] PTR struct _IO_FILE
		 -> sprintf@f(6), 
  fmt             2   81[COMRAM] PTR const unsigned char 
		 -> STR_5(5), STR_4(6), STR_3(6), 
  ap              2   83[COMRAM] PTR PTR void 
		 -> sprintf@ap(2), 
 Auto vars:     Size  Location     Type
  cfmt            2   85[COMRAM] PTR unsigned char 
		 -> STR_5(5), STR_4(6), STR_3(6), 
 Return value:  Size  Location     Type
                  2   79[COMRAM] int 
 Registers used:
		wreg, fsr1l, fsr1h, fsr2l, fsr2h, status,2, status,0, tblptrl, tblptrh, tblptru, cstack
 Tracked objects:
		On entry : 
		On exit  : 
		Unchanged: 
 Data sizes:     COMRAM   BANK0   BANK1   BANK2   BANK3   BANK4   BANK5   BANK6   BANK7
      Params:         6       0       0       0       0       0       0       0       0
      Locals:         2       0       0       0       0       0       0       0       0
      Temps:          0       0       0       0       0       0       0       0       0
      Totals:         8       0       0       0       0       0       0       0       0
Total ram usage:        8 bytes
 Hardware stack levels used:    1
 Hardware stack levels required when called:    6
 This function calls:
		_vfpfcnvrt
 This function is called by:
		_sprintf
 This function uses a non-reentrant model


 *************** function _vfpfcnvrt *****************
 Defined at:
		line 692 in file "C:\Program Files\Microchip\xc8\v2.31\pic\sources\c99\common\doprnt.c"
 Parameters:    Size  Location     Type
  fp              2   63[COMRAM] PTR struct _IO_FILE
		 -> sprintf@f(6), 
  fmt             2   65[COMRAM] PTR PTR unsigned char 
		 -> vfprintf@cfmt(2), 
  ap              2   67[COMRAM] PTR PTR void 
		 -> sprintf@ap(2), 
 Auto vars:     Size  Location     Type
  ll              8   71[COMRAM] long long 
  llu             8    0        unsigned long long 
  f               4    0        unsigned long long 
  vp              3    0        PTR void 
  ct              3    0        unsigned char [3]
  cp              3    0        PTR unsigned char 
  i               2    0        int 
  done            2    0        int 
  c               1    0        unsigned char 
 Return value:  Size  Location     Type
                  2   63[COMRAM] int 
 Registers used:
		wreg, fsr1l, fsr1h, fsr2l, fsr2h, status,2, status,0, tblptrl, tblptrh, tblptru, cstack
 Tracked objects:
		On entry : 
		On exit  : 
		Unchanged: 
 Data sizes:     COMRAM   BANK0   BANK1   BANK2   BANK3   BANK4   BANK5   BANK6   BANK7
      Params:         6       0       0       0       0       0       0       0       0
      Locals:         8       0       0       0       0       0       0       0       0
      Temps:          2       0       0       0       0       0       0       0       0
      Totals:        16       0       0       0       0       0       0       0       0
Total ram usage:       16 bytes
 Hardware stack levels used:    1
 Hardware stack levels required when called:    5
 This function calls:
		_dtoa
		_fputc
 This function is called by:
		_vfprintf
 This function uses a non-reentrant model


 *************** function _dtoa *****************
 Defined at:
		line 287 in file "C:\Program Files\Microchip\xc8\v2.31\pic\sources\c99\common\doprnt.c"
 Parameters:    Size  Location     Type
  fp              2   27[COMRAM] PTR struct _IO_FILE
		 -> sprintf@f(6), 
  d               8   29[COMRAM] long long 
 Auto vars:     Size  Location     Type
  n               8   53[COMRAM] long long 
  i               2   61[COMRAM] int 
  s               2   51[COMRAM] int 
  w               2   49[COMRAM] int 
  p               2   47[COMRAM] int 
 Return value:  Size  Location     Type
                  2   27[COMRAM] int 
 Registers used:
		wreg, fsr1l, fsr1h, fsr2l, fsr2h, status,2, status,0, cstack
 Tracked objects:
		On entry : 
		On exit  : 
		Unchanged: 
 Data sizes:     COMRAM   BANK0   BANK1   BANK2   BANK3   BANK4   BANK5   BANK6   BANK7
      Params:        10       0       0       0       0       0       0       0       0
      Locals:        18       0       0       0       0       0       0       0       0
      Temps:          8       0       0       0       0       0       0       0       0
      Totals:        36       0       0       0       0       0       0       0       0
Total ram usage:       36 bytes
 Hardware stack levels used:    1
 Hardware stack levels required when called:    4
 This function calls:
		___aodiv
		___aomod
		_abs
		_pad
 This function is called by:
		_vfpfcnvrt
 This function uses a non-reentrant model


 *************** function _pad *****************
 Defined at:
		line 72 in file "C:\Program Files\Microchip\xc8\v2.31\pic\sources\c99\common\doprnt.c"
 Parameters:    Size  Location     Type
  fp              2   16[COMRAM] PTR struct _IO_FILE
		 -> sprintf@f(6), 
  buf             2   18[COMRAM] PTR unsigned char 
		 -> dbuf(32), 
  p               2   20[COMRAM] int 
 Auto vars:     Size  Location     Type
  w               2   25[COMRAM] int 
  i               2   23[COMRAM] int 
 Return value:  Size  Location     Type
                  2   16[COMRAM] int 
 Registers used:
		wreg, fsr1l, fsr1h, fsr2l, fsr2h, status,2, status,0, cstack
 Tracked objects:
		On entry : 
		On exit  : 
		Unchanged: 
 Data sizes:     COMRAM   BANK0   BANK1   BANK2   BANK3   BANK4   BANK5   BANK6   BANK7
      Params:         6       0       0       0       0       0       0       0       0
      Locals:         4       0       0       0       0       0       0       0       0
      Temps:          1       0       0       0       0       0       0       0       0
      Totals:        11       0       0       0       0       0       0       0       0
Total ram usage:       11 bytes
 Hardware stack levels used:    1
 Hardware stack levels required when called:    3
 This function calls:
		_fputc
		_fputs
		_strlen
 This function is called by:
		_dtoa
 This function uses a non-reentrant model


 *************** function _strlen *****************
 Defined at:
		line 5 in file "C:\Program Files\Microchip\xc8\v2.31\pic\sources\c99\common\strlen.c"
 Parameters:    Size  Location     Type
  s               2    0[COMRAM] PTR const unsigned char 
		 -> dbuf(32), 
 Auto vars:     Size  Location     Type
  a               2    2[COMRAM] PTR const unsigned char 
		 -> dbuf(32), 
 Return value:  Size  Location     Type
                  2    0[COMRAM] unsigned int 
 Registers used:
		wreg, fsr2l, fsr2h, status,2, status,0
 Tracked objects:
		On entry : 
		On exit  : 
		Unchanged: 
 Data sizes:     COMRAM   BANK0   BANK1   BANK2   BANK3   BANK4   BANK5   BANK6   BANK7
      Params:         2       0       0       0       0       0       0       0       0
      Locals:         2       0       0       0       0       0       0       0       0
      Temps:          0       0       0       0       0       0       0       0       0
      Totals:         4       0       0       0       0       0       0       0       0
Total ram usage:        4 bytes
 Hardware stack levels used:    1
 This function calls:
		Nothing
 This function is called by:
		_pad
 This function uses a non-reentrant model


 *************** function _fputs *****************
 Defined at:
		line 8 in file "C:\Program Files\Microchip\xc8\v2.31\pic\sources\c99\common\nf_fputs.c"
 Parameters:    Size  Location     Type
  s               2    9[COMRAM] PTR const unsigned char 
		 -> dbuf(32), 
  fp              2   11[COMRAM] PTR struct _IO_FILE
		 -> sprintf@f(6), 
 Auto vars:     Size  Location     Type
  i               2   14[COMRAM] int 
  c               1   13[COMRAM] unsigned char 
 Return value:  Size  Location     Type
                  2    9[COMRAM] int 
 Registers used:
		wreg, fsr1l, fsr1h, fsr2l, fsr2h, status,2, status,0, cstack
 Tracked objects:
		On entry : 
		On exit  : 
		Unchanged: 
 Data sizes:     COMRAM   BANK0   BANK1   BANK2   BANK3   BANK4   BANK5   BANK6   BANK7
      Params:         4       0       0       0       0       0       0       0       0
      Locals:         3       0       0       0       0       0       0       0       0
      Temps:          0       0       0       0       0       0       0       0       0
      Totals:         7       0       0       0       0       0       0       0       0
Total ram usage:        7 bytes
 Hardware stack levels used:    1
 Hardware stack levels required when called:    2
 This function calls:
		_fputc
 This function is called by:
		_pad
 This function uses a non-reentrant model


 *************** function _fputc *****************
 Defined at:
		line 8 in file "C:\Program Files\Microchip\xc8\v2.31\pic\sources\c99\common\nf_fputc.c"
 Parameters:    Size  Location     Type
  c               2    0[COMRAM] int 
  fp              2    2[COMRAM] PTR struct _IO_FILE
		 -> sprintf@f(6), 
 Auto vars:     Size  Location     Type
		None
 Return value:  Size  Location     Type
                  2    0[COMRAM] int 
 Registers used:
		wreg, fsr1l, fsr1h, fsr2l, fsr2h, status,2, status,0, cstack
 Tracked objects:
		On entry : 
		On exit  : 
		Unchanged: 
 Data sizes:     COMRAM   BANK0   BANK1   BANK2   BANK3   BANK4   BANK5   BANK6   BANK7
      Params:         4       0       0       0       0       0       0       0       0
      Locals:         0       0       0       0       0       0       0       0       0
      Temps:          5       0       0       0       0       0       0       0       0
      Totals:         9       0       0       0       0       0       0       0       0
Total ram usage:        9 bytes
 Hardware stack levels used:    1
 Hardware stack levels required when called:    1
 This function calls:
		_putch
 This function is called by:
		_pad
		_vfpfcnvrt
		_fputs
 This function uses a non-reentrant model


 *************** function _putch *****************
 Defined at:
		line 7 in file "C:\Program Files\Microchip\xc8\v2.31\pic\sources\c99\common\putch.c"
 Parameters:    Size  Location     Type
  c               1    wreg     unsigned char 
 Auto vars:     Size  Location     Type
  c               1    0[COMRAM] unsigned char 
 Return value:  Size  Location     Type
                  1    wreg      void 
 Registers used:
		wreg
 Tracked objects:
		On entry : 
		On exit  : 
		Unchanged: 
 Data sizes:     COMRAM   BANK0   BANK1   BANK2   BANK3   BANK4   BANK5   BANK6   BANK7
      Params:         0       0       0       0       0       0       0       0       0
      Locals:         0       0       0       0       0       0       0       0       0
      Temps:          0       0       0       0       0       0       0       0       0
      Totals:         0       0       0       0       0       0       0       0       0
Total ram usage:        0 bytes
 Hardware stack levels used:    1
 This function calls:
		Nothing
 This function is called by:
		_fputc
 This function uses a non-reentrant model


 *************** function _abs *****************
 Defined at:
		line 1 in file "C:\Program Files\Microchip\xc8\v2.31\pic\sources\c99\common\abs.c"
 Parameters:    Size  Location     Type
  a               2   18[COMRAM] int 
 Auto vars:     Size  Location     Type
		None
 Return value:  Size  Location     Type
                  2   18[COMRAM] int 
 Registers used:
		wreg, status,2, status,0
 Tracked objects:
		On entry : 
		On exit  : 
		Unchanged: 
 Data sizes:     COMRAM   BANK0   BANK1   BANK2   BANK3   BANK4   BANK5   BANK6   BANK7
      Params:         2       0       0       0       0       0       0       0       0
      Locals:         0       0       0       0       0       0       0       0       0
      Temps:          2       0       0       0       0       0       0       0       0
      Totals:         4       0       0       0       0       0       0       0       0
Total ram usage:        4 bytes
 Hardware stack levels used:    1
 This function calls:
		Nothing
 This function is called by:
		_dtoa
 This function uses a non-reentrant model


 *************** function ___aomod *****************
 Defined at:
		line 9 in file "C:\Program Files\Microchip\xc8\v2.31\pic\sources\c99\common\aomod.c"
 Parameters:    Size  Location     Type
  dividend        8    0[COMRAM] long long 
  divisor         8    8[COMRAM] long long 
 Auto vars:     Size  Location     Type
  sign            1   17[COMRAM] unsigned char 
  counter         1   16[COMRAM] unsigned char 
 Return value:  Size  Location     Type
                  8    0[COMRAM] long long 
 Registers used:
		wreg, status,2, status,0
 Tracked objects:
		On entry : 
		On exit  : 
		Unchanged: 
 Data sizes:     COMRAM   BANK0   BANK1   BANK2   BANK3   BANK4   BANK5   BANK6   BANK7
      Params:        16       0       0       0       0       0       0       0       0
      Locals:         2       0       0       0       0       0       0       0       0
      Temps:          0       0       0       0       0       0       0       0       0
      Totals:        18       0       0       0       0       0       0       0       0
Total ram usage:       18 bytes
 Hardware stack levels used:    1
 This function calls:
		Nothing
 This function is called by:
		_dtoa
 This function uses a non-reentrant model


 *************** function ___aodiv *****************
 Defined at:
		line 9 in file "C:\Program Files\Microchip\xc8\v2.31\pic\sources\c99\common\aodiv.c"
 Parameters:    Size  Location     Type
  dividend        8    0[COMRAM] long long 
  divisor         8    8[COMRAM] long long 
 Auto vars:     Size  Location     Type
  quotient        8   18[COMRAM] long long 
  sign            1   17[COMRAM] unsigned char 
  counter         1   16[COMRAM] unsigned char 
 Return value:  Size  Location     Type
                  8    0[COMRAM] long long 
 Registers used:
		wreg, fsr2l, fsr2h, status,2, status,0
 Tracked objects:
		On entry : 
		On exit  : 
		Unchanged: 
 Data sizes:     COMRAM   BANK0   BANK1   BANK2   BANK3   BANK4   BANK5   BANK6   BANK7
      Params:        16       0       0       0       0       0       0       0       0
      Locals:        10       0       0       0       0       0       0       0       0
      Temps:          0       0       0       0       0       0       0       0       0
      Totals:        26       0       0       0       0       0       0       0       0
Total ram usage:       26 bytes
 Hardware stack levels used:    1
 This function calls:
		Nothing
 This function is called by:
		_dtoa
 This function uses a non-reentrant model


 *************** function _OLED_SPuts *****************
 Defined at:
		line 102 in file "Oled.c"
 Parameters:    Size  Location     Type
  x               2    7[COMRAM] unsigned int 
  y               2    9[COMRAM] unsigned int 
  buffer          2   11[COMRAM] PTR unsigned char 
		 -> Print_Segundo@sms(10), Print_Minuto@sms(10), Print_Hora@sms(10), STR_1(6), 
 Auto vars:     Size  Location     Type
  i               2   20[COMRAM] int 
  xi              2   18[COMRAM] int 
  c               1   17[COMRAM] unsigned char 
  j               2   22[COMRAM] int 
 Return value:  Size  Location     Type
                  1    wreg      void 
 Registers used:
		wreg, fsr1l, fsr1h, status,2, status,0, tblptrl, tblptrh, tblptru, cstack
 Tracked objects:
		On entry : 
		On exit  : 
		Unchanged: 
 Data sizes:     COMRAM   BANK0   BANK1   BANK2   BANK3   BANK4   BANK5   BANK6   BANK7
      Params:         6       0       0       0       0       0       0       0       0
      Locals:         7       0       0       0       0       0       0       0       0
      Temps:          4       0       0       0       0       0       0       0       0
      Totals:        17       0       0       0       0       0       0       0       0
Total ram usage:       17 bytes
 Hardware stack levels used:    1
 Hardware stack levels required when called:    5
 This function calls:
		_I2C_Send
		_I2C_Start
		_I2C_Stop
		_OLEDsetCursor
 This function is called by:
		_Print_Menu
		_Print_Hora
		_Print_Minuto
		_Print_Segundo
 This function uses a non-reentrant model


 *************** function _OLED_NPuts *****************
 Defined at:
		line 74 in file "Oled.c"
 Parameters:    Size  Location     Type
  buffer          2    6[COMRAM] PTR unsigned char 
		 -> STR_2(18), 
 Auto vars:     Size  Location     Type
  i               2   13[COMRAM] int 
  x               2   11[COMRAM] int 
  c               1   10[COMRAM] unsigned char 
 Return value:  Size  Location     Type
                  1    wreg      void 
 Registers used:
		wreg, status,2, status,0, tblptrl, tblptrh, tblptru, prodl, prodh, cstack
 Tracked objects:
		On entry : 
		On exit  : 
		Unchanged: 
 Data sizes:     COMRAM   BANK0   BANK1   BANK2   BANK3   BANK4   BANK5   BANK6   BANK7
      Params:         2       0       0       0       0       0       0       0       0
      Locals:         5       0       0       0       0       0       0       0       0
      Temps:          2       0       0       0       0       0       0       0       0
      Totals:         9       0       0       0       0       0       0       0       0
Total ram usage:        9 bytes
 Hardware stack levels used:    1
 Hardware stack levels required when called:    3
 This function calls:
		_I2C_Send
		_I2C_Start
		_I2C_Stop
		___wmul
 This function is called by:
		_Print_Menu
 This function uses a non-reentrant model


 *************** function ___wmul *****************
 Defined at:
		line 15 in file "C:\Program Files\Microchip\xc8\v2.31\pic\sources\c99\common\Umul16.c"
 Parameters:    Size  Location     Type
  multiplier      2    0[COMRAM] unsigned int 
  multiplicand    2    2[COMRAM] unsigned int 
 Auto vars:     Size  Location     Type
  product         2    4[COMRAM] unsigned int 
 Return value:  Size  Location     Type
                  2    0[COMRAM] unsigned int 
 Registers used:
		wreg, status,2, status,0, prodl, prodh
 Tracked objects:
		On entry : 
		On exit  : 
		Unchanged: 
 Data sizes:     COMRAM   BANK0   BANK1   BANK2   BANK3   BANK4   BANK5   BANK6   BANK7
      Params:         4       0       0       0       0       0       0       0       0
      Locals:         2       0       0       0       0       0       0       0       0
      Temps:          0       0       0       0       0       0       0       0       0
      Totals:         6       0       0       0       0       0       0       0       0
Total ram usage:        6 bytes
 Hardware stack levels used:    1
 This function calls:
		Nothing
 This function is called by:
		_OLED_NPuts
		_OLED_NPut
		_OLED_SPut
 This function uses a non-reentrant model


 *************** function _OLED_Init *****************
 Defined at:
		line 13 in file "Oled.c"
 Parameters:    Size  Location     Type
		None
 Auto vars:     Size  Location     Type
		None
 Return value:  Size  Location     Type
                  1    wreg      void 
 Registers used:
		wreg, status,2, status,0, cstack
 Tracked objects:
		On entry : 
		On exit  : 
		Unchanged: 
 Data sizes:     COMRAM   BANK0   BANK1   BANK2   BANK3   BANK4   BANK5   BANK6   BANK7
      Params:         0       0       0       0       0       0       0       0       0
      Locals:         0       0       0       0       0       0       0       0       0
      Temps:          0       0       0       0       0       0       0       0       0
      Totals:         0       0       0       0       0       0       0       0       0
Total ram usage:        0 bytes
 Hardware stack levels used:    1
 Hardware stack levels required when called:    4
 This function calls:
		_I2C_Init
		_I2C_Stop
		_ssd1306_command
 This function is called by:
		_Print_Menu
 This function uses a non-reentrant model


 *************** function _I2C_Init *****************
 Defined at:
		line 4 in file "i2c.c"
 Parameters:    Size  Location     Type
  speed           1    wreg     unsigned char 
 Auto vars:     Size  Location     Type
  speed           1    0[COMRAM] unsigned char 
 Return value:  Size  Location     Type
                  1    wreg      void 
 Registers used:
		wreg, status,2, status,0
 Tracked objects:
		On entry : 
		On exit  : 
		Unchanged: 
 Data sizes:     COMRAM   BANK0   BANK1   BANK2   BANK3   BANK4   BANK5   BANK6   BANK7
      Params:         0       0       0       0       0       0       0       0       0
      Locals:         1       0       0       0       0       0       0       0       0
      Temps:          0       0       0       0       0       0       0       0       0
      Totals:         1       0       0       0       0       0       0       0       0
Total ram usage:        1 bytes
 Hardware stack levels used:    1
 This function calls:
		Nothing
 This function is called by:
		_OLED_Init
 This function uses a non-reentrant model


 *************** function _OLEDClear *****************
 Defined at:
		line 136 in file "Oled.c"
 Parameters:    Size  Location     Type
		None
 Auto vars:     Size  Location     Type
  i               2    7[COMRAM] int 
 Return value:  Size  Location     Type
                  1    wreg      void 
 Registers used:
		wreg, status,2, status,0, cstack
 Tracked objects:
		On entry : 
		On exit  : 
		Unchanged: 
 Data sizes:     COMRAM   BANK0   BANK1   BANK2   BANK3   BANK4   BANK5   BANK6   BANK7
      Params:         0       0       0       0       0       0       0       0       0
      Locals:         2       0       0       0       0       0       0       0       0
      Temps:          0       0       0       0       0       0       0       0       0
      Totals:         2       0       0       0       0       0       0       0       0
Total ram usage:        2 bytes
 Hardware stack levels used:    1
 Hardware stack levels required when called:    5
 This function calls:
		_I2C_Send
		_I2C_Start
		_I2C_Stop
		_OLEDsetCursor
 This function is called by:
		_Print_Menu
 This function uses a non-reentrant model


 *************** function _OLEDsetCursor *****************
 Defined at:
		line 57 in file "Oled.c"
 Parameters:    Size  Location     Type
  x               2    3[COMRAM] unsigned int 
  y               2    5[COMRAM] unsigned int 
 Auto vars:     Size  Location     Type
		None
 Return value:  Size  Location     Type
                  1    wreg      void 
 Registers used:
		wreg, status,2, cstack
 Tracked objects:
		On entry : 
		On exit  : 
		Unchanged: 
 Data sizes:     COMRAM   BANK0   BANK1   BANK2   BANK3   BANK4   BANK5   BANK6   BANK7
      Params:         4       0       0       0       0       0       0       0       0
      Locals:         0       0       0       0       0       0       0       0       0
      Temps:          0       0       0       0       0       0       0       0       0
      Totals:         4       0       0       0       0       0       0       0       0
Total ram usage:        4 bytes
 Hardware stack levels used:    1
 Hardware stack levels required when called:    4
 This function calls:
		_ssd1306_command
 This function is called by:
		_Print_Menu
		_OLED_SPuts
		_OLEDClear
 This function uses a non-reentrant model


 *************** function _ssd1306_command *****************
 Defined at:
		line 4 in file "Oled.c"
 Parameters:    Size  Location     Type
  command         1    wreg     unsigned char 
 Auto vars:     Size  Location     Type
  command         1    1[COMRAM] unsigned char 
  control         1    0        unsigned char 
 Return value:  Size  Location     Type
                  1    wreg      void 
 Registers used:
		wreg, status,2, cstack
 Tracked objects:
		On entry : 
		On exit  : 
		Unchanged: 
 Data sizes:     COMRAM   BANK0   BANK1   BANK2   BANK3   BANK4   BANK5   BANK6   BANK7
      Params:         0       0       0       0       0       0       0       0       0
      Locals:         2       0       0       0       0       0       0       0       0
      Temps:          0       0       0       0       0       0       0       0       0
      Totals:         2       0       0       0       0       0       0       0       0
Total ram usage:        2 bytes
 Hardware stack levels used:    1
 Hardware stack levels required when called:    3
 This function calls:
		_I2C_Send
		_I2C_Start
		_I2C_Stop
 This function is called by:
		_OLED_Init
		_OLEDsetCursor
 This function uses a non-reentrant model


 *************** function _I2C_Start *****************
 Defined at:
		line 37 in file "i2c.c"
 Parameters:    Size  Location     Type
		None
 Auto vars:     Size  Location     Type
		None
 Return value:  Size  Location     Type
                  1    wreg      void 
 Registers used:
		None
 Tracked objects:
		On entry : 
		On exit  : 
		Unchanged: 
 Data sizes:     COMRAM   BANK0   BANK1   BANK2   BANK3   BANK4   BANK5   BANK6   BANK7
      Params:         0       0       0       0       0       0       0       0       0
      Locals:         0       0       0       0       0       0       0       0       0
      Temps:          0       0       0       0       0       0       0       0       0
      Totals:         0       0       0       0       0       0       0       0       0
Total ram usage:        0 bytes
 Hardware stack levels used:    1
 This function calls:
		Nothing
 This function is called by:
		_ssd1306_command
		_OLED_NPuts
		_OLED_SPuts
		_OLEDClear
		_OLED_Write
		_OLED_NPut
		_OLED_SPut
 This function uses a non-reentrant model


 *************** function _I2C_Send *****************
 Defined at:
		line 88 in file "i2c.c"
 Parameters:    Size  Location     Type
  data            1    wreg     unsigned char 
 Auto vars:     Size  Location     Type
  data            1    0[COMRAM] unsigned char 
 Return value:  Size  Location     Type
                  1    wreg      void 
 Registers used:
		wreg, cstack
 Tracked objects:
		On entry : 
		On exit  : 
		Unchanged: 
 Data sizes:     COMRAM   BANK0   BANK1   BANK2   BANK3   BANK4   BANK5   BANK6   BANK7
      Params:         0       0       0       0       0       0       0       0       0
      Locals:         1       0       0       0       0       0       0       0       0
      Temps:          0       0       0       0       0       0       0       0       0
      Totals:         1       0       0       0       0       0       0       0       0
Total ram usage:        1 bytes
 Hardware stack levels used:    1
 Hardware stack levels required when called:    2
 This function calls:
		_I2C_Wait
 This function is called by:
		_ssd1306_command
		_OLED_NPuts
		_OLED_SPuts
		_OLEDClear
		_OLED_Write
		_OLED_NPut
		_OLED_SPut
 This function uses a non-reentrant model


 *************** function _I2C_Wait *****************
 Defined at:
		line 72 in file "i2c.c"
 Parameters:    Size  Location     Type
		None
 Auto vars:     Size  Location     Type
		None
 Return value:  Size  Location     Type
                  1    wreg      void 
 Registers used:
		cstack
 Tracked objects:
		On entry : 
		On exit  : 
		Unchanged: 
 Data sizes:     COMRAM   BANK0   BANK1   BANK2   BANK3   BANK4   BANK5   BANK6   BANK7
      Params:         0       0       0       0       0       0       0       0       0
      Locals:         0       0       0       0       0       0       0       0       0
      Temps:          0       0       0       0       0       0       0       0       0
      Totals:         0       0       0       0       0       0       0       0       0
Total ram usage:        0 bytes
 Hardware stack levels used:    1
 Hardware stack levels required when called:    1
 This function calls:
		_I2C_Stop
 This function is called by:
		_I2C_Send
		_I2C_Read
 This function uses a non-reentrant model


 *************** function _I2C_Stop *****************
 Defined at:
		line 61 in file "i2c.c"
 Parameters:    Size  Location     Type
		None
 Auto vars:     Size  Location     Type
		None
 Return value:  Size  Location     Type
                  1    wreg      void 
 Registers used:
		None
 Tracked objects:
		On entry : 
		On exit  : 
		Unchanged: 
 Data sizes:     COMRAM   BANK0   BANK1   BANK2   BANK3   BANK4   BANK5   BANK6   BANK7
      Params:         0       0       0       0       0       0       0       0       0
      Locals:         0       0       0       0       0       0       0       0       0
      Temps:          0       0       0       0       0       0       0       0       0
      Totals:         0       0       0       0       0       0       0       0       0
Total ram usage:        0 bytes
 Hardware stack levels used:    1
 This function calls:
		Nothing
 This function is called by:
		_ssd1306_command
		_OLED_Init
		_OLED_NPuts
		_OLED_SPuts
		_OLEDClear
		_I2C_Wait
		_OLED_Write
		_OLED_NPut
		_OLED_SPut
		_I2C_Read
 This function uses a non-reentrant model



MODULE INFORMATION

Module		Function		Class		Link	Load	Size
C:\Program Files\Microchip\xc8\v2.31\pic\sources\c99\common\putch.c
		_putch         		CODE           	5F44	0000	2

C:\Program Files\Microchip\xc8\v2.31\pic\sources\c99\common\putch.c estimated size: 2

C:\Program Files\Microchip\xc8\v2.31\pic\sources\c99\common\nf_fputs.c
		_fputs         		CODE           	616E	0000	68

C:\Program Files\Microchip\xc8\v2.31\pic\sources\c99\common\nf_fputs.c estimated size: 68

C:\Program Files\Microchip\xc8\v2.31\pic\sources\c99\common\aomod.c
		___aomod       		CODE           	691A	0000	356

C:\Program Files\Microchip\xc8\v2.31\pic\sources\c99\common\aomod.c estimated size: 356

i2c.c
		_I2C_Stop      		CODE           	5F4C	0000	18
		_I2C_Wait      		CODE           	5FA8	0000	34
		_I2C_Init      		CODE           	6016	0000	40
		_I2C_Send      		CODE           	5F70	0000	26
		_I2C_Start     		CODE           	5F5E	0000	18

i2c.c estimated size: 136

C:\Program Files\Microchip\xc8\v2.31\pic\sources\c99\common\abs.c
		_abs           		CODE           	60AA	0000	64

C:\Program Files\Microchip\xc8\v2.31\pic\sources\c99\common\abs.c estimated size: 64

C:\Program Files\Microchip\xc8\v2.31\pic\sources\c99\common\strlen.c
		_strlen        		CODE           	603E	0000	54

C:\Program Files\Microchip\xc8\v2.31\pic\sources\c99\common\strlen.c estimated size: 54

C:\Program Files\Microchip\xc8\v2.31\pic\sources\c99\common\lwmod.c
		___lwmod       		CODE           	630C	0000	100

C:\Program Files\Microchip\xc8\v2.31\pic\sources\c99\common\lwmod.c estimated size: 100

Oled.c
		_ssd1306_command		CODE           	5F8A	0000	30
		_OLED_SPuts    		CODE           	67B6	0000	356
		_OLED_Init     		CODE           	64BE	0000	168
		_OLEDClear     		CODE           	6256	0000	84
		_OLED_NPuts    		CODE           	6566	0000	192
		_OLEDsetCursor 		CODE           	5FCA	0000	38

Oled.c estimated size: 868

C:\Program Files\Microchip\xc8\v2.31\pic\sources\c99\common\aodiv.c
		___aodiv       		CODE           	6A7E	0000	392

C:\Program Files\Microchip\xc8\v2.31\pic\sources\c99\common\aodiv.c estimated size: 392

C:\Program Files\Microchip\xc8\v2.31\pic\sources\c99\common\nf_fputc.c
		_fputc         		CODE           	66EC	0000	202

C:\Program Files\Microchip\xc8\v2.31\pic\sources\c99\common\nf_fputc.c estimated size: 202

shared
		_barras        		MEDIUMCONST    	7FD4	0000	8
		_TINY_FONTS    		MEDIUMCONST    	7EB7	0000	285
		_BIG_FONTS     		MEDIUMCONST    	709D	0000	3040
		__initialization		CODE           	6074	0000	44
		_SMALL_FONTS   		MEDIUMCONST    	7C7D	0000	570

shared estimated size: 3947

C:\Program Files\Microchip\xc8\v2.31\pic\sources\c99\common\lwdiv.c
		___lwdiv       		CODE           	644A	0000	116

C:\Program Files\Microchip\xc8\v2.31\pic\sources\c99\common\lwdiv.c estimated size: 116

C:\Program Files\Microchip\xc8\v2.31\pic\sources\c99\common\doprnt.c
		_vfpfcnvrt     		CODE           	6C06	0000	436
		_pad           		CODE           	6626	0000	198
		_dtoa          		CODE           	6DBA	0000	738
		_vfprintf      		CODE           	62AA	0000	98

C:\Program Files\Microchip\xc8\v2.31\pic\sources\c99\common\doprnt.c estimated size: 1470

C:\Program Files\Microchip\xc8\v2.31\pic\sources\c99\common\nf_sprintf.c
		_sprintf       		CODE           	61B2	0000	82

C:\Program Files\Microchip\xc8\v2.31\pic\sources\c99\common\nf_sprintf.c estimated size: 82

C:\Program Files\Microchip\xc8\v2.31\pic\sources\c99\common\Umul16.c
		___wmul        		CODE           	5FF0	0000	38

C:\Program Files\Microchip\xc8\v2.31\pic\sources\c99\common\Umul16.c estimated size: 38

main.c
		_Print_Minuto  		CODE           	612C	0000	66
		_Print_Segundo 		CODE           	6370	0000	106
		_main          		CODE           	63DA	0000	112
		_Print_Hora    		CODE           	60EA	0000	66
		_Print_Menu    		CODE           	6204	0000	82

main.c estimated size: 432

