Microchip MPLAB XC8 Compiler V2.32

Linker command line:

-W-3 --edf=C:\Program Files\Microchip\xc8\v2.32\pic\dat\en_msgs.txt -cn \
  -h+dist/default/production\PIC18F4550_Registro.X.production.sym \
  --cmf=dist/default/production\PIC18F4550_Registro.X.production.cmf -z \
  -Q18F4550 -oC:\Users\USUARIO\AppData\Local\Temp\xcAshb8.4 \
  --defsym=__MPLAB_BUILD=1 \
  -Mdist/default/production/PIC18F4550_Registro.X.production.map -E1 \
  -ver=XC8 Compiler --acfsm=1493 -ASTACK=0F6h-07FFh -pstack=STACK \
  -ACODE=00h-07FFFh -ACONST=00h-07FFFh -ASMALLCONST=0800h-08FFhx120 \
  -AMEDIUMCONST=0800h-07FFFh -ACOMRAM=01h-05Fh -AABS1=00h-07FFh \
  -ABIGRAM=01h-07FFh -ARAM=060h-0FFh,0100h-01FFhx7 -ABANK0=060h-0FFh \
  -ABANK1=0100h-01FFh -ABANK2=0200h-02FFh -ABANK3=0300h-03FFh \
  -ABANK4=0400h-04FFh -ABANK5=0500h-05FFh -ABANK6=0600h-06FFh \
  -ABANK7=0700h-07FFh -ASFR=0F60h-0FFFh -ACONFIG=0300000h-030000Dh \
  -AIDLOC=0200000h-0200007h -AEEDATA=0F00000h-0F000FFh -peeprom_data=EEDATA \
  -preset_vec=00h,intcode=08h,intcodelo,powerup,init -pramtop=0800h \
  -psmallconst=SMALLCONST -pmediumconst=MEDIUMCONST -pconst=CONST \
  -AFARRAM=00h-00h \
  -prdata=COMRAM,nvrram=COMRAM,nvbit=COMRAM,rbss=COMRAM,rbit=COMRAM \
  -pfarbss=FARRAM,fardata=FARRAM,nvFARRAM=FARRAM \
  -pintsave_regs=BIGRAM,bigbss=BIGRAM,bigdata=BIGRAM -pbss=RAM \
  -pidata=CODE,irdata=CODE,ibigdata=CODE,ifardata=CODE -prparam=COMRAM \
  C:\Users\USUARIO\AppData\Local\Temp\xcAshb8.o \
  dist/default/production\PIC18F4550_Registro.X.production.o 

Object code version is 3.11

Machine type is 18F4550



                Name                               Link     Load   Length Selector   Space Scale
C:\Users\USUARIO\AppData\Local\Temp\xcAshb8.o
                idloc                            200000   200000        8        0       5
                config                           300000   300000        E        0       4
                init                                  E        E        4        4       0
                reset_vec                             0        0        4        0       0
dist/default/production\PIC18F4550_Registro.X.production.o
                intcode                               8        8        6        4       0
                idloc                            200000   200000        8        0       5
                config                           300000   300000        E        0       4
                temp                                 5F       5F        1        1       1
                mediumconst                        704E     704E      FB2     3827       0
                intcode_body                       35CA     35CA       46        4       0
                text88                             3B14     3B14       12        4       0
                text87                             39DA     39DA       22        4       0
                text86                             37E8     37E8       32        4       0
                text85                             3B02     3B02       12        4       0
                text84                             3A6A     3A6A       1A        4       0
                text83                             3AF0     3AF0       12        4       0
                text82                             3876     3876       2A        4       0
                text81                             377A     377A       38        4       0
                text80                             381A     381A       30        4       0
                text79                             2EC6     2EC6       74        4       0
                text78                             3212     3212       64        4       0
                text77                             353A     353A       4A        4       0
                text76                             39B4     39B4       26        4       0
                text75                             15B8     15B8      1AA        4       0
                text74                             36D0     36D0       3A        4       0
                text73                             2AAC     2AAC       AC        4       0
                text72                             2E4A     2E4A       7C        4       0
                text71                             3A50     3A50       1A        4       0
                text70                             3A84     3A84       18        4       0
                text69                             2C00     2C00       A0        4       0
                text68                              DF8      DF8      28E        4       0
                text67                             33EA     33EA       58        4       0
                text66                             2948     2948       B4        4       0
                text65                             3742     3742       38        4       0
                text64                             31AA     31AA       68        4       0
                text63                             3940     3940       28        4       0
                text62                             18F0     18F0      18E        4       0
                text61                             3AC8     3AC8       16        4       0
                text60                             398E     398E       26        4       0
                text59                             3336     3336       5C        4       0
                text58                             3B26     3B26        E        4       0
                text57                             32D8     32D8       5E        4       0
                text56                             2DC8     2DC8       82        4       0
                text55                             27C4     27C4       C4        4       0
                text54                             29FC     29FC       B0        4       0
                text53                             3AB2     3AB2       16        4       0
                text52                             1A7E     1A7E      188        4       0
                text51                             1EDC     1EDC      164        4       0
                text50                             3654     3654       40        4       0
                text49                             3B4C     3B4C        2     1DA6       0
                text48                             2634     2634       CA        4       0
                text47                             3610     3610       44        4       0
                text46                             37B2     37B2       36        4       0
                text45                             26FE     26FE       C6        4       0
                text44                              86C      86C      2E2        4       0
                text43                             1404     1404      1B4        4       0
                text42                             3276     3276       62        4       0
                text41                             34E8     34E8       52        4       0
                text40                             1762     1762      18E        4       0
                text39                             1D72     1D72      16A        4       0
                text38                             2462     2462       F4        4       0
                text37                             3B34     3B34        C        4       0
                text36                             3ADE     3ADE       12        4       0
                text35                             3A36     3A36       1A        4       0
                text34                             3392     3392       58        4       0
                text33                             3918     3918       28        4       0
                text32                             39FC     39FC       1E        4       0
                text31                             2B58     2B58       A8        4       0
                text30                             3968     3968       26        4       0
                text29                             3442     3442       54        4       0
                text28                             2888     2888       C0        4       0
                text27                             1C06     1C06      16C        4       0
                text26                             3142     3142       68        4       0
                text25                             30DA     30DA       68        4       0
                text24                             3072     3072       68        4       0
                text23                             2040     2040      112        4       0
                text22                             3496     3496       52        4       0
                text21                             3A1A     3A1A       1C        4       0
                text20                              4D2      4D2      39A        4       0
                text19                             235E     235E      104        4       0
                text18                               12       12      4C0        4       0
                text17                             3584     3584       46        4       0
                text16                             2258     2258      106        4       0
                text15                             1250     1250      1B4        4       0
                text14                             1086     1086      1CA        4       0
                text13                             3A9C     3A9C       16        4       0
                text12                             2D3A     2D3A       8E        4       0
                text11                             38F0     38F0       28        4       0
                text10                             38C8     38C8       28        4       0
                text9                              38A0     38A0       28        4       0
                text8                              384A     384A       2C        4       0
                text7                              300A     300A       68        4       0
                text6                              2FA2     2FA2       68        4       0
                text5                              2F3A     2F3A       68        4       0
                text4                              2152     2152      106        4       0
                text3                              370A     370A       38        4       0
                text2                              2CA0     2CA0       9A        4       0
                text1                               B4E      B4E      2AA        4       0
                text0                              2556     2556       DE        4       0
                cstackCOMRAM                          1        1       5D        1       1
                cstackBANK0                          D9       D9       12       60       1
                dataBANK0                            EB       EB        B       60       1
                bssBANK0                             60       60       79       60       1
                bssCOMRAM                            5E       5E        1        1       1
                cinit                              3694     3694       3C        4       0
                idataBANK0                         3B40     3B40        B        4       0

TOTAL           Name                               Link     Load   Length     Space
        CLASS   STACK          

        CLASS   CODE           
                intcode                               8        8        6         0
                init                                  E        E        4         0
                reset_vec                             0        0        4         0
                intcode_body                       35CA     35CA       46         0
                text88                             3B14     3B14       12         0
                text87                             39DA     39DA       22         0
                text86                             37E8     37E8       32         0
                text85                             3B02     3B02       12         0
                text84                             3A6A     3A6A       1A         0
                text83                             3AF0     3AF0       12         0
                text82                             3876     3876       2A         0
                text81                             377A     377A       38         0
                text80                             381A     381A       30         0
                text79                             2EC6     2EC6       74         0
                text78                             3212     3212       64         0
                text77                             353A     353A       4A         0
                text76                             39B4     39B4       26         0
                text75                             15B8     15B8      1AA         0
                text74                             36D0     36D0       3A         0
                text73                             2AAC     2AAC       AC         0
                text72                             2E4A     2E4A       7C         0
                text71                             3A50     3A50       1A         0
                text70                             3A84     3A84       18         0
                text69                             2C00     2C00       A0         0
                text68                              DF8      DF8      28E         0
                text67                             33EA     33EA       58         0
                text66                             2948     2948       B4         0
                text65                             3742     3742       38         0
                text64                             31AA     31AA       68         0
                text63                             3940     3940       28         0
                text62                             18F0     18F0      18E         0
                text61                             3AC8     3AC8       16         0
                text60                             398E     398E       26         0
                text59                             3336     3336       5C         0
                text58                             3B26     3B26        E         0
                text57                             32D8     32D8       5E         0
                text56                             2DC8     2DC8       82         0
                text55                             27C4     27C4       C4         0
                text54                             29FC     29FC       B0         0
                text53                             3AB2     3AB2       16         0
                text52                             1A7E     1A7E      188         0
                text51                             1EDC     1EDC      164         0
                text50                             3654     3654       40         0
                text49                             3B4C     3B4C        2         0
                text48                             2634     2634       CA         0
                text47                             3610     3610       44         0
                text46                             37B2     37B2       36         0
                text45                             26FE     26FE       C6         0
                text44                              86C      86C      2E2         0
                text43                             1404     1404      1B4         0
                text42                             3276     3276       62         0
                text41                             34E8     34E8       52         0
                text40                             1762     1762      18E         0
                text39                             1D72     1D72      16A         0
                text38                             2462     2462       F4         0
                text37                             3B34     3B34        C         0
                text36                             3ADE     3ADE       12         0
                text35                             3A36     3A36       1A         0
                text34                             3392     3392       58         0
                text33                             3918     3918       28         0
                text32                             39FC     39FC       1E         0
                text31                             2B58     2B58       A8         0
                text30                             3968     3968       26         0
                text29                             3442     3442       54         0
                text28                             2888     2888       C0         0
                text27                             1C06     1C06      16C         0
                text26                             3142     3142       68         0
                text25                             30DA     30DA       68         0
                text24                             3072     3072       68         0
                text23                             2040     2040      112         0
                text22                             3496     3496       52         0
                text21                             3A1A     3A1A       1C         0
                text20                              4D2      4D2      39A         0
                text19                             235E     235E      104         0
                text18                               12       12      4C0         0
                text17                             3584     3584       46         0
                text16                             2258     2258      106         0
                text15                             1250     1250      1B4         0
                text14                             1086     1086      1CA         0
                text13                             3A9C     3A9C       16         0
                text12                             2D3A     2D3A       8E         0
                text11                             38F0     38F0       28         0
                text10                             38C8     38C8       28         0
                text9                              38A0     38A0       28         0
                text8                              384A     384A       2C         0
                text7                              300A     300A       68         0
                text6                              2FA2     2FA2       68         0
                text5                              2F3A     2F3A       68         0
                text4                              2152     2152      106         0
                text3                              370A     370A       38         0
                text2                              2CA0     2CA0       9A         0
                text1                               B4E      B4E      2AA         0
                text0                              2556     2556       DE         0
                cinit                              3694     3694       3C         0
                idataBANK0                         3B40     3B40        B         0

        CLASS   CONST          

        CLASS   SMALLCONST     

        CLASS   MEDIUMCONST    
                mediumconst                        704E     704E      FB2         0

        CLASS   COMRAM         
                temp                                 5F       5F        1         1
                cstackCOMRAM                          1        1       5D         1
                bssCOMRAM                            5E       5E        1         1

        CLASS   ABS1           

        CLASS   BIGRAM         

        CLASS   RAM            

        CLASS   BANK0          
                cstackBANK0                          D9       D9       12         1
                dataBANK0                            EB       EB        B         1
                bssBANK0                             60       60       79         1

        CLASS   BANK1          

        CLASS   BANK2          

        CLASS   BANK3          

        CLASS   BANK4          

        CLASS   BANK5          

        CLASS   BANK6          

        CLASS   BANK7          

        CLASS   SFR            

        CLASS   CONFIG         
                config                           300000   300000        E         4

        CLASS   IDLOC          
                idloc                            200000   200000        8         5

        CLASS   EEDATA         

        CLASS   FARRAM         



SEGMENTS        Name                           Load    Length   Top    Selector   Space  Class

                reset_vec                      000000  000004  000004         0       0  CODE    
                cstackCOMRAM                   000001  00005F  000060         1       1  COMRAM  
                intcode                        000008  003B43  003B4B         4       0  CODE    
                bssBANK0                       000060  000096  0000F6        60       1  BANK0   
                text49                         003B4C  000002  003B4E      1DA6       0  CODE    
                mediumconst                    00704E  000FB2  008000      3827       0  MEDIUMCO


UNUSED ADDRESS RANGES

        Name                Unused          Largest block    Delta
        BANK0            0000F6-0000FF                A
        BANK1            000100-0001FF              100
        BANK2            000200-0002FF              100
        BANK3            000300-0003FF              100
        BANK4            000400-0004FF              100
        BANK5            000500-0005FF              100
        BANK6            000600-0006FF              100
        BANK7            000700-0007FF              100
        BIGRAM           0000F6-0007FF              70A
        CODE             000004-000007                4
                         003B4B-003B4B                1
                         003B4E-00704D             3500
        CONST            000004-000007                4
                         003B4B-003B4B                1
                         003B4E-00704D             3500
        EEDATA           F00000-F000FF              100
        MEDIUMCONST      003B4B-003B4B                1
                         003B4E-00704D             3500
        RAM              0000F6-0007FF              100
        SFR              000F60-000FFF               A0
        SMALLCONST       003B4B-003B4B                1
                         003B4E-00704D              100
        STACK            0000F6-0007FF              70A

                                  Symbol Table

?_EEPROM_getRegistro             cstackCOMRAM 00000A
?_Registro_busqueda              cstackCOMRAM 000011
?___aodiv                        cstackCOMRAM 000001
?___aomod                        cstackCOMRAM 000001
?___awdiv                        cstackCOMRAM 000001
?___awmod                        cstackCOMRAM 000001
?___fladd                        cstackCOMRAM 000001
?___fldiv                        cstackCOMRAM 000001
?___flsub                        cstackCOMRAM 000011
?___fltol                        cstackCOMRAM 000001
?___lwdiv                        cstackCOMRAM 000001
?___lwmod                        cstackCOMRAM 000001
?___wmul                         cstackCOMRAM 000001
?___xxtofl                       cstackCOMRAM 000001
?_abs                            cstackCOMRAM 000013
?_dtoa                           cstackCOMRAM 00001C
?_pad                            cstackCOMRAM 000011
?_sprintf                        cstackBANK0  0000D9
?_strlen                         cstackCOMRAM 000001
?_vfpfcnvrt                      cstackCOMRAM 000040
?_vfprintf                       cstackCOMRAM 000050
CHECK_TAG@i                      cstackCOMRAM 00005A
CHECK_TAG@valor                  cstackCOMRAM 000058
EEPROM_Read@add                  cstackCOMRAM 000007
EEPROM_Read@temp                 cstackCOMRAM 000009
EEPROM_Write@add                 cstackCOMRAM 000008
EEPROM_Write@data                cstackCOMRAM 00000A
EEPROM_getRegistro@registro      cstackCOMRAM 00000F
EEPROM_setRegistro@registro      cstackCOMRAM 00000C
Guarda_ID@registro               cstackCOMRAM 000011
I2C_Init@speed                   cstackCOMRAM 000001
I2C_Read@temp                    cstackCOMRAM 000001
I2C_Read_DS@ack                  cstackCOMRAM 000002
I2C_Read_DS@data                 cstackCOMRAM 000003
I2C_Send@data                    cstackCOMRAM 000001
I2C_Write_DS@i2c_data            cstackCOMRAM 000002
MFRC522_AntiColl@_status         cstackCOMRAM 000026
MFRC522_AntiColl@i               cstackCOMRAM 000027
MFRC522_AntiColl@serNum          cstackCOMRAM 000020
MFRC522_AntiColl@serNumCheck     cstackCOMRAM 000023
MFRC522_AntiColl@unLen           cstackCOMRAM 000024
MFRC522_CRC@dataIn               cstackCOMRAM 00000D
MFRC522_CRC@dataOut              cstackCOMRAM 000010
MFRC522_CRC@i                    cstackCOMRAM 000013
MFRC522_CRC@length               cstackCOMRAM 00000F
MFRC522_CRC@n                    cstackCOMRAM 000012
MFRC522_Clear_Bit@addr           cstackCOMRAM 00000C
MFRC522_Clear_Bit@mask           cstackCOMRAM 00000A
MFRC522_Clear_Bit@tmp            cstackCOMRAM 00000B
MFRC522_Clear_UID@j              cstackCOMRAM 000003
MFRC522_Clear_UID@u_i            cstackCOMRAM 000001
MFRC522_Halt@buff                cstackCOMRAM 000020
MFRC522_Halt@unLen               cstackCOMRAM 000024
MFRC522_Rd@Address               cstackCOMRAM 000003
MFRC522_Rd@i                     cstackCOMRAM 000008
MFRC522_Rd@ucAddr                cstackCOMRAM 000004
MFRC522_Rd@ucResult              cstackCOMRAM 000006
MFRC522_ReadCardSerial@_status   cstackCOMRAM 00002A
MFRC522_ReadCardSerial@str       cstackCOMRAM 000028
MFRC522_Request@TagType          cstackCOMRAM 000020
MFRC522_Request@_status          cstackCOMRAM 000023
MFRC522_Request@backBits         cstackCOMRAM 000024
MFRC522_Request@reqMode          cstackCOMRAM 000022
MFRC522_Set_Bit@addr             cstackCOMRAM 00000C
MFRC522_Set_Bit@mask             cstackCOMRAM 00000A
MFRC522_Set_Bit@tmp              cstackCOMRAM 00000B
MFRC522_ToCard@_status           cstackCOMRAM 000019
MFRC522_ToCard@backData          cstackCOMRAM 000010
MFRC522_ToCard@backLen           cstackCOMRAM 000012
MFRC522_ToCard@command           cstackCOMRAM 00001C
MFRC522_ToCard@i                 cstackCOMRAM 00001D
MFRC522_ToCard@irqEn             cstackCOMRAM 00001B
MFRC522_ToCard@lastBits          cstackCOMRAM 00001A
MFRC522_ToCard@n                 cstackCOMRAM 00001F
MFRC522_ToCard@sendData          cstackCOMRAM 00000D
MFRC522_ToCard@sendLen           cstackCOMRAM 00000F
MFRC522_ToCard@waitIRq           cstackCOMRAM 000018
MFRC522_Wr@Address               cstackCOMRAM 000002
MFRC522_Wr@i                     cstackCOMRAM 000004
MFRC522_Wr@ucAddr                cstackCOMRAM 000003
MFRC522_Wr@value                 cstackCOMRAM 000001
MFRC522_isCard@TagType           cstackCOMRAM 000026
Muestra_ID@valor                 cstackCOMRAM 00000A
OLEDClear@i                      cstackCOMRAM 000007
OLED_NPuts@buffer                cstackCOMRAM 000007
OLED_NPuts@c                     cstackCOMRAM 00000B
OLED_NPuts@i                     cstackCOMRAM 00000E
OLED_NPuts@x                     cstackCOMRAM 00000C
OLED_SPuts@buffer                cstackCOMRAM 00000B
OLED_SPuts@c                     cstackCOMRAM 000013
OLED_SPuts@i                     cstackCOMRAM 000016
OLED_SPuts@j                     cstackCOMRAM 000018
OLED_SPuts@valve                 cstackCOMRAM 000011
OLED_SPuts@x                     cstackCOMRAM 000007
OLED_SPuts@xi                    cstackCOMRAM 000014
OLED_SPuts@y                     cstackCOMRAM 000009
OLEDsetCursor@x                  cstackCOMRAM 000003
OLEDsetCursor@y                  cstackCOMRAM 000005
Print_Ticket@valor               cstackBANK0  0000E9
Registro_busqueda@datox          cstackCOMRAM 000015
Registro_busqueda@i              cstackCOMRAM 000016
Registro_busqueda@registro       cstackCOMRAM 000013
UART_Begin@aux                   cstackCOMRAM 00002D
UART_Begin@aux2                  cstackCOMRAM 000029
UART_Begin@baud                  cstackCOMRAM 000025
UART_Print@buffer                cstackCOMRAM 000002
UART_Println@buffer              cstackCOMRAM 000002
UART_Write@data                  cstackCOMRAM 000001
_ACKDT                           (abs)        007E2D
_ACKEN                           (abs)        007E2C
_ADCON1                          (abs)        000FC1
_Aux                             bssBANK0     000088
_BAUDCONbits                     (abs)        000FB8
_BIG_FONTS                       mediumconst  00704F
_CHECK_TAG                       text38       002462
_EEPROM_Read                     text82       003876
_EEPROM_Write                    text80       00381A
_EEPROM_getRegistro              text81       00377A
_EEPROM_setRegistro              text77       00353A
_FOUNT                           bssBANK0     0000A4
_Font_Big                        text60       00398E
_Font_Normal                     text59       003336
_Guarda_ID                       text75       0015B8
_Hora                            dataBANK0    0000F5
_Horax                           bssBANK0     0000A3
_I2C_Init                        text33       003918
_I2C_Read                        text86       0037E8
_I2C_Read_DS                     text12       002D3A
_I2C_Repeated_Start_DS           text11       0038F0
_I2C_Restart                     text85       003B02
_I2C_Send                        text84       003A6A
_I2C_Start                       text83       003AF0
_I2C_Start_DS                    text10       0038C8
_I2C_Stop                        text88       003B14
_I2C_Stop_DS                     text9        0038A0
_I2C_Wait                        text87       0039DA
_I2C_Write_DS                    text8        00384A
_INTCONbits                      (abs)        000FF2
_LATCbits                        (abs)        000F8B
_LATDbits                        (abs)        000F8C
_MFRC522_AntennaOff              text37       003B34
_MFRC522_AntennaOn               text36       003ADE
_MFRC522_AntiColl                text66       002948
_MFRC522_CRC                     text69       002C00
_MFRC522_Clear_Bit               text71       003A50
_MFRC522_Clear_UID               text74       0036D0
_MFRC522_Halt                    text67       0033EA
_MFRC522_Init                    text34       003392
_MFRC522_Rd                      text73       002AAC
_MFRC522_ReadCardSerial          text65       003742
_MFRC522_Request                 text64       0031AA
_MFRC522_Reset                   text35       003A36
_MFRC522_Set_Bit                 text70       003A84
_MFRC522_ToCard                  text68       000DF8
_MFRC522_Wr                      text72       002E4A
_MFRC522_isCard                  text63       003940
_Minuto                          dataBANK0    0000F4
_Minutox                         bssBANK0     0000A2
_Muestra_ID                      text62       0018F0
_New_Line                        text58       003B26
_OLEDClear                       text29       003442
_OLED_Init                       text31       002B58
_OLED_NPuts                      text28       002888
_OLED_SPuts                      text27       001C06
_OLEDsetCursor                   text30       003968
_PEN                             (abs)        007E2A
_PIE1bits                        (abs)        000F9D
_PIR1bits                        (abs)        000F9E
_PORTDbits                       (abs)        000F83
_PORTEbits                       (abs)        000F84
_Print_Anio                      text7        00300A
_Print_Dia                       text6        002FA2
_Print_Hora                      text26       003142
_Print_Menu                      text22       003496
_Print_Mes                       text5        002F3A
_Print_Minuto                    text25       0030DA
_Print_Segundo                   text24       003072
_Print_Ticket                    text40       001762
_Print_config                    text23       002040
_RCEN                            (abs)        007E2B
_RCSTAbits                       (abs)        000FAB
_RSEN                            (abs)        007E29
_Registro_busqueda               text39       001D72
_SEN                             (abs)        007E28
_SMALL_FONTS                     mediumconst  007C2F
_SPBRG                           (abs)        000FAF
_SSPADD                          (abs)        000FC8
_SSPBUF                          (abs)        000FC9
_SSPCON1                         (abs)        000FC6
_SSPCON2                         (abs)        000FC5
_SSPCON2bits                     (abs)        000FC5
_SSPSTAT                         (abs)        000FC7
_SSPSTATbits                     (abs)        000FC7
_Segundo                         dataBANK0    0000F3
_Segundox                        bssBANK0     0000A1
_T1CONbits                       (abs)        000FCD
_TINY_FONTS                      mediumconst  007E69
_TMR1                            (abs)        000FCE
_TRISBbits                       (abs)        000F93
_TRISCbits                       (abs)        000F94
_TRISDbits                       (abs)        000F95
_TRISE                           (abs)        000F96
_TXREG                           (abs)        000FAD
_TXSTAbits                       (abs)        000FAC
_TagType                         bssBANK0     00009E
_Timer1_Init                     text21       003A1A
_UART_Begin                      text14       001086
_UART_Init                       text13       003A9C
_UART_Print                      text57       0032D8
_UART_Println                    text56       002DC8
_UART_Write                      text61       003AC8
_UID                             bssBANK0     0000CF
_Valores                         bssBANK0     00008D
__HRAM                           (abs)        000000
__Habs1                          abs1         000000
__Hbank0                         bank0        000000
__Hbank1                         bank1        000000
__Hbank2                         bank2        000000
__Hbank3                         bank3        000000
__Hbank4                         bank4        000000
__Hbank5                         bank5        000000
__Hbank6                         bank6        000000
__Hbank7                         bank7        000000
__Hbigbss                        bigbss       000000
__Hbigdata                       bigdata      000000
__Hbigram                        bigram       000000
__Hbss                           bss          000000
__HbssBANK0                      bssBANK0     000000
__HbssCOMRAM                     bssCOMRAM    000000
__Hcinit                         cinit        000000
__Hclrtext                       clrtext      000000
__Hcomram                        comram       000000
__Hconfig                        config       30000E
__Hconst                         const        000000
__HcstackBANK0                   cstackBANK0  000000
__HcstackCOMRAM                  cstackCOMRAM 000000
__Hdata                          data         000000
__HdataBANK0                     dataBANK0    000000
__Heeprom_data                   eeprom_data  000000
__Hfarbss                        farbss       000000
__Hfardata                       fardata      000000
__Hibigdata                      ibigdata     000000
__Hidata                         idata        000000
__HidataBANK0                    idataBANK0   000000
__Hidloc                         idloc        200008
__Hifardata                      ifardata     000000
__Hinit                          init         000012
__Hintcode                       intcode      00000E
__Hintcode_body                  intcode_body 000000
__Hintcodelo                     intcodelo    00000E
__Hintentry                      intentry     000000
__Hintret                        intret       000000
__Hintsave_regs                  intsave_regs 000000
__Hirdata                        irdata       000000
__Hmediumconst                   mediumconst  008000
__HnvFARRAM                      nvFARRAM     000000
__Hnvbit                         nvbit        000000
__Hnvrram                        nvrram       000000
__Hparam                         rparam       000000
__Hpowerup                       powerup      00000E
__Hram                           ram          000000
__Hramtop                        ramtop       000800
__Hrbit                          rbit         000000
__Hrbss                          rbss         000000
__Hrdata                         rdata        000000
__Hreset_vec                     reset_vec    000004
__Hrparam                        rparam       000000
__Hsfr                           sfr          000000
__Hsmallconst                    smallconst   000000
__Hspace_0                       (abs)        008000
__Hspace_1                       (abs)        0000F6
__Hspace_2                       (abs)        000000
__Hspace_4                       (abs)        60000E
__Hstack                         stack        000000
__Hstruct                        struct       000000
__Htemp                          temp         000060
__Htext                          text         000000
__Htext0                         text0        000000
__Htext1                         text1        000000
__Htext10                        text10       000000
__Htext11                        text11       000000
__Htext12                        text12       000000
__Htext13                        text13       000000
__Htext14                        text14       000000
__Htext15                        text15       000000
__Htext16                        text16       000000
__Htext17                        text17       000000
__Htext18                        text18       000000
__Htext19                        text19       000000
__Htext2                         text2        000000
__Htext20                        text20       000000
__Htext21                        text21       000000
__Htext22                        text22       000000
__Htext23                        text23       000000
__Htext24                        text24       000000
__Htext25                        text25       000000
__Htext26                        text26       000000
__Htext27                        text27       000000
__Htext28                        text28       000000
__Htext29                        text29       000000
__Htext3                         text3        000000
__Htext30                        text30       000000
__Htext31                        text31       000000
__Htext32                        text32       000000
__Htext33                        text33       000000
__Htext34                        text34       000000
__Htext35                        text35       000000
__Htext36                        text36       000000
__Htext37                        text37       000000
__Htext38                        text38       000000
__Htext39                        text39       000000
__Htext4                         text4        000000
__Htext40                        text40       000000
__Htext41                        text41       000000
__Htext42                        text42       000000
__Htext43                        text43       000000
__Htext44                        text44       000000
__Htext45                        text45       000000
__Htext46                        text46       000000
__Htext47                        text47       000000
__Htext48                        text48       000000
__Htext49                        text49       000000
__Htext5                         text5        000000
__Htext50                        text50       000000
__Htext51                        text51       000000
__Htext52                        text52       000000
__Htext53                        text53       000000
__Htext54                        text54       000000
__Htext55                        text55       000000
__Htext56                        text56       000000
__Htext57                        text57       000000
__Htext58                        text58       000000
__Htext59                        text59       000000
__Htext6                         text6        000000
__Htext60                        text60       000000
__Htext61                        text61       000000
__Htext62                        text62       000000
__Htext63                        text63       000000
__Htext64                        text64       000000
__Htext65                        text65       000000
__Htext66                        text66       000000
__Htext67                        text67       000000
__Htext68                        text68       000000
__Htext69                        text69       000000
__Htext7                         text7        000000
__Htext70                        text70       000000
__Htext71                        text71       000000
__Htext72                        text72       000000
__Htext73                        text73       000000
__Htext74                        text74       000000
__Htext75                        text75       000000
__Htext76                        text76       000000
__Htext77                        text77       000000
__Htext78                        text78       000000
__Htext79                        text79       000000
__Htext8                         text8        000000
__Htext80                        text80       000000
__Htext81                        text81       000000
__Htext82                        text82       000000
__Htext83                        text83       000000
__Htext84                        text84       000000
__Htext85                        text85       000000
__Htext86                        text86       000000
__Htext87                        text87       000000
__Htext88                        text88       000000
__Htext9                         text9        000000
__LRAM                           (abs)        000001
__Labs1                          abs1         000000
__Lbank0                         bank0        000000
__Lbank1                         bank1        000000
__Lbank2                         bank2        000000
__Lbank3                         bank3        000000
__Lbank4                         bank4        000000
__Lbank5                         bank5        000000
__Lbank6                         bank6        000000
__Lbank7                         bank7        000000
__Lbigbss                        bigbss       000000
__Lbigdata                       bigdata      000000
__Lbigram                        bigram       000000
__Lbss                           bss          000000
__LbssBANK0                      bssBANK0     000000
__LbssCOMRAM                     bssCOMRAM    000000
__Lcinit                         cinit        000000
__Lclrtext                       clrtext      000000
__Lcomram                        comram       000000
__Lconfig                        config       000000
__Lconst                         const        000000
__LcstackBANK0                   cstackBANK0  000000
__LcstackCOMRAM                  cstackCOMRAM 000000
__Ldata                          data         000000
__LdataBANK0                     dataBANK0    000000
__Leeprom_data                   eeprom_data  000000
__Lfarbss                        farbss       000000
__Lfardata                       fardata      000000
__Libigdata                      ibigdata     000000
__Lidata                         idata        000000
__LidataBANK0                    idataBANK0   000000
__Lidloc                         idloc        000000
__Lifardata                      ifardata     000000
__Linit                          init         00000E
__Lintcode                       intcode      000008
__Lintcode_body                  intcode_body 000000
__Lintcodelo                     intcodelo    00000E
__Lintentry                      intentry     000000
__Lintret                        intret       000000
__Lintsave_regs                  intsave_regs 000000
__Lirdata                        irdata       000000
__Lmediumconst                   mediumconst  00704E
__LnvFARRAM                      nvFARRAM     000000
__Lnvbit                         nvbit        000000
__Lnvrram                        nvrram       000000
__Lparam                         rparam       000000
__Lpowerup                       powerup      00000E
__Lram                           ram          000000
__Lramtop                        ramtop       000800
__Lrbit                          rbit         000000
__Lrbss                          rbss         000000
__Lrdata                         rdata        000000
__Lreset_vec                     reset_vec    000000
__Lrparam                        rparam       000000
__Lsfr                           sfr          000000
__Lsmallconst                    smallconst   000000
__Lspace_0                       (abs)        000000
__Lspace_1                       (abs)        000000
__Lspace_2                       (abs)        000000
__Lspace_4                       (abs)        000000
__Lstack                         stack        000000
__Lstruct                        struct       000000
__Ltemp                          temp         00005F
__Ltext                          text         000000
__Ltext0                         text0        000000
__Ltext1                         text1        000000
__Ltext10                        text10       000000
__Ltext11                        text11       000000
__Ltext12                        text12       000000
__Ltext13                        text13       000000
__Ltext14                        text14       000000
__Ltext15                        text15       000000
__Ltext16                        text16       000000
__Ltext17                        text17       000000
__Ltext18                        text18       000000
__Ltext19                        text19       000000
__Ltext2                         text2        000000
__Ltext20                        text20       000000
__Ltext21                        text21       000000
__Ltext22                        text22       000000
__Ltext23                        text23       000000
__Ltext24                        text24       000000
__Ltext25                        text25       000000
__Ltext26                        text26       000000
__Ltext27                        text27       000000
__Ltext28                        text28       000000
__Ltext29                        text29       000000
__Ltext3                         text3        000000
__Ltext30                        text30       000000
__Ltext31                        text31       000000
__Ltext32                        text32       000000
__Ltext33                        text33       000000
__Ltext34                        text34       000000
__Ltext35                        text35       000000
__Ltext36                        text36       000000
__Ltext37                        text37       000000
__Ltext38                        text38       000000
__Ltext39                        text39       000000
__Ltext4                         text4        000000
__Ltext40                        text40       000000
__Ltext41                        text41       000000
__Ltext42                        text42       000000
__Ltext43                        text43       000000
__Ltext44                        text44       000000
__Ltext45                        text45       000000
__Ltext46                        text46       000000
__Ltext47                        text47       000000
__Ltext48                        text48       000000
__Ltext49                        text49       000000
__Ltext5                         text5        000000
__Ltext50                        text50       000000
__Ltext51                        text51       000000
__Ltext52                        text52       000000
__Ltext53                        text53       000000
__Ltext54                        text54       000000
__Ltext55                        text55       000000
__Ltext56                        text56       000000
__Ltext57                        text57       000000
__Ltext58                        text58       000000
__Ltext59                        text59       000000
__Ltext6                         text6        000000
__Ltext60                        text60       000000
__Ltext61                        text61       000000
__Ltext62                        text62       000000
__Ltext63                        text63       000000
__Ltext64                        text64       000000
__Ltext65                        text65       000000
__Ltext66                        text66       000000
__Ltext67                        text67       000000
__Ltext68                        text68       000000
__Ltext69                        text69       000000
__Ltext7                         text7        000000
__Ltext70                        text70       000000
__Ltext71                        text71       000000
__Ltext72                        text72       000000
__Ltext73                        text73       000000
__Ltext74                        text74       000000
__Ltext75                        text75       000000
__Ltext76                        text76       000000
__Ltext77                        text77       000000
__Ltext78                        text78       000000
__Ltext79                        text79       000000
__Ltext8                         text8        000000
__Ltext80                        text80       000000
__Ltext81                        text81       000000
__Ltext82                        text82       000000
__Ltext83                        text83       000000
__Ltext84                        text84       000000
__Ltext85                        text85       000000
__Ltext86                        text86       000000
__Ltext87                        text87       000000
__Ltext88                        text88       000000
__Ltext9                         text9        000000
__S0                             (abs)        008000
__S1                             (abs)        0000F6
__S2                             (abs)        000000
__S4                             (abs)        000000
__S5                             (abs)        000000
___aodiv                         text52       001A7E
___aodiv@counter                 cstackCOMRAM 000011
___aodiv@dividend                cstackCOMRAM 000001
___aodiv@divisor                 cstackCOMRAM 000009
___aodiv@quotient                cstackCOMRAM 000013
___aodiv@sign                    cstackCOMRAM 000012
___aomod                         text51       001EDC
___aomod@counter                 cstackCOMRAM 000011
___aomod@dividend                cstackCOMRAM 000001
___aomod@divisor                 cstackCOMRAM 000009
___aomod@sign                    cstackCOMRAM 000012
___awdiv                         text55       0027C4
___awdiv@counter                 cstackCOMRAM 000005
___awdiv@dividend                cstackCOMRAM 000001
___awdiv@divisor                 cstackCOMRAM 000003
___awdiv@quotient                cstackCOMRAM 000007
___awdiv@sign                    cstackCOMRAM 000006
___awmod                         text54       0029FC
___awmod@counter                 cstackCOMRAM 000005
___awmod@dividend                cstackCOMRAM 000001
___awmod@divisor                 cstackCOMRAM 000003
___awmod@sign                    cstackCOMRAM 000006
___fladd                         text18       000012
___fladd@a                       cstackCOMRAM 000005
___fladd@aexp                    cstackCOMRAM 00000E
___fladd@b                       cstackCOMRAM 000001
___fladd@bexp                    cstackCOMRAM 00000F
___fladd@grs                     cstackCOMRAM 000010
___fladd@signs                   cstackCOMRAM 00000D
___fldiv                         text20       0004D2
___fldiv@a                       cstackCOMRAM 000005
___fldiv@aexp                    cstackCOMRAM 000019
___fldiv@b                       cstackCOMRAM 000001
___fldiv@bexp                    cstackCOMRAM 000018
___fldiv@grs                     cstackCOMRAM 000014
___fldiv@new_exp                 cstackCOMRAM 000012
___fldiv@rem                     cstackCOMRAM 00000D
___fldiv@sign                    cstackCOMRAM 000011
___flge                          text19       00235E
___flge@ff1                      cstackCOMRAM 000019
___flge@ff2                      cstackCOMRAM 00001D
___flsub                         text17       003584
___flsub@a                       cstackCOMRAM 000015
___flsub@b                       cstackCOMRAM 000011
___fltol                         text16       002258
___fltol@exp1                    cstackCOMRAM 00000A
___fltol@f1                      cstackCOMRAM 000001
___fltol@sign1                   cstackCOMRAM 000009
___inthi_sp                      stack        000000
___intlo_sp                      stack        000000
___lwdiv                         text79       002EC6
___lwdiv@counter                 cstackCOMRAM 000007
___lwdiv@dividend                cstackCOMRAM 000001
___lwdiv@divisor                 cstackCOMRAM 000003
___lwdiv@quotient                cstackCOMRAM 000005
___lwmod                         text78       003212
___lwmod@counter                 cstackCOMRAM 000005
___lwmod@dividend                cstackCOMRAM 000001
___lwmod@divisor                 cstackCOMRAM 000003
___param_bank                    (abs)        000000
___rparam_used                   (abs)        000001
___sp                            stack        000000
___wmul                          text76       0039B4
___wmul@multiplicand             cstackCOMRAM 000003
___wmul@multiplier               cstackCOMRAM 000001
___wmul@product                  cstackCOMRAM 000005
___xxtofl                        text15       001250
___xxtofl@arg                    cstackCOMRAM 00000B
___xxtofl@exp                    cstackCOMRAM 00000A
___xxtofl@sign                   cstackCOMRAM 000009
___xxtofl@val                    cstackCOMRAM 000001
__accesstop                      (abs)        000060
__activetblptr                   (abs)        000002
__end_of_BIG_FONTS               mediumconst  007C2F
__end_of_CHECK_TAG               text38       002556
__end_of_EEPROM_Read             text82       0038A0
__end_of_EEPROM_Write            text80       00384A
__end_of_EEPROM_getRegistro      text81       0037B2
__end_of_EEPROM_setRegistro      text77       003584
__end_of_Font_Big                text60       0039B4
__end_of_Font_Normal             text59       003392
__end_of_Guarda_ID               text75       001762
__end_of_I2C_Init                text33       003940
__end_of_I2C_Read                text86       00381A
__end_of_I2C_Read_DS             text12       002DC8
__end_of_I2C_Repeated_Start_DS   text11       003918
__end_of_I2C_Restart             text85       003B14
__end_of_I2C_Send                text84       003A84
__end_of_I2C_Start               text83       003B02
__end_of_I2C_Start_DS            text10       0038F0
__end_of_I2C_Stop                text88       003B26
__end_of_I2C_Stop_DS             text9        0038C8
__end_of_I2C_Wait                text87       0039FC
__end_of_I2C_Write_DS            text8        003876
__end_of_MFRC522_AntennaOff      text37       003B40
__end_of_MFRC522_AntennaOn       text36       003AF0
__end_of_MFRC522_AntiColl        text66       0029FC
__end_of_MFRC522_CRC             text69       002CA0
__end_of_MFRC522_Clear_Bit       text71       003A6A
__end_of_MFRC522_Clear_UID       text74       00370A
__end_of_MFRC522_Halt            text67       003442
__end_of_MFRC522_Init            text34       0033EA
__end_of_MFRC522_Rd              text73       002B58
__end_of_MFRC522_ReadCardSerial  text65       00377A
__end_of_MFRC522_Request         text64       003212
__end_of_MFRC522_Reset           text35       003A50
__end_of_MFRC522_Set_Bit         text70       003A9C
__end_of_MFRC522_ToCard          text68       001086
__end_of_MFRC522_Wr              text72       002EC6
__end_of_MFRC522_isCard          text63       003968
__end_of_Muestra_ID              text62       001A7E
__end_of_New_Line                text58       003B34
__end_of_OLEDClear               text29       003496
__end_of_OLED_Init               text31       002C00
__end_of_OLED_NPuts              text28       002948
__end_of_OLED_SPuts              text27       001D72
__end_of_OLEDsetCursor           text30       00398E
__end_of_Print_Anio              text7        003072
__end_of_Print_Dia               text6        00300A
__end_of_Print_Hora              text26       0031AA
__end_of_Print_Menu              text22       0034E8
__end_of_Print_Mes               text5        002FA2
__end_of_Print_Minuto            text25       003142
__end_of_Print_Segundo           text24       0030DA
__end_of_Print_Ticket            text40       0018F0
__end_of_Print_config            text23       002152
__end_of_Registro_busqueda       text39       001EDC
__end_of_SMALL_FONTS             mediumconst  007E69
__end_of_TINY_FONTS              mediumconst  007F86
__end_of_Timer1_Init             text21       003A36
__end_of_UART_Begin              text14       001250
__end_of_UART_Init               text13       003AB2
__end_of_UART_Print              text57       003336
__end_of_UART_Println            text56       002E4A
__end_of_UART_Write              text61       003ADE
__end_of___aodiv                 text52       001C06
__end_of___aomod                 text51       002040
__end_of___awdiv                 text55       002888
__end_of___awmod                 text54       002AAC
__end_of___fladd                 text18       0004D2
__end_of___fldiv                 text20       00086C
__end_of___flge                  text19       002462
__end_of___flsub                 text17       0035CA
__end_of___fltol                 text16       00235E
__end_of___lwdiv                 text79       002F3A
__end_of___lwmod                 text78       003276
__end_of___wmul                  text76       0039DA
__end_of___xxtofl                text15       001404
__end_of__initialization         cinit        0036C2
__end_of_abs                     text50       003694
__end_of_barras                  mediumconst  007F8E
__end_of_bcd_to_decimal          text53       003AC8
__end_of_decimal_to_bcd          text3        003742
__end_of_dtoa                    text44       000B4E
__end_of_fputc                   text48       0026FE
__end_of_fputs                   text47       003654
__end_of_get_RTC                 text4        002258
__end_of_get_key                 text1        000DF8
__end_of_main                    text0        002634
__end_of_pad                     text45       0027C4
__end_of_putch                   text49       003B4E
__end_of_scr                     intcode_body 003610
__end_of_set_RTC                 text2        002D3A
__end_of_sprintf                 text41       00353A
__end_of_ssd1306_command         text32       003A1A
__end_of_strlen                  text46       0037E8
__end_of_vfpfcnvrt               text43       0015B8
__end_of_vfprintf                text42       0032D8
__initialization                 cinit        003694
__mediumconst                    mediumconst  00704E
__pbssBANK0                      bssBANK0     000060
__pbssCOMRAM                     bssCOMRAM    00005E
__pcinit                         cinit        003694
__pcstackBANK0                   cstackBANK0  0000D9
__pcstackCOMRAM                  cstackCOMRAM 000001
__pdataBANK0                     dataBANK0    0000EB
__pidataBANK0                    idataBANK0   003B40
__pintcode                       intcode      000008
__pintcode_body                  intcode_body 0035CA
__pmediumconst                   mediumconst  00704E
__ptext0                         text0        002556
__ptext1                         text1        000B4E
__ptext10                        text10       0038C8
__ptext11                        text11       0038F0
__ptext12                        text12       002D3A
__ptext13                        text13       003A9C
__ptext14                        text14       001086
__ptext15                        text15       001250
__ptext16                        text16       002258
__ptext17                        text17       003584
__ptext18                        text18       000012
__ptext19                        text19       00235E
__ptext2                         text2        002CA0
__ptext20                        text20       0004D2
__ptext21                        text21       003A1A
__ptext22                        text22       003496
__ptext23                        text23       002040
__ptext24                        text24       003072
__ptext25                        text25       0030DA
__ptext26                        text26       003142
__ptext27                        text27       001C06
__ptext28                        text28       002888
__ptext29                        text29       003442
__ptext3                         text3        00370A
__ptext30                        text30       003968
__ptext31                        text31       002B58
__ptext32                        text32       0039FC
__ptext33                        text33       003918
__ptext34                        text34       003392
__ptext35                        text35       003A36
__ptext36                        text36       003ADE
__ptext37                        text37       003B34
__ptext38                        text38       002462
__ptext39                        text39       001D72
__ptext4                         text4        002152
__ptext40                        text40       001762
__ptext41                        text41       0034E8
__ptext42                        text42       003276
__ptext43                        text43       001404
__ptext44                        text44       00086C
__ptext45                        text45       0026FE
__ptext46                        text46       0037B2
__ptext47                        text47       003610
__ptext48                        text48       002634
__ptext49                        text49       003B4C
__ptext5                         text5        002F3A
__ptext50                        text50       003654
__ptext51                        text51       001EDC
__ptext52                        text52       001A7E
__ptext53                        text53       003AB2
__ptext54                        text54       0029FC
__ptext55                        text55       0027C4
__ptext56                        text56       002DC8
__ptext57                        text57       0032D8
__ptext58                        text58       003B26
__ptext59                        text59       003336
__ptext6                         text6        002FA2
__ptext60                        text60       00398E
__ptext61                        text61       003AC8
__ptext62                        text62       0018F0
__ptext63                        text63       003940
__ptext64                        text64       0031AA
__ptext65                        text65       003742
__ptext66                        text66       002948
__ptext67                        text67       0033EA
__ptext68                        text68       000DF8
__ptext69                        text69       002C00
__ptext7                         text7        00300A
__ptext70                        text70       003A84
__ptext71                        text71       003A50
__ptext72                        text72       002E4A
__ptext73                        text73       002AAC
__ptext74                        text74       0036D0
__ptext75                        text75       0015B8
__ptext76                        text76       0039B4
__ptext77                        text77       00353A
__ptext78                        text78       003212
__ptext79                        text79       002EC6
__ptext8                         text8        00384A
__ptext80                        text80       00381A
__ptext81                        text81       00377A
__ptext82                        text82       003876
__ptext83                        text83       003AF0
__ptext84                        text84       003A6A
__ptext85                        text85       003B02
__ptext86                        text86       0037E8
__ptext87                        text87       0039DA
__ptext88                        text88       003B14
__ptext9                         text9        0038A0
__ramtop                         ramtop       000800
__size_of_CHECK_TAG              (abs)        000000
__size_of_EEPROM_Read            (abs)        000000
__size_of_EEPROM_Write           (abs)        000000
__size_of_EEPROM_getRegistro     (abs)        000000
__size_of_EEPROM_setRegistro     (abs)        000000
__size_of_Font_Big               (abs)        000000
__size_of_Font_Normal            (abs)        000000
__size_of_Guarda_ID              (abs)        000000
__size_of_I2C_Init               (abs)        000000
__size_of_I2C_Read               (abs)        000000
__size_of_I2C_Read_DS            (abs)        000000
__size_of_I2C_Repeated_Start_DS  (abs)        000000
__size_of_I2C_Restart            (abs)        000000
__size_of_I2C_Send               (abs)        000000
__size_of_I2C_Start              (abs)        000000
__size_of_I2C_Start_DS           (abs)        000000
__size_of_I2C_Stop               (abs)        000000
__size_of_I2C_Stop_DS            (abs)        000000
__size_of_I2C_Wait               (abs)        000000
__size_of_I2C_Write_DS           (abs)        000000
__size_of_MFRC522_AntennaOff     (abs)        000000
__size_of_MFRC522_AntennaOn      (abs)        000000
__size_of_MFRC522_AntiColl       (abs)        000000
__size_of_MFRC522_CRC            (abs)        000000
__size_of_MFRC522_Clear_Bit      (abs)        000000
__size_of_MFRC522_Clear_UID      (abs)        000000
__size_of_MFRC522_Halt           (abs)        000000
__size_of_MFRC522_Init           (abs)        000000
__size_of_MFRC522_Rd             (abs)        000000
__size_of_MFRC522_ReadCardSerial (abs)        000000
__size_of_MFRC522_Request        (abs)        000000
__size_of_MFRC522_Reset          (abs)        000000
__size_of_MFRC522_Set_Bit        (abs)        000000
__size_of_MFRC522_ToCard         (abs)        000000
__size_of_MFRC522_Wr             (abs)        000000
__size_of_MFRC522_isCard         (abs)        000000
__size_of_Muestra_ID             (abs)        000000
__size_of_New_Line               (abs)        000000
__size_of_OLEDClear              (abs)        000000
__size_of_OLED_Init              (abs)        000000
__size_of_OLED_NPuts             (abs)        000000
__size_of_OLED_SPuts             (abs)        000000
__size_of_OLEDsetCursor          (abs)        000000
__size_of_Print_Anio             (abs)        000000
__size_of_Print_Dia              (abs)        000000
__size_of_Print_Hora             (abs)        000000
__size_of_Print_Menu             (abs)        000000
__size_of_Print_Mes              (abs)        000000
__size_of_Print_Minuto           (abs)        000000
__size_of_Print_Segundo          (abs)        000000
__size_of_Print_Ticket           (abs)        000000
__size_of_Print_config           (abs)        000000
__size_of_Registro_busqueda      (abs)        000000
__size_of_Timer1_Init            (abs)        000000
__size_of_UART_Begin             (abs)        000000
__size_of_UART_Init              (abs)        000000
__size_of_UART_Print             (abs)        000000
__size_of_UART_Println           (abs)        000000
__size_of_UART_Write             (abs)        000000
__size_of___aodiv                (abs)        000000
__size_of___aomod                (abs)        000000
__size_of___awdiv                (abs)        000000
__size_of___awmod                (abs)        000000
__size_of___fladd                (abs)        000000
__size_of___fldiv                (abs)        000000
__size_of___flge                 (abs)        000000
__size_of___flsub                (abs)        000000
__size_of___fltol                (abs)        000000
__size_of___lwdiv                (abs)        000000
__size_of___lwmod                (abs)        000000
__size_of___wmul                 (abs)        000000
__size_of___xxtofl               (abs)        000000
__size_of_abs                    (abs)        000000
__size_of_bcd_to_decimal         (abs)        000000
__size_of_decimal_to_bcd         (abs)        000000
__size_of_dtoa                   (abs)        000000
__size_of_fputc                  (abs)        000000
__size_of_fputs                  (abs)        000000
__size_of_get_RTC                (abs)        000000
__size_of_get_key                (abs)        000000
__size_of_main                   (abs)        000000
__size_of_pad                    (abs)        000000
__size_of_putch                  (abs)        000000
__size_of_scr                    (abs)        000000
__size_of_set_RTC                (abs)        000000
__size_of_sprintf                (abs)        000000
__size_of_ssd1306_command        (abs)        000000
__size_of_strlen                 (abs)        000000
__size_of_vfpfcnvrt              (abs)        000000
__size_of_vfprintf               (abs)        000000
__smallconst                     smallconst   000000
_abs                             text50       003654
_add                             dataBANK0    0000EB
_anio                            dataBANK0    0000F2
_aniox                           dataBANK0    0000EF
_barras                          mediumconst  007F86
_bcd_to_decimal                  text53       003AB2
_configuracion                   bssCOMRAM    00005E
_contador_t1                     bssBANK0     00009C
_dbuf                            bssBANK0     0000A5
_decimal_to_bcd                  text3        00370A
_dia                             dataBANK0    0000F0
_diax                            dataBANK0    0000ED
_dtoa                            text44       00086C
_dtoa$2017                       cstackCOMRAM 00002E
_flag_t1                         bssBANK0     0000A0
_flags                           bssBANK0     000098
_fputc                           text48       002634
_fputs                           text47       003610
_get_RTC                         text4        002152
_get_key                         text1        000B4E
_main                            text0        002556
_mes                             dataBANK0    0000F1
_mesx                            dataBANK0    0000EE
_nout                            bssBANK0     000092
_pad                             text45       0026FE
_prec                            bssBANK0     000096
_putch                           text49       003B4C
_registro                        bssBANK0     00009A
_scr                             intcode      000008
_set_RTC                         text2        002CA0
_sms                             bssBANK0     0000C5
_sprintf                         text41       0034E8
_ssd1306_command                 text32       0039FC
_strlen                          text46       0037B2
_valores                         bssBANK0     000060
_vfpfcnvrt                       text43       001404
_vfprintf                        text42       003276
_width                           bssBANK0     000094
abs@a                            cstackCOMRAM 000013
bcd_to_decimal@number            cstackCOMRAM 000002
btemp                            temp         00005F
decimal_to_bcd@number            cstackCOMRAM 00000B
dtoa@d                           cstackCOMRAM 00001E
dtoa@fp                          cstackCOMRAM 00001C
dtoa@i                           cstackCOMRAM 00003E
dtoa@n                           cstackCOMRAM 000036
dtoa@p                           cstackCOMRAM 000030
dtoa@s                           cstackCOMRAM 000034
dtoa@w                           cstackCOMRAM 000032
end_of_initialization            cinit        0036C2
fputc@c                          cstackCOMRAM 000001
fputc@fp                         cstackCOMRAM 000003
fputs@c                          cstackCOMRAM 00000E
fputs@fp                         cstackCOMRAM 00000C
fputs@i                          cstackCOMRAM 00000F
fputs@s                          cstackCOMRAM 00000A
int$flags                        temp         00005F
int_func                         intcode_body 0035CA
intlevel0                        text         000000
intlevel1                        text         000000
intlevel2                        text         000000
intlevel3                        text         000000
isa$std                          (abs)        000001
isa$xinst                        (abs)        000000
pad@buf                          cstackCOMRAM 000013
pad@fp                           cstackCOMRAM 000011
pad@i                            cstackCOMRAM 000018
pad@p                            cstackCOMRAM 000015
pad@w                            cstackCOMRAM 00001A
sprintf@ap                       cstackBANK0  0000E1
sprintf@f                        cstackBANK0  0000E3
sprintf@fmt                      cstackBANK0  0000DB
sprintf@s                        cstackBANK0  0000D9
ssd1306_command@command          cstackCOMRAM 000002
stackhi                          (abs)        0007FF
stacklo                          (abs)        0000F6
start                            init         00000E
start_initialization             cinit        003694
strlen@a                         cstackCOMRAM 000003
strlen@s                         cstackCOMRAM 000001
ttemp5                           temp         000060
ttemp6                           temp         000063
ttemp7                           temp         000067
vfpfcnvrt@ap                     cstackCOMRAM 000044
vfpfcnvrt@fmt                    cstackCOMRAM 000042
vfpfcnvrt@fp                     cstackCOMRAM 000040
vfpfcnvrt@ll                     cstackCOMRAM 000048
vfprintf@ap                      cstackCOMRAM 000054
vfprintf@cfmt                    cstackCOMRAM 000056
vfprintf@fmt                     cstackCOMRAM 000052
vfprintf@fp                      cstackCOMRAM 000050
wtemp8                           temp         000060


MODULE INFORMATION

Module		Function		Class		Link	Load	Size
C:\Program Files\Microchip\xc8\v2.32\pic\sources\c99\common\nf_sprintf.c
		_sprintf       		CODE           	34E8	0000	82

C:\Program Files\Microchip\xc8\v2.32\pic\sources\c99\common\nf_sprintf.c estimated size: 82

C:\Program Files\Microchip\xc8\v2.32\pic\sources\c99\common\awdiv.c
		___awdiv       		CODE           	27C4	0000	196

C:\Program Files\Microchip\xc8\v2.32\pic\sources\c99\common\awdiv.c estimated size: 196

C:\Program Files\Microchip\xc8\v2.32\pic\sources\c99\common\sprcadd.c
		___flsub       		CODE           	3584	0000	70
		___fladd       		CODE           	0012	0000	1216

C:\Program Files\Microchip\xc8\v2.32\pic\sources\c99\common\sprcadd.c estimated size: 1286

UART.c
		_UART_Init     		CODE           	3A9C	0000	22
		_UART_Print    		CODE           	32D8	0000	94
		_UART_Println  		CODE           	2DC8	0000	130
		_UART_Begin    		CODE           	1086	0000	458
		_UART_Write    		CODE           	3AC8	0000	22

UART.c estimated size: 726

24LC256.c
		_EEPROM_getRegistro		CODE           	377A	0000	56
		_EEPROM_setRegistro		CODE           	353A	0000	74
		_EEPROM_Read   		CODE           	3876	0000	42
		_Guarda_ID     		CODE           	15B8	0000	426
		_EEPROM_Write  		CODE           	381A	0000	48
		_Muestra_ID    		CODE           	18F0	0000	398
		_Registro_busqueda		CODE           	1D72	0000	362

24LC256.c estimated size: 1406

C:\Program Files\Microchip\xc8\v2.32\pic\sources\c99\common\doprnt.c
		_vfpfcnvrt     		CODE           	1404	0000	436
		_pad           		CODE           	26FE	0000	198
		_dtoa          		CODE           	086C	0000	738
		_vfprintf      		CODE           	3276	0000	98

C:\Program Files\Microchip\xc8\v2.32\pic\sources\c99\common\doprnt.c estimated size: 1470

Timer1.c
		_Timer1_Init   		CODE           	3A1A	0000	28

Timer1.c estimated size: 28

i2c.c
		_I2C_Stop      		CODE           	3B14	0000	18
		_I2C_Wait      		CODE           	39DA	0000	34
		_I2C_Read      		CODE           	37E8	0000	50
		_I2C_Init      		CODE           	3918	0000	40
		_I2C_Send      		CODE           	3A6A	0000	26
		_I2C_Start     		CODE           	3AF0	0000	18
		_I2C_Restart   		CODE           	3B02	0000	18

i2c.c estimated size: 204

C:\Program Files\Microchip\xc8\v2.32\pic\sources\c99\common\lwmod.c
		___lwmod       		CODE           	3212	0000	100

C:\Program Files\Microchip\xc8\v2.32\pic\sources\c99\common\lwmod.c estimated size: 100

C:\Program Files\Microchip\xc8\v2.32\pic\sources\c99\common\nf_fputs.c
		_fputs         		CODE           	3610	0000	68

C:\Program Files\Microchip\xc8\v2.32\pic\sources\c99\common\nf_fputs.c estimated size: 68

C:\Program Files\Microchip\xc8\v2.32\pic\sources\c99\common\putch.c
		_putch         		CODE           	3B4C	0000	2

C:\Program Files\Microchip\xc8\v2.32\pic\sources\c99\common\putch.c estimated size: 2

C:\Program Files\Microchip\xc8\v2.32\pic\sources\c99\common\Umul16.c
		___wmul        		CODE           	39B4	0000	38

C:\Program Files\Microchip\xc8\v2.32\pic\sources\c99\common\Umul16.c estimated size: 38

C:\Program Files\Microchip\xc8\v2.32\pic\sources\c99\common\abs.c
		_abs           		CODE           	3654	0000	64

C:\Program Files\Microchip\xc8\v2.32\pic\sources\c99\common\abs.c estimated size: 64

Oled.c
		_ssd1306_command		CODE           	39FC	0000	30
		_OLED_SPuts    		CODE           	1C06	0000	364
		_OLED_Init     		CODE           	2B58	0000	168
		_OLEDClear     		CODE           	3442	0000	84
		_OLED_NPuts    		CODE           	2888	0000	192
		_OLEDsetCursor 		CODE           	3968	0000	38

Oled.c estimated size: 876

C:\Program Files\Microchip\xc8\v2.32\pic\sources\c99\common\aomod.c
		___aomod       		CODE           	1EDC	0000	356

C:\Program Files\Microchip\xc8\v2.32\pic\sources\c99\common\aomod.c estimated size: 356

shared
		_barras        		MEDIUMCONST    	7F86	0000	8
		_TINY_FONTS    		MEDIUMCONST    	7E69	0000	285
		_BIG_FONTS     		MEDIUMCONST    	704F	0000	3040
		__initialization		CODE           	3694	0000	46
		_SMALL_FONTS   		MEDIUMCONST    	7C2F	0000	570

shared estimated size: 3949

C:\Program Files\Microchip\xc8\v2.32\pic\sources\c99\common\awmod.c
		___awmod       		CODE           	29FC	0000	176

C:\Program Files\Microchip\xc8\v2.32\pic\sources\c99\common\awmod.c estimated size: 176

C:\Program Files\Microchip\xc8\v2.32\pic\sources\c99\common\sprcdiv.c
		___fldiv       		CODE           	04D2	0000	922

C:\Program Files\Microchip\xc8\v2.32\pic\sources\c99\common\sprcdiv.c estimated size: 922

DS3231.c
		_I2C_Write_DS  		CODE           	384A	0000	44
		_I2C_Stop_DS   		CODE           	38A0	0000	40
		_I2C_Read_DS   		CODE           	2D3A	0000	142
		_I2C_Repeated_Start_DS		CODE           	38F0	0000	40
		_I2C_Start_DS  		CODE           	38C8	0000	40

DS3231.c estimated size: 306

C:\Program Files\Microchip\xc8\v2.32\pic\sources\c99\common\lwdiv.c
		___lwdiv       		CODE           	2EC6	0000	116

C:\Program Files\Microchip\xc8\v2.32\pic\sources\c99\common\lwdiv.c estimated size: 116

C:\Program Files\Microchip\xc8\v2.32\pic\sources\c99\common\fltol.c
		___fltol       		CODE           	2258	0000	262

C:\Program Files\Microchip\xc8\v2.32\pic\sources\c99\common\fltol.c estimated size: 262

C:\Program Files\Microchip\xc8\v2.32\pic\sources\c99\common\xxtofl.c
		___xxtofl      		CODE           	1250	0000	436

C:\Program Files\Microchip\xc8\v2.32\pic\sources\c99\common\xxtofl.c estimated size: 436

C:\Program Files\Microchip\xc8\v2.32\pic\sources\c99\common\nf_fputc.c
		_fputc         		CODE           	2634	0000	202

C:\Program Files\Microchip\xc8\v2.32\pic\sources\c99\common\nf_fputc.c estimated size: 202

C:\Program Files\Microchip\xc8\v2.32\pic\sources\c99\common\aodiv.c
		___aodiv       		CODE           	1A7E	0000	392

C:\Program Files\Microchip\xc8\v2.32\pic\sources\c99\common\aodiv.c estimated size: 392

main.c
		_Print_Minuto  		CODE           	30DA	0000	104
		_Print_config  		CODE           	2040	0000	274
		_Font_Big      		CODE           	398E	0000	38
		_Print_Segundo 		CODE           	3072	0000	104
		_New_Line      		CODE           	3B26	0000	14
		_decimal_to_bcd		CODE           	370A	0000	56
		_main          		CODE           	2556	0000	222
		_scr           		CODE           	0008	0000	76
		_CHECK_TAG     		CODE           	2462	0000	244
		_Font_Normal   		CODE           	3336	0000	92
		_bcd_to_decimal		CODE           	3AB2	0000	22
		_Print_Hora    		CODE           	3142	0000	104
		_get_RTC       		CODE           	2152	0000	262
		_Print_Anio    		CODE           	300A	0000	104
		_set_RTC       		CODE           	2CA0	0000	154
		_Print_Dia     		CODE           	2FA2	0000	104
		_Print_Ticket  		CODE           	1762	0000	398
		_get_key       		CODE           	0B4E	0000	682
		_Print_Mes     		CODE           	2F3A	0000	104
		_Print_Menu    		CODE           	3496	0000	82

main.c estimated size: 3240

RC522.c
		_MFRC522_Request		CODE           	31AA	0000	104
		_MFRC522_Clear_UID		CODE           	36D0	0000	58
		_MFRC522_ReadCardSerial		CODE           	3742	0000	56
		_MFRC522_Rd    		CODE           	2AAC	0000	172
		_MFRC522_Wr    		CODE           	2E4A	0000	124
		_MFRC522_CRC   		CODE           	2C00	0000	160
		_MFRC522_Halt  		CODE           	33EA	0000	88
		_MFRC522_Init  		CODE           	3392	0000	88
		_MFRC522_AntiColl		CODE           	2948	0000	180
		_MFRC522_Reset 		CODE           	3A36	0000	26
		_MFRC522_AntennaOn		CODE           	3ADE	0000	18
		_MFRC522_Clear_Bit		CODE           	3A50	0000	26
		_MFRC522_AntennaOff		CODE           	3B34	0000	12
		_MFRC522_ToCard		CODE           	0DF8	0000	654
		_MFRC522_isCard		CODE           	3940	0000	40
		_MFRC522_Set_Bit		CODE           	3A84	0000	24

RC522.c estimated size: 1830

C:\Program Files\Microchip\xc8\v2.32\pic\sources\c99\common\strlen.c
		_strlen        		CODE           	37B2	0000	54

C:\Program Files\Microchip\xc8\v2.32\pic\sources\c99\common\strlen.c estimated size: 54

C:\Program Files\Microchip\xc8\v2.32\pic\sources\c99\common\flge.c
		___flge        		CODE           	235E	0000	260

C:\Program Files\Microchip\xc8\v2.32\pic\sources\c99\common\flge.c estimated size: 260

