Microchip MPLAB XC8 Compiler V2.31

Linker command line:

-W-3 --edf=C:\Program Files\Microchip\xc8\v2.31\pic\dat\en_msgs.txt -cn \
  -h+dist/default/production\PIC18F4550_Registro.X.production.sym \
  --cmf=dist/default/production\PIC18F4550_Registro.X.production.cmf -z \
  -Q18F4550 -oC:\Users\EAVELL~1\AppData\Local\Temp\sd38.2 \
  --defsym=__MPLAB_BUILD=1 \
  -Mdist/default/production/PIC18F4550_Registro.X.production.map -E1 \
  -ver=XC8 Compiler --acfsm=1493 -ASTACK=0EFh-07FFh -pstack=STACK \
  -ACODE=00h-07FFFh -ACONST=00h-07FFFh -ASMALLCONST=0800h-08FFhx120 \
  -AMEDIUMCONST=0800h-07FFFh -ACOMRAM=01h-05Fh -AABS1=00h-07FFh \
  -ABIGRAM=01h-07FFh -ARAM=060h-0FFh,0100h-01FFhx7 -ABANK0=060h-0FFh \
  -ABANK1=0100h-01FFh -ABANK2=0200h-02FFh -ABANK3=0300h-03FFh \
  -ABANK4=0400h-04FFh -ABANK5=0500h-05FFh -ABANK6=0600h-06FFh \
  -ABANK7=0700h-07FFh -ASFR=0F60h-0FFFh -ACONFIG=0300000h-030000Dh \
  -AIDLOC=0200000h-0200007h -AEEDATA=0F00000h-0F000FFh -peeprom_data=EEDATA \
  -preset_vec=00h,intcode=08h,intcodelo,powerup,init -pramtop=0800h \
  -psmallconst=SMALLCONST -pmediumconst=MEDIUMCONST -pconst=CONST \
  -AFARRAM=00h-00h \
  -prdata=COMRAM,nvrram=COMRAM,nvbit=COMRAM,rbss=COMRAM,rbit=COMRAM \
  -pfarbss=FARRAM,fardata=FARRAM,nvFARRAM=FARRAM \
  -pintsave_regs=BIGRAM,bigbss=BIGRAM,bigdata=BIGRAM -pbss=RAM \
  -pidata=CODE,irdata=CODE,ibigdata=CODE,ifardata=CODE -prparam=COMRAM \
  C:\Users\EAVELL~1\AppData\Local\Temp\sd38.o \
  dist/default/production\PIC18F4550_Registro.X.production.o 

Object code version is 3.11

Machine type is 18F4550



                Name                               Link     Load   Length Selector   Space Scale
C:\Users\EAVELL~1\AppData\Local\Temp\sd38.o
                idloc                            200000   200000        8        0       5
                config                           300000   300000        E        0       4
                init                                  E        E        4        4       0
                reset_vec                             0        0        4        0       0
dist/default/production\PIC18F4550_Registro.X.production.o
                intcode                               8        8        6        4       0
                idloc                            200000   200000        8        0       5
                config                           300000   300000        E        0       4
                temp                                 5F       5F        1        1       1
                mediumconst                        706A     706A      F96     3835       0
                intcode_body                       2A64     2A64       46        4       0
                text73                             2F22     2F22       12        4       0
                text72                             2DE8     2DE8       22        4       0
                text71                             2C14     2C14       32        4       0
                text70                             2F10     2F10       12        4       0
                text69                             2E78     2E78       1A        4       0
                text68                             2EFE     2EFE       12        4       0
                text67                             2CD2     2CD2       2A        4       0
                text66                             2BA6     2BA6       38        4       0
                text65                             2C76     2C76       30        4       0
                text64                             24DA     24DA       74        4       0
                text63                             27BE     27BE       64        4       0
                text62                             29D4     29D4       4A        4       0
                text61                             2160     2160       AC        4       0
                text60                             245E     245E       7C        4       0
                text59                             2E5E     2E5E       1A        4       0
                text58                             2F34     2F34        C        4       0
                text57                             2E92     2E92       18        4       0
                text56                             2EEC     2EEC       12        4       0
                text55                             2E44     2E44       1A        4       0
                text54                             2884     2884       58        4       0
                text53                             2D74     2D74       28        4       0
                text52                             2E0A     2E0A       1E        4       0
                text51                             220C     220C       A8        4       0
                text50                             2DC2     2DC2       26        4       0
                text49                             28DC     28DC       54        4       0
                text48                             2D9C     2D9C       26        4       0
                text47                             1FF0     1FF0       C0        4       0
                text46                             14AE     14AE      16C        4       0
                text45                             1E6A     1E6A       C4        4       0
                text44                             20B0     20B0       B0        4       0
                text43                             1326     1326      188        4       0
                text42                             161A     161A      164        4       0
                text41                             2B2E     2B2E       40        4       0
                text40                             2F4C     2F4C        2     17A6       0
                text39                             1DA0     1DA0       CA        4       0
                text38                             2AAA     2AAA       44        4       0
                text37                             2BDE     2BDE       36        4       0
                text36                             1F2E     1F2E       C2        4       0
                text35                              86C      86C      2DE        4       0
                text34                             1172     1172      1B4        4       0
                text33                             2822     2822       62        4       0
                text32                             2982     2982       52        4       0
                text31                             2756     2756       68        4       0
                text30                             26EE     26EE       68        4       0
                text29                             2686     2686       68        4       0
                text28                             18A0     18A0      112        4       0
                text27                             2930     2930       52        4       0
                text26                             2ED6     2ED6       16        4       0
                text25                             2C46     2C46       30        4       0
                text24                             23DC     23DC       82        4       0
                text23                             2EC0     2EC0       16        4       0
                text22                             177E     177E      122        4       0
                text21                             2E28     2E28       1C        4       0
                text20                              4D2      4D2      39A        4       0
                text19                             1BBE     1BBE      104        4       0
                text18                               12       12      4C0        4       0
                text17                             2A1E     2A1E       46        4       0
                text16                             1AB8     1AB8      106        4       0
                text15                              FBE      FBE      1B4        4       0
                text14                              DF4      DF4      1CA        4       0
                text13                             2EAA     2EAA       16        4       0
                text12                             234E     234E       8E        4       0
                text11                             2D4C     2D4C       28        4       0
                text10                             2D24     2D24       28        4       0
                text9                              2CFC     2CFC       28        4       0
                text8                              2CA6     2CA6       2C        4       0
                text7                              261E     261E       68        4       0
                text6                              25B6     25B6       68        4       0
                text5                              254E     254E       68        4       0
                text4                              19B2     19B2      106        4       0
                text3                              2B6E     2B6E       38        4       0
                text2                              22B4     22B4       9A        4       0
                text1                               B4A      B4A      2AA        4       0
                text0                              1CC2     1CC2       DE        4       0
                cstackCOMRAM                          1        1       5B        1       1
                cstackBANK0                          D2       D2       12       60       1
                dataBANK0                            E4       E4        B       60       1
                bssBANK0                             60       60       72       60       1
                bssCOMRAM                            5C       5C        3        1       1
                cinit                              2AEE     2AEE       40        4       0
                idataBANK0                         2F40     2F40        B        4       0

TOTAL           Name                               Link     Load   Length     Space
        CLASS   STACK          

        CLASS   CODE           
                intcode                               8        8        6         0
                init                                  E        E        4         0
                reset_vec                             0        0        4         0
                intcode_body                       2A64     2A64       46         0
                text73                             2F22     2F22       12         0
                text72                             2DE8     2DE8       22         0
                text71                             2C14     2C14       32         0
                text70                             2F10     2F10       12         0
                text69                             2E78     2E78       1A         0
                text68                             2EFE     2EFE       12         0
                text67                             2CD2     2CD2       2A         0
                text66                             2BA6     2BA6       38         0
                text65                             2C76     2C76       30         0
                text64                             24DA     24DA       74         0
                text63                             27BE     27BE       64         0
                text62                             29D4     29D4       4A         0
                text61                             2160     2160       AC         0
                text60                             245E     245E       7C         0
                text59                             2E5E     2E5E       1A         0
                text58                             2F34     2F34        C         0
                text57                             2E92     2E92       18         0
                text56                             2EEC     2EEC       12         0
                text55                             2E44     2E44       1A         0
                text54                             2884     2884       58         0
                text53                             2D74     2D74       28         0
                text52                             2E0A     2E0A       1E         0
                text51                             220C     220C       A8         0
                text50                             2DC2     2DC2       26         0
                text49                             28DC     28DC       54         0
                text48                             2D9C     2D9C       26         0
                text47                             1FF0     1FF0       C0         0
                text46                             14AE     14AE      16C         0
                text45                             1E6A     1E6A       C4         0
                text44                             20B0     20B0       B0         0
                text43                             1326     1326      188         0
                text42                             161A     161A      164         0
                text41                             2B2E     2B2E       40         0
                text40                             2F4C     2F4C        2         0
                text39                             1DA0     1DA0       CA         0
                text38                             2AAA     2AAA       44         0
                text37                             2BDE     2BDE       36         0
                text36                             1F2E     1F2E       C2         0
                text35                              86C      86C      2DE         0
                text34                             1172     1172      1B4         0
                text33                             2822     2822       62         0
                text32                             2982     2982       52         0
                text31                             2756     2756       68         0
                text30                             26EE     26EE       68         0
                text29                             2686     2686       68         0
                text28                             18A0     18A0      112         0
                text27                             2930     2930       52         0
                text26                             2ED6     2ED6       16         0
                text25                             2C46     2C46       30         0
                text24                             23DC     23DC       82         0
                text23                             2EC0     2EC0       16         0
                text22                             177E     177E      122         0
                text21                             2E28     2E28       1C         0
                text20                              4D2      4D2      39A         0
                text19                             1BBE     1BBE      104         0
                text18                               12       12      4C0         0
                text17                             2A1E     2A1E       46         0
                text16                             1AB8     1AB8      106         0
                text15                              FBE      FBE      1B4         0
                text14                              DF4      DF4      1CA         0
                text13                             2EAA     2EAA       16         0
                text12                             234E     234E       8E         0
                text11                             2D4C     2D4C       28         0
                text10                             2D24     2D24       28         0
                text9                              2CFC     2CFC       28         0
                text8                              2CA6     2CA6       2C         0
                text7                              261E     261E       68         0
                text6                              25B6     25B6       68         0
                text5                              254E     254E       68         0
                text4                              19B2     19B2      106         0
                text3                              2B6E     2B6E       38         0
                text2                              22B4     22B4       9A         0
                text1                               B4A      B4A      2AA         0
                text0                              1CC2     1CC2       DE         0
                cinit                              2AEE     2AEE       40         0
                idataBANK0                         2F40     2F40        B         0

        CLASS   CONST          

        CLASS   SMALLCONST     

        CLASS   MEDIUMCONST    
                mediumconst                        706A     706A      F96         0

        CLASS   COMRAM         
                temp                                 5F       5F        1         1
                cstackCOMRAM                          1        1       5B         1
                bssCOMRAM                            5C       5C        3         1

        CLASS   ABS1           

        CLASS   BIGRAM         

        CLASS   RAM            

        CLASS   BANK0          
                cstackBANK0                          D2       D2       12         1
                dataBANK0                            E4       E4        B         1
                bssBANK0                             60       60       72         1

        CLASS   BANK1          

        CLASS   BANK2          

        CLASS   BANK3          

        CLASS   BANK4          

        CLASS   BANK5          

        CLASS   BANK6          

        CLASS   BANK7          

        CLASS   SFR            

        CLASS   CONFIG         
                config                           300000   300000        E         4

        CLASS   IDLOC          
                idloc                            200000   200000        8         5

        CLASS   EEDATA         

        CLASS   FARRAM         



SEGMENTS        Name                           Load    Length   Top    Selector   Space  Class

                reset_vec                      000000  000004  000004         0       0  CODE    
                cstackCOMRAM                   000001  00005F  000060         1       1  COMRAM  
                intcode                        000008  002F43  002F4B         4       0  CODE    
                bssBANK0                       000060  00008F  0000EF        60       1  BANK0   
                text40                         002F4C  000002  002F4E      17A6       0  CODE    
                mediumconst                    00706A  000F96  008000      3835       0  MEDIUMCO


UNUSED ADDRESS RANGES

        Name                Unused          Largest block    Delta
        BANK0            0000EF-0000FF               11
        BANK1            000100-0001FF              100
        BANK2            000200-0002FF              100
        BANK3            000300-0003FF              100
        BANK4            000400-0004FF              100
        BANK5            000500-0005FF              100
        BANK6            000600-0006FF              100
        BANK7            000700-0007FF              100
        BIGRAM           0000EF-0007FF              711
        CODE             000004-000007                4
                         002F4B-002F4B                1
                         002F4E-007069             411C
        CONST            000004-000007                4
                         002F4B-002F4B                1
                         002F4E-007069             411C
        EEDATA           F00000-F000FF              100
        MEDIUMCONST      002F4B-002F4B                1
                         002F4E-007069             411C
        RAM              0000EF-0007FF              100
        SFR              000F60-000FFF               A0
        SMALLCONST       002F4B-002F4B                1
                         002F4E-007069              100
        STACK            0000EF-0007FF              711

                                  Symbol Table

?_EEPROM_getRegistro            cstackCOMRAM 000005
?___aodiv                       cstackCOMRAM 000001
?___aomod                       cstackCOMRAM 000001
?___awdiv                       cstackCOMRAM 000001
?___awmod                       cstackCOMRAM 000001
?___fladd                       cstackCOMRAM 000001
?___fldiv                       cstackCOMRAM 000001
?___flsub                       cstackCOMRAM 000011
?___fltol                       cstackCOMRAM 000001
?___lwdiv                       cstackCOMRAM 000001
?___lwmod                       cstackCOMRAM 000001
?___wmul                        cstackCOMRAM 000001
?___xxtofl                      cstackCOMRAM 000001
?_abs                           cstackCOMRAM 000013
?_dtoa                          cstackCOMRAM 00001C
?_pad                           cstackCOMRAM 000011
?_sprintf                       cstackBANK0  0000D2
?_strlen                        cstackCOMRAM 000001
?_vfpfcnvrt                     cstackCOMRAM 000040
?_vfprintf                      cstackCOMRAM 000050
EEPROM_Read@add                 cstackCOMRAM 000002
EEPROM_Read@temp                cstackCOMRAM 000004
EEPROM_Write@add                cstackCOMRAM 000008
EEPROM_Write@data               cstackCOMRAM 00000A
EEPROM_getRegistro@registro     cstackCOMRAM 00000A
EEPROM_setRegistro@registro     cstackCOMRAM 00000C
I2C_Init@speed                  cstackCOMRAM 000001
I2C_Read@temp                   cstackCOMRAM 000001
I2C_Read_DS@ack                 cstackCOMRAM 000002
I2C_Read_DS@data                cstackCOMRAM 000003
I2C_Send@data                   cstackCOMRAM 000001
I2C_Write_DS@i2c_data           cstackCOMRAM 000002
MFRC522_Clear_Bit@addr          cstackCOMRAM 00000C
MFRC522_Clear_Bit@mask          cstackCOMRAM 00000A
MFRC522_Clear_Bit@tmp           cstackCOMRAM 00000B
MFRC522_Rd@Address              cstackCOMRAM 000003
MFRC522_Rd@i                    cstackCOMRAM 000008
MFRC522_Rd@ucAddr               cstackCOMRAM 000004
MFRC522_Rd@ucResult             cstackCOMRAM 000006
MFRC522_Set_Bit@addr            cstackCOMRAM 00000C
MFRC522_Set_Bit@mask            cstackCOMRAM 00000A
MFRC522_Set_Bit@tmp             cstackCOMRAM 00000B
MFRC522_Wr@Address              cstackCOMRAM 000002
MFRC522_Wr@i                    cstackCOMRAM 000004
MFRC522_Wr@ucAddr               cstackCOMRAM 000003
MFRC522_Wr@value                cstackCOMRAM 000001
OLEDClear@i                     cstackCOMRAM 000008
OLED_NPuts@buffer               cstackCOMRAM 000007
OLED_NPuts@c                    cstackCOMRAM 00000B
OLED_NPuts@i                    cstackCOMRAM 00000E
OLED_NPuts@x                    cstackCOMRAM 00000C
OLED_SPuts@buffer               cstackCOMRAM 00000C
OLED_SPuts@c                    cstackCOMRAM 000014
OLED_SPuts@i                    cstackCOMRAM 000017
OLED_SPuts@j                    cstackCOMRAM 000019
OLED_SPuts@valve                cstackCOMRAM 000012
OLED_SPuts@x                    cstackCOMRAM 000008
OLED_SPuts@xi                   cstackCOMRAM 000015
OLED_SPuts@y                    cstackCOMRAM 00000A
OLEDsetCursor@x                 cstackCOMRAM 000004
OLEDsetCursor@y                 cstackCOMRAM 000006
UART_Begin@aux                  cstackCOMRAM 00002D
UART_Begin@aux2                 cstackCOMRAM 000029
UART_Begin@baud                 cstackCOMRAM 000025
UART_Print@buffer               cstackCOMRAM 000002
UART_Println@buffer             cstackCOMRAM 000002
UART_Write@data                 cstackCOMRAM 000001
_ACKDT                          (abs)        007E2D
_ACKEN                          (abs)        007E2C
_ADCON1                         (abs)        000FC1
_Aux                            bssBANK0     0000CD
_BAUDCONbits                    (abs)        000FB8
_BIG_FONTS                      mediumconst  00706B
_EEPROM_Read                    text67       002CD2
_EEPROM_Write                   text65       002C76
_EEPROM_getRegistro             text66       002BA6
_EEPROM_setRegistro             text62       0029D4
_FOUNT                          bssBANK0     000098
_Hora                           dataBANK0    0000EE
_Horax                          bssBANK0     000097
_I2C_Init                       text53       002D74
_I2C_Read                       text71       002C14
_I2C_Read_DS                    text12       00234E
_I2C_Repeated_Start_DS          text11       002D4C
_I2C_Restart                    text70       002F10
_I2C_Send                       text69       002E78
_I2C_Start                      text68       002EFE
_I2C_Start_DS                   text10       002D24
_I2C_Stop                       text73       002F22
_I2C_Stop_DS                    text9        002CFC
_I2C_Wait                       text72       002DE8
_I2C_Write_DS                   text8        002CA6
_INTCONbits                     (abs)        000FF2
_LATCbits                       (abs)        000F8B
_LATDbits                       (abs)        000F8C
_MFRC522_AntennaOff             text58       002F34
_MFRC522_AntennaOn              text56       002EEC
_MFRC522_Clear_Bit              text59       002E5E
_MFRC522_Init                   text54       002884
_MFRC522_Rd                     text61       002160
_MFRC522_Reset                  text55       002E44
_MFRC522_Set_Bit                text57       002E92
_MFRC522_Wr                     text60       00245E
_Minuto                         dataBANK0    0000ED
_Minutox                        bssBANK0     000096
_OLEDClear                      text49       0028DC
_OLED_Init                      text51       00220C
_OLED_NPuts                     text47       001FF0
_OLED_SPuts                     text46       0014AE
_OLEDsetCursor                  text50       002DC2
_PEN                            (abs)        007E2A
_PIE1bits                       (abs)        000F9D
_PIR1bits                       (abs)        000F9E
_PORTDbits                      (abs)        000F83
_PORTEbits                      (abs)        000F84
_Print_Anio                     text7        00261E
_Print_Dia                      text6        0025B6
_Print_Hora                     text31       002756
_Print_Menu                     text27       002930
_Print_Mes                      text5        00254E
_Print_Minuto                   text30       0026EE
_Print_Segundo                  text29       002686
_Print_Ticket                   text22       00177E
_Print_config                   text28       0018A0
_RCEN                           (abs)        007E2B
_RCSTAbits                      (abs)        000FAB
_RSEN                           (abs)        007E29
_SEN                            (abs)        007E28
_SMALL_FONTS                    mediumconst  007C4B
_SPBRG                          (abs)        000FAF
_SSPADD                         (abs)        000FC8
_SSPBUF                         (abs)        000FC9
_SSPCON1                        (abs)        000FC6
_SSPCON2                        (abs)        000FC5
_SSPCON2bits                    (abs)        000FC5
_SSPSTAT                        (abs)        000FC7
_SSPSTATbits                    (abs)        000FC7
_Segundo                        dataBANK0    0000EC
_Segundox                       bssBANK0     000095
_T1CONbits                      (abs)        000FCD
_TINY_FONTS                     mediumconst  007E85
_TMR1                           (abs)        000FCE
_TRISBbits                      (abs)        000F93
_TRISCbits                      (abs)        000F94
_TRISDbits                      (abs)        000F95
_TRISE                          (abs)        000F96
_TXREG                          (abs)        000FAD
_TXSTAbits                      (abs)        000FAC
_TagType                        bssBANK0     000092
_Timer1_Init                    text21       002E28
_UART_Begin                     text14       000DF4
_UART_Init                      text13       002EAA
_UART_Print                     text25       002C46
_UART_Println                   text24       0023DC
_UART_Write                     text26       002ED6
_UID                            bssBANK0     0000C3
__HRAM                          (abs)        000000
__Habs1                         abs1         000000
__Hbank0                        bank0        000000
__Hbank1                        bank1        000000
__Hbank2                        bank2        000000
__Hbank3                        bank3        000000
__Hbank4                        bank4        000000
__Hbank5                        bank5        000000
__Hbank6                        bank6        000000
__Hbank7                        bank7        000000
__Hbigbss                       bigbss       000000
__Hbigdata                      bigdata      000000
__Hbigram                       bigram       000000
__Hbss                          bss          000000
__HbssBANK0                     bssBANK0     000000
__HbssCOMRAM                    bssCOMRAM    000000
__Hcinit                        cinit        000000
__Hclrtext                      clrtext      000000
__Hcomram                       comram       000000
__Hconfig                       config       30000E
__Hconst                        const        000000
__HcstackBANK0                  cstackBANK0  000000
__HcstackCOMRAM                 cstackCOMRAM 000000
__Hdata                         data         000000
__HdataBANK0                    dataBANK0    000000
__Heeprom_data                  eeprom_data  000000
__Hfarbss                       farbss       000000
__Hfardata                      fardata      000000
__Hibigdata                     ibigdata     000000
__Hidata                        idata        000000
__HidataBANK0                   idataBANK0   000000
__Hidloc                        idloc        200008
__Hifardata                     ifardata     000000
__Hinit                         init         000012
__Hintcode                      intcode      00000E
__Hintcode_body                 intcode_body 000000
__Hintcodelo                    intcodelo    00000E
__Hintentry                     intentry     000000
__Hintret                       intret       000000
__Hintsave_regs                 intsave_regs 000000
__Hirdata                       irdata       000000
__Hmediumconst                  mediumconst  008000
__HnvFARRAM                     nvFARRAM     000000
__Hnvbit                        nvbit        000000
__Hnvrram                       nvrram       000000
__Hparam                        rparam       000000
__Hpowerup                      powerup      00000E
__Hram                          ram          000000
__Hramtop                       ramtop       000800
__Hrbit                         rbit         000000
__Hrbss                         rbss         000000
__Hrdata                        rdata        000000
__Hreset_vec                    reset_vec    000004
__Hrparam                       rparam       000000
__Hsfr                          sfr          000000
__Hsmallconst                   smallconst   000000
__Hspace_0                      (abs)        008000
__Hspace_1                      (abs)        0000EF
__Hspace_2                      (abs)        000000
__Hspace_4                      (abs)        60000E
__Hstack                        stack        000000
__Hstruct                       struct       000000
__Htemp                         temp         000060
__Htext                         text         000000
__Htext0                        text0        000000
__Htext1                        text1        000000
__Htext10                       text10       000000
__Htext11                       text11       000000
__Htext12                       text12       000000
__Htext13                       text13       000000
__Htext14                       text14       000000
__Htext15                       text15       000000
__Htext16                       text16       000000
__Htext17                       text17       000000
__Htext18                       text18       000000
__Htext19                       text19       000000
__Htext2                        text2        000000
__Htext20                       text20       000000
__Htext21                       text21       000000
__Htext22                       text22       000000
__Htext23                       text23       000000
__Htext24                       text24       000000
__Htext25                       text25       000000
__Htext26                       text26       000000
__Htext27                       text27       000000
__Htext28                       text28       000000
__Htext29                       text29       000000
__Htext3                        text3        000000
__Htext30                       text30       000000
__Htext31                       text31       000000
__Htext32                       text32       000000
__Htext33                       text33       000000
__Htext34                       text34       000000
__Htext35                       text35       000000
__Htext36                       text36       000000
__Htext37                       text37       000000
__Htext38                       text38       000000
__Htext39                       text39       000000
__Htext4                        text4        000000
__Htext40                       text40       000000
__Htext41                       text41       000000
__Htext42                       text42       000000
__Htext43                       text43       000000
__Htext44                       text44       000000
__Htext45                       text45       000000
__Htext46                       text46       000000
__Htext47                       text47       000000
__Htext48                       text48       000000
__Htext49                       text49       000000
__Htext5                        text5        000000
__Htext50                       text50       000000
__Htext51                       text51       000000
__Htext52                       text52       000000
__Htext53                       text53       000000
__Htext54                       text54       000000
__Htext55                       text55       000000
__Htext56                       text56       000000
__Htext57                       text57       000000
__Htext58                       text58       000000
__Htext59                       text59       000000
__Htext6                        text6        000000
__Htext60                       text60       000000
__Htext61                       text61       000000
__Htext62                       text62       000000
__Htext63                       text63       000000
__Htext64                       text64       000000
__Htext65                       text65       000000
__Htext66                       text66       000000
__Htext67                       text67       000000
__Htext68                       text68       000000
__Htext69                       text69       000000
__Htext7                        text7        000000
__Htext70                       text70       000000
__Htext71                       text71       000000
__Htext72                       text72       000000
__Htext73                       text73       000000
__Htext8                        text8        000000
__Htext9                        text9        000000
__LRAM                          (abs)        000001
__Labs1                         abs1         000000
__Lbank0                        bank0        000000
__Lbank1                        bank1        000000
__Lbank2                        bank2        000000
__Lbank3                        bank3        000000
__Lbank4                        bank4        000000
__Lbank5                        bank5        000000
__Lbank6                        bank6        000000
__Lbank7                        bank7        000000
__Lbigbss                       bigbss       000000
__Lbigdata                      bigdata      000000
__Lbigram                       bigram       000000
__Lbss                          bss          000000
__LbssBANK0                     bssBANK0     000000
__LbssCOMRAM                    bssCOMRAM    000000
__Lcinit                        cinit        000000
__Lclrtext                      clrtext      000000
__Lcomram                       comram       000000
__Lconfig                       config       000000
__Lconst                        const        000000
__LcstackBANK0                  cstackBANK0  000000
__LcstackCOMRAM                 cstackCOMRAM 000000
__Ldata                         data         000000
__LdataBANK0                    dataBANK0    000000
__Leeprom_data                  eeprom_data  000000
__Lfarbss                       farbss       000000
__Lfardata                      fardata      000000
__Libigdata                     ibigdata     000000
__Lidata                        idata        000000
__LidataBANK0                   idataBANK0   000000
__Lidloc                        idloc        000000
__Lifardata                     ifardata     000000
__Linit                         init         00000E
__Lintcode                      intcode      000008
__Lintcode_body                 intcode_body 000000
__Lintcodelo                    intcodelo    00000E
__Lintentry                     intentry     000000
__Lintret                       intret       000000
__Lintsave_regs                 intsave_regs 000000
__Lirdata                       irdata       000000
__Lmediumconst                  mediumconst  00706A
__LnvFARRAM                     nvFARRAM     000000
__Lnvbit                        nvbit        000000
__Lnvrram                       nvrram       000000
__Lparam                        rparam       000000
__Lpowerup                      powerup      00000E
__Lram                          ram          000000
__Lramtop                       ramtop       000800
__Lrbit                         rbit         000000
__Lrbss                         rbss         000000
__Lrdata                        rdata        000000
__Lreset_vec                    reset_vec    000000
__Lrparam                       rparam       000000
__Lsfr                          sfr          000000
__Lsmallconst                   smallconst   000000
__Lspace_0                      (abs)        000000
__Lspace_1                      (abs)        000000
__Lspace_2                      (abs)        000000
__Lspace_4                      (abs)        000000
__Lstack                        stack        000000
__Lstruct                       struct       000000
__Ltemp                         temp         00005F
__Ltext                         text         000000
__Ltext0                        text0        000000
__Ltext1                        text1        000000
__Ltext10                       text10       000000
__Ltext11                       text11       000000
__Ltext12                       text12       000000
__Ltext13                       text13       000000
__Ltext14                       text14       000000
__Ltext15                       text15       000000
__Ltext16                       text16       000000
__Ltext17                       text17       000000
__Ltext18                       text18       000000
__Ltext19                       text19       000000
__Ltext2                        text2        000000
__Ltext20                       text20       000000
__Ltext21                       text21       000000
__Ltext22                       text22       000000
__Ltext23                       text23       000000
__Ltext24                       text24       000000
__Ltext25                       text25       000000
__Ltext26                       text26       000000
__Ltext27                       text27       000000
__Ltext28                       text28       000000
__Ltext29                       text29       000000
__Ltext3                        text3        000000
__Ltext30                       text30       000000
__Ltext31                       text31       000000
__Ltext32                       text32       000000
__Ltext33                       text33       000000
__Ltext34                       text34       000000
__Ltext35                       text35       000000
__Ltext36                       text36       000000
__Ltext37                       text37       000000
__Ltext38                       text38       000000
__Ltext39                       text39       000000
__Ltext4                        text4        000000
__Ltext40                       text40       000000
__Ltext41                       text41       000000
__Ltext42                       text42       000000
__Ltext43                       text43       000000
__Ltext44                       text44       000000
__Ltext45                       text45       000000
__Ltext46                       text46       000000
__Ltext47                       text47       000000
__Ltext48                       text48       000000
__Ltext49                       text49       000000
__Ltext5                        text5        000000
__Ltext50                       text50       000000
__Ltext51                       text51       000000
__Ltext52                       text52       000000
__Ltext53                       text53       000000
__Ltext54                       text54       000000
__Ltext55                       text55       000000
__Ltext56                       text56       000000
__Ltext57                       text57       000000
__Ltext58                       text58       000000
__Ltext59                       text59       000000
__Ltext6                        text6        000000
__Ltext60                       text60       000000
__Ltext61                       text61       000000
__Ltext62                       text62       000000
__Ltext63                       text63       000000
__Ltext64                       text64       000000
__Ltext65                       text65       000000
__Ltext66                       text66       000000
__Ltext67                       text67       000000
__Ltext68                       text68       000000
__Ltext69                       text69       000000
__Ltext7                        text7        000000
__Ltext70                       text70       000000
__Ltext71                       text71       000000
__Ltext72                       text72       000000
__Ltext73                       text73       000000
__Ltext8                        text8        000000
__Ltext9                        text9        000000
__S0                            (abs)        008000
__S1                            (abs)        0000EF
__S2                            (abs)        000000
__S4                            (abs)        000000
__S5                            (abs)        000000
___aodiv                        text43       001326
___aodiv@counter                cstackCOMRAM 000011
___aodiv@dividend               cstackCOMRAM 000001
___aodiv@divisor                cstackCOMRAM 000009
___aodiv@quotient               cstackCOMRAM 000013
___aodiv@sign                   cstackCOMRAM 000012
___aomod                        text42       00161A
___aomod@counter                cstackCOMRAM 000011
___aomod@dividend               cstackCOMRAM 000001
___aomod@divisor                cstackCOMRAM 000009
___aomod@sign                   cstackCOMRAM 000012
___awdiv                        text45       001E6A
___awdiv@counter                cstackCOMRAM 000005
___awdiv@dividend               cstackCOMRAM 000001
___awdiv@divisor                cstackCOMRAM 000003
___awdiv@quotient               cstackCOMRAM 000007
___awdiv@sign                   cstackCOMRAM 000006
___awmod                        text44       0020B0
___awmod@counter                cstackCOMRAM 000005
___awmod@dividend               cstackCOMRAM 000001
___awmod@divisor                cstackCOMRAM 000003
___awmod@sign                   cstackCOMRAM 000006
___fladd                        text18       000012
___fladd@a                      cstackCOMRAM 000005
___fladd@aexp                   cstackCOMRAM 00000E
___fladd@b                      cstackCOMRAM 000001
___fladd@bexp                   cstackCOMRAM 00000F
___fladd@grs                    cstackCOMRAM 000010
___fladd@signs                  cstackCOMRAM 00000D
___fldiv                        text20       0004D2
___fldiv@a                      cstackCOMRAM 000005
___fldiv@aexp                   cstackCOMRAM 000019
___fldiv@b                      cstackCOMRAM 000001
___fldiv@bexp                   cstackCOMRAM 000018
___fldiv@grs                    cstackCOMRAM 000014
___fldiv@new_exp                cstackCOMRAM 000012
___fldiv@rem                    cstackCOMRAM 00000D
___fldiv@sign                   cstackCOMRAM 000011
___flge                         text19       001BBE
___flge@ff1                     cstackCOMRAM 000019
___flge@ff2                     cstackCOMRAM 00001D
___flsub                        text17       002A1E
___flsub@a                      cstackCOMRAM 000015
___flsub@b                      cstackCOMRAM 000011
___fltol                        text16       001AB8
___fltol@exp1                   cstackCOMRAM 00000A
___fltol@f1                     cstackCOMRAM 000001
___fltol@sign1                  cstackCOMRAM 000009
___inthi_sp                     stack        000000
___intlo_sp                     stack        000000
___lwdiv                        text64       0024DA
___lwdiv@counter                cstackCOMRAM 000007
___lwdiv@dividend               cstackCOMRAM 000001
___lwdiv@divisor                cstackCOMRAM 000003
___lwdiv@quotient               cstackCOMRAM 000005
___lwmod                        text63       0027BE
___lwmod@counter                cstackCOMRAM 000005
___lwmod@dividend               cstackCOMRAM 000001
___lwmod@divisor                cstackCOMRAM 000003
___param_bank                   (abs)        000000
___rparam_used                  (abs)        000001
___sp                           stack        000000
___wmul                         text48       002D9C
___wmul@multiplicand            cstackCOMRAM 000003
___wmul@multiplier              cstackCOMRAM 000001
___wmul@product                 cstackCOMRAM 000005
___xxtofl                       text15       000FBE
___xxtofl@arg                   cstackCOMRAM 00000B
___xxtofl@exp                   cstackCOMRAM 00000A
___xxtofl@sign                  cstackCOMRAM 000009
___xxtofl@val                   cstackCOMRAM 000001
__accesstop                     (abs)        000060
__activetblptr                  (abs)        000002
__end_of_BIG_FONTS              mediumconst  007C4B
__end_of_EEPROM_Read            text67       002CFC
__end_of_EEPROM_Write           text65       002CA6
__end_of_EEPROM_getRegistro     text66       002BDE
__end_of_EEPROM_setRegistro     text62       002A1E
__end_of_I2C_Init               text53       002D9C
__end_of_I2C_Read               text71       002C46
__end_of_I2C_Read_DS            text12       0023DC
__end_of_I2C_Repeated_Start_DS  text11       002D74
__end_of_I2C_Restart            text70       002F22
__end_of_I2C_Send               text69       002E92
__end_of_I2C_Start              text68       002F10
__end_of_I2C_Start_DS           text10       002D4C
__end_of_I2C_Stop               text73       002F34
__end_of_I2C_Stop_DS            text9        002D24
__end_of_I2C_Wait               text72       002E0A
__end_of_I2C_Write_DS           text8        002CD2
__end_of_MFRC522_AntennaOff     text58       002F40
__end_of_MFRC522_AntennaOn      text56       002EFE
__end_of_MFRC522_Clear_Bit      text59       002E78
__end_of_MFRC522_Init           text54       0028DC
__end_of_MFRC522_Rd             text61       00220C
__end_of_MFRC522_Reset          text55       002E5E
__end_of_MFRC522_Set_Bit        text57       002EAA
__end_of_MFRC522_Wr             text60       0024DA
__end_of_OLEDClear              text49       002930
__end_of_OLED_Init              text51       0022B4
__end_of_OLED_NPuts             text47       0020B0
__end_of_OLED_SPuts             text46       00161A
__end_of_OLEDsetCursor          text50       002DE8
__end_of_Print_Anio             text7        002686
__end_of_Print_Dia              text6        00261E
__end_of_Print_Hora             text31       0027BE
__end_of_Print_Menu             text27       002982
__end_of_Print_Mes              text5        0025B6
__end_of_Print_Minuto           text30       002756
__end_of_Print_Segundo          text29       0026EE
__end_of_Print_Ticket           text22       0018A0
__end_of_Print_config           text28       0019B2
__end_of_SMALL_FONTS            mediumconst  007E85
__end_of_TINY_FONTS             mediumconst  007FA2
__end_of_Timer1_Init            text21       002E44
__end_of_UART_Begin             text14       000FBE
__end_of_UART_Init              text13       002EC0
__end_of_UART_Print             text25       002C76
__end_of_UART_Println           text24       00245E
__end_of_UART_Write             text26       002EEC
__end_of___aodiv                text43       0014AE
__end_of___aomod                text42       00177E
__end_of___awdiv                text45       001F2E
__end_of___awmod                text44       002160
__end_of___fladd                text18       0004D2
__end_of___fldiv                text20       00086C
__end_of___flge                 text19       001CC2
__end_of___flsub                text17       002A64
__end_of___fltol                text16       001BBE
__end_of___lwdiv                text64       00254E
__end_of___lwmod                text63       002822
__end_of___wmul                 text48       002DC2
__end_of___xxtofl               text15       001172
__end_of__initialization        cinit        002B20
__end_of_abs                    text41       002B6E
__end_of_barras                 mediumconst  007FAA
__end_of_bcd_to_decimal         text23       002ED6
__end_of_decimal_to_bcd         text3        002BA6
__end_of_dtoa                   text35       000B4A
__end_of_fputc                  text39       001E6A
__end_of_fputs                  text38       002AEE
__end_of_get_RTC                text4        001AB8
__end_of_get_key                text1        000DF4
__end_of_main                   text0        001DA0
__end_of_pad                    text36       001FF0
__end_of_putch                  text40       002F4E
__end_of_scr                    intcode_body 002AAA
__end_of_set_RTC                text2        00234E
__end_of_sprintf                text32       0029D4
__end_of_ssd1306_command        text52       002E28
__end_of_strlen                 text37       002C14
__end_of_vfpfcnvrt              text34       001326
__end_of_vfprintf               text33       002884
__initialization                cinit        002AEE
__mediumconst                   mediumconst  00706A
__pbssBANK0                     bssBANK0     000060
__pbssCOMRAM                    bssCOMRAM    00005C
__pcinit                        cinit        002AEE
__pcstackBANK0                  cstackBANK0  0000D2
__pcstackCOMRAM                 cstackCOMRAM 000001
__pdataBANK0                    dataBANK0    0000E4
__pidataBANK0                   idataBANK0   002F40
__pintcode                      intcode      000008
__pintcode_body                 intcode_body 002A64
__pmediumconst                  mediumconst  00706A
__ptext0                        text0        001CC2
__ptext1                        text1        000B4A
__ptext10                       text10       002D24
__ptext11                       text11       002D4C
__ptext12                       text12       00234E
__ptext13                       text13       002EAA
__ptext14                       text14       000DF4
__ptext15                       text15       000FBE
__ptext16                       text16       001AB8
__ptext17                       text17       002A1E
__ptext18                       text18       000012
__ptext19                       text19       001BBE
__ptext2                        text2        0022B4
__ptext20                       text20       0004D2
__ptext21                       text21       002E28
__ptext22                       text22       00177E
__ptext23                       text23       002EC0
__ptext24                       text24       0023DC
__ptext25                       text25       002C46
__ptext26                       text26       002ED6
__ptext27                       text27       002930
__ptext28                       text28       0018A0
__ptext29                       text29       002686
__ptext3                        text3        002B6E
__ptext30                       text30       0026EE
__ptext31                       text31       002756
__ptext32                       text32       002982
__ptext33                       text33       002822
__ptext34                       text34       001172
__ptext35                       text35       00086C
__ptext36                       text36       001F2E
__ptext37                       text37       002BDE
__ptext38                       text38       002AAA
__ptext39                       text39       001DA0
__ptext4                        text4        0019B2
__ptext40                       text40       002F4C
__ptext41                       text41       002B2E
__ptext42                       text42       00161A
__ptext43                       text43       001326
__ptext44                       text44       0020B0
__ptext45                       text45       001E6A
__ptext46                       text46       0014AE
__ptext47                       text47       001FF0
__ptext48                       text48       002D9C
__ptext49                       text49       0028DC
__ptext5                        text5        00254E
__ptext50                       text50       002DC2
__ptext51                       text51       00220C
__ptext52                       text52       002E0A
__ptext53                       text53       002D74
__ptext54                       text54       002884
__ptext55                       text55       002E44
__ptext56                       text56       002EEC
__ptext57                       text57       002E92
__ptext58                       text58       002F34
__ptext59                       text59       002E5E
__ptext6                        text6        0025B6
__ptext60                       text60       00245E
__ptext61                       text61       002160
__ptext62                       text62       0029D4
__ptext63                       text63       0027BE
__ptext64                       text64       0024DA
__ptext65                       text65       002C76
__ptext66                       text66       002BA6
__ptext67                       text67       002CD2
__ptext68                       text68       002EFE
__ptext69                       text69       002E78
__ptext7                        text7        00261E
__ptext70                       text70       002F10
__ptext71                       text71       002C14
__ptext72                       text72       002DE8
__ptext73                       text73       002F22
__ptext8                        text8        002CA6
__ptext9                        text9        002CFC
__ramtop                        ramtop       000800
__size_of_EEPROM_Read           (abs)        000000
__size_of_EEPROM_Write          (abs)        000000
__size_of_EEPROM_getRegistro    (abs)        000000
__size_of_EEPROM_setRegistro    (abs)        000000
__size_of_I2C_Init              (abs)        000000
__size_of_I2C_Read              (abs)        000000
__size_of_I2C_Read_DS           (abs)        000000
__size_of_I2C_Repeated_Start_DS (abs)        000000
__size_of_I2C_Restart           (abs)        000000
__size_of_I2C_Send              (abs)        000000
__size_of_I2C_Start             (abs)        000000
__size_of_I2C_Start_DS          (abs)        000000
__size_of_I2C_Stop              (abs)        000000
__size_of_I2C_Stop_DS           (abs)        000000
__size_of_I2C_Wait              (abs)        000000
__size_of_I2C_Write_DS          (abs)        000000
__size_of_MFRC522_AntennaOff    (abs)        000000
__size_of_MFRC522_AntennaOn     (abs)        000000
__size_of_MFRC522_Clear_Bit     (abs)        000000
__size_of_MFRC522_Init          (abs)        000000
__size_of_MFRC522_Rd            (abs)        000000
__size_of_MFRC522_Reset         (abs)        000000
__size_of_MFRC522_Set_Bit       (abs)        000000
__size_of_MFRC522_Wr            (abs)        000000
__size_of_OLEDClear             (abs)        000000
__size_of_OLED_Init             (abs)        000000
__size_of_OLED_NPuts            (abs)        000000
__size_of_OLED_SPuts            (abs)        000000
__size_of_OLEDsetCursor         (abs)        000000
__size_of_Print_Anio            (abs)        000000
__size_of_Print_Dia             (abs)        000000
__size_of_Print_Hora            (abs)        000000
__size_of_Print_Menu            (abs)        000000
__size_of_Print_Mes             (abs)        000000
__size_of_Print_Minuto          (abs)        000000
__size_of_Print_Segundo         (abs)        000000
__size_of_Print_Ticket          (abs)        000000
__size_of_Print_config          (abs)        000000
__size_of_Timer1_Init           (abs)        000000
__size_of_UART_Begin            (abs)        000000
__size_of_UART_Init             (abs)        000000
__size_of_UART_Print            (abs)        000000
__size_of_UART_Println          (abs)        000000
__size_of_UART_Write            (abs)        000000
__size_of___aodiv               (abs)        000000
__size_of___aomod               (abs)        000000
__size_of___awdiv               (abs)        000000
__size_of___awmod               (abs)        000000
__size_of___fladd               (abs)        000000
__size_of___fldiv               (abs)        000000
__size_of___flge                (abs)        000000
__size_of___flsub               (abs)        000000
__size_of___fltol               (abs)        000000
__size_of___lwdiv               (abs)        000000
__size_of___lwmod               (abs)        000000
__size_of___wmul                (abs)        000000
__size_of___xxtofl              (abs)        000000
__size_of_abs                   (abs)        000000
__size_of_bcd_to_decimal        (abs)        000000
__size_of_decimal_to_bcd        (abs)        000000
__size_of_dtoa                  (abs)        000000
__size_of_fputc                 (abs)        000000
__size_of_fputs                 (abs)        000000
__size_of_get_RTC               (abs)        000000
__size_of_get_key               (abs)        000000
__size_of_main                  (abs)        000000
__size_of_pad                   (abs)        000000
__size_of_putch                 (abs)        000000
__size_of_scr                   (abs)        000000
__size_of_set_RTC               (abs)        000000
__size_of_sprintf               (abs)        000000
__size_of_ssd1306_command       (abs)        000000
__size_of_strlen                (abs)        000000
__size_of_vfpfcnvrt             (abs)        000000
__size_of_vfprintf              (abs)        000000
__smallconst                    smallconst   000000
_abs                            text41       002B2E
_add                            dataBANK0    0000E4
_anio                           dataBANK0    0000EB
_aniox                          dataBANK0    0000E8
_barras                         mediumconst  007FA2
_bcd_to_decimal                 text23       002EC0
_configuracion                  bssCOMRAM    00005E
_contador_t1                    bssBANK0     000090
_dbuf                           bssBANK0     000099
_decimal_to_bcd                 text3        002B6E
_dia                            dataBANK0    0000E9
_diax                           dataBANK0    0000E6
_dtoa                           text35       00086C
_dtoa$1980                      cstackCOMRAM 00002E
_flag_t1                        bssBANK0     000094
_flags                          bssCOMRAM    00005C
_fputc                          text39       001DA0
_fputs                          text38       002AAA
_get_RTC                        text4        0019B2
_get_key                        text1        000B4A
_main                           text0        001CC2
_mes                            dataBANK0    0000EA
_mesx                           dataBANK0    0000E7
_nout                           bssBANK0     000088
_pad                            text36       001F2E
_prec                           bssBANK0     00008C
_putch                          text40       002F4C
_registro                       bssBANK0     00008E
_scr                            intcode      000008
_set_RTC                        text2        0022B4
_sms                            bssBANK0     0000B9
_sprintf                        text32       002982
_ssd1306_command                text52       002E0A
_strlen                         text37       002BDE
_valores                        bssBANK0     000060
_vfpfcnvrt                      text34       001172
_vfprintf                       text33       002822
_width                          bssBANK0     00008A
abs@a                           cstackCOMRAM 000013
bcd_to_decimal@number           cstackCOMRAM 000002
btemp                           temp         00005F
decimal_to_bcd@number           cstackCOMRAM 00000B
dtoa@d                          cstackCOMRAM 00001E
dtoa@fp                         cstackCOMRAM 00001C
dtoa@i                          cstackCOMRAM 00003E
dtoa@n                          cstackCOMRAM 000036
dtoa@p                          cstackCOMRAM 000030
dtoa@s                          cstackCOMRAM 000034
dtoa@w                          cstackCOMRAM 000032
end_of_initialization           cinit        002B20
fputc@c                         cstackCOMRAM 000001
fputc@fp                        cstackCOMRAM 000003
fputs@c                         cstackCOMRAM 00000E
fputs@fp                        cstackCOMRAM 00000C
fputs@i                         cstackCOMRAM 00000F
fputs@s                         cstackCOMRAM 00000A
int$flags                       temp         00005F
int_func                        intcode_body 002A64
intlevel0                       text         000000
intlevel1                       text         000000
intlevel2                       text         000000
intlevel3                       text         000000
pad@buf                         cstackCOMRAM 000013
pad@fp                          cstackCOMRAM 000011
pad@i                           cstackCOMRAM 000018
pad@p                           cstackCOMRAM 000015
pad@w                           cstackCOMRAM 00001A
sprintf@ap                      cstackBANK0  0000DC
sprintf@f                       cstackBANK0  0000DE
sprintf@fmt                     cstackBANK0  0000D4
sprintf@s                       cstackBANK0  0000D2
ssd1306_command@command         cstackCOMRAM 000002
stackhi                         (abs)        0007FF
stacklo                         (abs)        0000EF
start                           init         00000E
start_initialization            cinit        002AEE
strlen@a                        cstackCOMRAM 000003
strlen@s                        cstackCOMRAM 000001
ttemp5                          temp         000060
ttemp6                          temp         000063
ttemp7                          temp         000067
vfpfcnvrt@ap                    cstackCOMRAM 000044
vfpfcnvrt@fmt                   cstackCOMRAM 000042
vfpfcnvrt@fp                    cstackCOMRAM 000040
vfpfcnvrt@ll                    cstackCOMRAM 000048
vfprintf@ap                     cstackCOMRAM 000054
vfprintf@cfmt                   cstackCOMRAM 000056
vfprintf@fmt                    cstackCOMRAM 000052
vfprintf@fp                     cstackCOMRAM 000050
wtemp8                          temp         000060


FUNCTION INFORMATION:

 *************** function _main *****************
 Defined at:
		line 80 in file "main.c"
 Parameters:    Size  Location     Type
		None
 Auto vars:     Size  Location     Type
		None
 Return value:  Size  Location     Type
                  1    wreg      void 
 Registers used:
		wreg, fsr0l, fsr0h, fsr1l, fsr1h, fsr2l, fsr2h, status,2, status,0, tblptrl, tblptrh, tblptru, prodl, prodh, cstack
 Tracked objects:
		On entry : 
		On exit  : 
		Unchanged: 
 Data sizes:     COMRAM   BANK0   BANK1   BANK2   BANK3   BANK4   BANK5   BANK6   BANK7
      Params:         0       0       0       0       0       0       0       0       0
      Locals:         0       0       0       0       0       0       0       0       0
      Temps:          2       0       0       0       0       0       0       0       0
      Totals:         2       0       0       0       0       0       0       0       0
Total ram usage:        2 bytes
 Hardware stack levels required when called:   11
 This function calls:
		_EEPROM_Read
		_EEPROM_Write
		_EEPROM_getRegistro
		_EEPROM_setRegistro
		_MFRC522_Init
		_OLED_Init
		_Print_Menu
		_Print_Ticket
		_Timer1_Init
		_UART_Begin
		_UART_Init
		_UART_Println
		_get_RTC
		_get_key
 This function is called by:
		Startup code after reset
 This function uses a non-reentrant model


 *************** function _get_key *****************
 Defined at:
		line 240 in file "main.c"
 Parameters:    Size  Location     Type
		None
 Auto vars:     Size  Location     Type
		None
 Return value:  Size  Location     Type
                  1    wreg      void 
 Registers used:
		wreg, fsr0l, fsr0h, fsr1l, fsr1h, fsr2l, fsr2h, status,2, status,0, tblptrl, tblptrh, tblptru, prodl, prodh, cstack
 Tracked objects:
		On entry : 
		On exit  : 
		Unchanged: 
 Data sizes:     COMRAM   BANK0   BANK1   BANK2   BANK3   BANK4   BANK5   BANK6   BANK7
      Params:         0       0       0       0       0       0       0       0       0
      Locals:         0       0       0       0       0       0       0       0       0
      Temps:          2       0       0       0       0       0       0       0       0
      Totals:         2       0       0       0       0       0       0       0       0
Total ram usage:        2 bytes
 Hardware stack levels used:    1
 Hardware stack levels required when called:   10
 This function calls:
		_Print_Anio
		_Print_Dia
		_Print_Hora
		_Print_Mes
		_Print_Minuto
		_Print_config
		_set_RTC
 This function is called by:
		_main
 This function uses a non-reentrant model


 *************** function _set_RTC *****************
 Defined at:
		line 218 in file "main.c"
 Parameters:    Size  Location     Type
		None
 Auto vars:     Size  Location     Type
		None
 Return value:  Size  Location     Type
                  1    wreg      void 
 Registers used:
		wreg, status,2, status,0, prodl, prodh, cstack
 Tracked objects:
		On entry : 
		On exit  : 
		Unchanged: 
 Data sizes:     COMRAM   BANK0   BANK1   BANK2   BANK3   BANK4   BANK5   BANK6   BANK7
      Params:         0       0       0       0       0       0       0       0       0
      Locals:         0       0       0       0       0       0       0       0       0
      Temps:          1       0       0       0       0       0       0       0       0
      Totals:         1       0       0       0       0       0       0       0       0
Total ram usage:        1 bytes
 Hardware stack levels used:    1
 Hardware stack levels required when called:    3
 This function calls:
		_I2C_Start_DS
		_I2C_Stop_DS
		_I2C_Write_DS
		_decimal_to_bcd
 This function is called by:
		_get_key
 This function uses a non-reentrant model


 *************** function _decimal_to_bcd *****************
 Defined at:
		line 176 in file "main.c"
 Parameters:    Size  Location     Type
  number          1    wreg     unsigned char 
 Auto vars:     Size  Location     Type
  number          1   10[COMRAM] unsigned char 
 Return value:  Size  Location     Type
                  1    wreg      unsigned char 
 Registers used:
		wreg, status,2, status,0, prodl, prodh, cstack
 Tracked objects:
		On entry : 
		On exit  : 
		Unchanged: 
 Data sizes:     COMRAM   BANK0   BANK1   BANK2   BANK3   BANK4   BANK5   BANK6   BANK7
      Params:         0       0       0       0       0       0       0       0       0
      Locals:         1       0       0       0       0       0       0       0       0
      Temps:          2       0       0       0       0       0       0       0       0
      Totals:         3       0       0       0       0       0       0       0       0
Total ram usage:        3 bytes
 Hardware stack levels used:    1
 Hardware stack levels required when called:    2
 This function calls:
		___awdiv
		___awmod
 This function is called by:
		_set_RTC
 This function uses a non-reentrant model


 *************** function _get_RTC *****************
 Defined at:
		line 179 in file "main.c"
 Parameters:    Size  Location     Type
		None
 Auto vars:     Size  Location     Type
		None
 Return value:  Size  Location     Type
                  1    wreg      void 
 Registers used:
		wreg, fsr0l, fsr0h, fsr1l, fsr1h, fsr2l, fsr2h, status,2, status,0, tblptrl, tblptrh, tblptru, cstack
 Tracked objects:
		On entry : 
		On exit  : 
		Unchanged: 
 Data sizes:     COMRAM   BANK0   BANK1   BANK2   BANK3   BANK4   BANK5   BANK6   BANK7
      Params:         0       0       0       0       0       0       0       0       0
      Locals:         0       0       0       0       0       0       0       0       0
      Temps:          0       0       0       0       0       0       0       0       0
      Totals:         0       0       0       0       0       0       0       0       0
Total ram usage:        0 bytes
 Hardware stack levels used:    1
 Hardware stack levels required when called:   10
 This function calls:
		_I2C_Read_DS
		_I2C_Repeated_Start_DS
		_I2C_Start_DS
		_I2C_Stop_DS
		_I2C_Write_DS
		_Print_Anio
		_Print_Dia
		_Print_Hora
		_Print_Mes
		_Print_Minuto
		_Print_Segundo
 This function is called by:
		_main
 This function uses a non-reentrant model


 *************** function _Print_Mes *****************
 Defined at:
		line 155 in file "main.c"
 Parameters:    Size  Location     Type
		None
 Auto vars:     Size  Location     Type
		None
 Return value:  Size  Location     Type
                  1    wreg      void 
 Registers used:
		wreg, fsr0l, fsr0h, fsr1l, fsr1h, fsr2l, fsr2h, status,2, status,0, tblptrl, tblptrh, tblptru, cstack
 Tracked objects:
		On entry : 
		On exit  : 
		Unchanged: 
 Data sizes:     COMRAM   BANK0   BANK1   BANK2   BANK3   BANK4   BANK5   BANK6   BANK7
      Params:         0       0       0       0       0       0       0       0       0
      Locals:         0       0       0       0       0       0       0       0       0
      Temps:          0       0       0       0       0       0       0       0       0
      Totals:         0       0       0       0       0       0       0       0       0
Total ram usage:        0 bytes
 Hardware stack levels used:    1
 Hardware stack levels required when called:    9
 This function calls:
		_OLED_SPuts
		___awdiv
		___awmod
		_sprintf
 This function is called by:
		_get_RTC
		_get_key
 This function uses a non-reentrant model


 *************** function _Print_Dia *****************
 Defined at:
		line 151 in file "main.c"
 Parameters:    Size  Location     Type
		None
 Auto vars:     Size  Location     Type
		None
 Return value:  Size  Location     Type
                  1    wreg      void 
 Registers used:
		wreg, fsr0l, fsr0h, fsr1l, fsr1h, fsr2l, fsr2h, status,2, status,0, tblptrl, tblptrh, tblptru, cstack
 Tracked objects:
		On entry : 
		On exit  : 
		Unchanged: 
 Data sizes:     COMRAM   BANK0   BANK1   BANK2   BANK3   BANK4   BANK5   BANK6   BANK7
      Params:         0       0       0       0       0       0       0       0       0
      Locals:         0       0       0       0       0       0       0       0       0
      Temps:          0       0       0       0       0       0       0       0       0
      Totals:         0       0       0       0       0       0       0       0       0
Total ram usage:        0 bytes
 Hardware stack levels used:    1
 Hardware stack levels required when called:    9
 This function calls:
		_OLED_SPuts
		___awdiv
		___awmod
		_sprintf
 This function is called by:
		_get_RTC
		_get_key
 This function uses a non-reentrant model


 *************** function _Print_Anio *****************
 Defined at:
		line 159 in file "main.c"
 Parameters:    Size  Location     Type
		None
 Auto vars:     Size  Location     Type
		None
 Return value:  Size  Location     Type
                  1    wreg      void 
 Registers used:
		wreg, fsr0l, fsr0h, fsr1l, fsr1h, fsr2l, fsr2h, status,2, status,0, tblptrl, tblptrh, tblptru, cstack
 Tracked objects:
		On entry : 
		On exit  : 
		Unchanged: 
 Data sizes:     COMRAM   BANK0   BANK1   BANK2   BANK3   BANK4   BANK5   BANK6   BANK7
      Params:         0       0       0       0       0       0       0       0       0
      Locals:         0       0       0       0       0       0       0       0       0
      Temps:          0       0       0       0       0       0       0       0       0
      Totals:         0       0       0       0       0       0       0       0       0
Total ram usage:        0 bytes
 Hardware stack levels used:    1
 Hardware stack levels required when called:    9
 This function calls:
		_OLED_SPuts
		___awdiv
		___awmod
		_sprintf
 This function is called by:
		_get_RTC
		_get_key
 This function uses a non-reentrant model


 *************** function _I2C_Write_DS *****************
 Defined at:
		line 22 in file "DS3231.c"
 Parameters:    Size  Location     Type
  i2c_data        1    wreg     unsigned char 
 Auto vars:     Size  Location     Type
  i2c_data        1    1[COMRAM] unsigned char 
 Return value:  Size  Location     Type
                  1    wreg      void 
 Registers used:
		wreg, status,2, status,0
 Tracked objects:
		On entry : 
		On exit  : 
		Unchanged: 
 Data sizes:     COMRAM   BANK0   BANK1   BANK2   BANK3   BANK4   BANK5   BANK6   BANK7
      Params:         0       0       0       0       0       0       0       0       0
      Locals:         1       0       0       0       0       0       0       0       0
      Temps:          1       0       0       0       0       0       0       0       0
      Totals:         2       0       0       0       0       0       0       0       0
Total ram usage:        2 bytes
 Hardware stack levels used:    1
 Hardware stack levels required when called:    1
 This function calls:
		Nothing
 This function is called by:
		_get_RTC
		_set_RTC
 This function uses a non-reentrant model


 *************** function _I2C_Stop_DS *****************
 Defined at:
		line 16 in file "DS3231.c"
 Parameters:    Size  Location     Type
		None
 Auto vars:     Size  Location     Type
		None
 Return value:  Size  Location     Type
                  1    wreg      void 
 Registers used:
		wreg, status,2, status,0
 Tracked objects:
		On entry : 
		On exit  : 
		Unchanged: 
 Data sizes:     COMRAM   BANK0   BANK1   BANK2   BANK3   BANK4   BANK5   BANK6   BANK7
      Params:         0       0       0       0       0       0       0       0       0
      Locals:         0       0       0       0       0       0       0       0       0
      Temps:          1       0       0       0       0       0       0       0       0
      Totals:         1       0       0       0       0       0       0       0       0
Total ram usage:        1 bytes
 Hardware stack levels used:    1
 Hardware stack levels required when called:    1
 This function calls:
		Nothing
 This function is called by:
		_get_RTC
		_set_RTC
 This function uses a non-reentrant model


 *************** function _I2C_Start_DS *****************
 Defined at:
		line 4 in file "DS3231.c"
 Parameters:    Size  Location     Type
		None
 Auto vars:     Size  Location     Type
		None
 Return value:  Size  Location     Type
                  1    wreg      void 
 Registers used:
		wreg, status,2, status,0
 Tracked objects:
		On entry : 
		On exit  : 
		Unchanged: 
 Data sizes:     COMRAM   BANK0   BANK1   BANK2   BANK3   BANK4   BANK5   BANK6   BANK7
      Params:         0       0       0       0       0       0       0       0       0
      Locals:         0       0       0       0       0       0       0       0       0
      Temps:          1       0       0       0       0       0       0       0       0
      Totals:         1       0       0       0       0       0       0       0       0
Total ram usage:        1 bytes
 Hardware stack levels used:    1
 Hardware stack levels required when called:    1
 This function calls:
		Nothing
 This function is called by:
		_get_RTC
		_set_RTC
 This function uses a non-reentrant model


 *************** function _I2C_Repeated_Start_DS *****************
 Defined at:
		line 10 in file "DS3231.c"
 Parameters:    Size  Location     Type
		None
 Auto vars:     Size  Location     Type
		None
 Return value:  Size  Location     Type
                  1    wreg      void 
 Registers used:
		wreg, status,2, status,0
 Tracked objects:
		On entry : 
		On exit  : 
		Unchanged: 
 Data sizes:     COMRAM   BANK0   BANK1   BANK2   BANK3   BANK4   BANK5   BANK6   BANK7
      Params:         0       0       0       0       0       0       0       0       0
      Locals:         0       0       0       0       0       0       0       0       0
      Temps:          1       0       0       0       0       0       0       0       0
      Totals:         1       0       0       0       0       0       0       0       0
Total ram usage:        1 bytes
 Hardware stack levels used:    1
 Hardware stack levels required when called:    1
 This function calls:
		Nothing
 This function is called by:
		_get_RTC
 This function uses a non-reentrant model


 *************** function _I2C_Read_DS *****************
 Defined at:
		line 28 in file "DS3231.c"
 Parameters:    Size  Location     Type
  ack             1    wreg     unsigned char 
 Auto vars:     Size  Location     Type
  ack             1    1[COMRAM] unsigned char 
  data            1    2[COMRAM] unsigned char 
 Return value:  Size  Location     Type
                  1    wreg      unsigned char 
 Registers used:
		wreg, status,2, status,0
 Tracked objects:
		On entry : 
		On exit  : 
		Unchanged: 
 Data sizes:     COMRAM   BANK0   BANK1   BANK2   BANK3   BANK4   BANK5   BANK6   BANK7
      Params:         0       0       0       0       0       0       0       0       0
      Locals:         2       0       0       0       0       0       0       0       0
      Temps:          1       0       0       0       0       0       0       0       0
      Totals:         3       0       0       0       0       0       0       0       0
Total ram usage:        3 bytes
 Hardware stack levels used:    1
 Hardware stack levels required when called:    1
 This function calls:
		Nothing
 This function is called by:
		_get_RTC
 This function uses a non-reentrant model


 *************** function _UART_Init *****************
 Defined at:
		line 4 in file "UART.c"
 Parameters:    Size  Location     Type
		None
 Auto vars:     Size  Location     Type
		None
 Return value:  Size  Location     Type
                  1    wreg      void 
 Registers used:
		None
 Tracked objects:
		On entry : 
		On exit  : 
		Unchanged: 
 Data sizes:     COMRAM   BANK0   BANK1   BANK2   BANK3   BANK4   BANK5   BANK6   BANK7
      Params:         0       0       0       0       0       0       0       0       0
[...]
Total ram usage:        5 bytes
 Hardware stack levels used:    1
 Hardware stack levels required when called:    1
 This function calls:
		Nothing
 This function is called by:
		_EEPROM_setRegistro
 This function uses a non-reentrant model


 *************** function ___lwdiv *****************
 Defined at:
		line 7 in file "C:\Program Files\Microchip\xc8\v2.31\pic\sources\c99\common\lwdiv.c"
 Parameters:    Size  Location     Type
  dividend        2    0[COMRAM] unsigned int 
  divisor         2    2[COMRAM] unsigned int 
 Auto vars:     Size  Location     Type
  quotient        2    4[COMRAM] unsigned int 
  counter         1    6[COMRAM] unsigned char 
 Return value:  Size  Location     Type
                  2    0[COMRAM] unsigned int 
 Registers used:
		wreg, status,2, status,0
 Tracked objects:
		On entry : 
		On exit  : 
		Unchanged: 
 Data sizes:     COMRAM   BANK0   BANK1   BANK2   BANK3   BANK4   BANK5   BANK6   BANK7
      Params:         4       0       0       0       0       0       0       0       0
      Locals:         3       0       0       0       0       0       0       0       0
      Temps:          0       0       0       0       0       0       0       0       0
      Totals:         7       0       0       0       0       0       0       0       0
Total ram usage:        7 bytes
 Hardware stack levels used:    1
 Hardware stack levels required when called:    1
 This function calls:
		Nothing
 This function is called by:
		_EEPROM_setRegistro
 This function uses a non-reentrant model


 *************** function _EEPROM_Write *****************
 Defined at:
		line 9 in file "24LC256.c"
 Parameters:    Size  Location     Type
  add             2    7[COMRAM] unsigned int 
  data            1    9[COMRAM] unsigned char 
 Auto vars:     Size  Location     Type
		None
 Return value:  Size  Location     Type
                  1    wreg      void 
 Registers used:
		wreg, status,2, cstack
 Tracked objects:
		On entry : 
		On exit  : 
		Unchanged: 
 Data sizes:     COMRAM   BANK0   BANK1   BANK2   BANK3   BANK4   BANK5   BANK6   BANK7
      Params:         3       0       0       0       0       0       0       0       0
      Locals:         0       0       0       0       0       0       0       0       0
      Temps:          1       0       0       0       0       0       0       0       0
      Totals:         4       0       0       0       0       0       0       0       0
Total ram usage:        4 bytes
 Hardware stack levels used:    1
 Hardware stack levels required when called:    4
 This function calls:
		_I2C_Send
		_I2C_Start
		_I2C_Stop
 This function is called by:
		_main
		_EEPROM_setRegistro
 This function uses a non-reentrant model


 *************** function _EEPROM_getRegistro *****************
 Defined at:
		line 29 in file "24LC256.c"
 Parameters:    Size  Location     Type
		None
 Auto vars:     Size  Location     Type
  registro        2    9[COMRAM] unsigned int 
 Return value:  Size  Location     Type
                  2    4[COMRAM] unsigned int 
 Registers used:
		wreg, status,2, status,0, cstack
 Tracked objects:
		On entry : 
		On exit  : 
		Unchanged: 
 Data sizes:     COMRAM   BANK0   BANK1   BANK2   BANK3   BANK4   BANK5   BANK6   BANK7
      Params:         2       0       0       0       0       0       0       0       0
      Locals:         2       0       0       0       0       0       0       0       0
      Temps:          3       0       0       0       0       0       0       0       0
      Totals:         7       0       0       0       0       0       0       0       0
Total ram usage:        7 bytes
 Hardware stack levels used:    1
 Hardware stack levels required when called:    5
 This function calls:
		_EEPROM_Read
 This function is called by:
		_main
		_Registro_busqueda
 This function uses a non-reentrant model


 *************** function _EEPROM_Read *****************
 Defined at:
		line 18 in file "24LC256.c"
 Parameters:    Size  Location     Type
  add             2    1[COMRAM] unsigned int 
 Auto vars:     Size  Location     Type
  temp            1    3[COMRAM] unsigned char 
 Return value:  Size  Location     Type
                  1    wreg      unsigned char 
 Registers used:
		wreg, status,2, cstack
 Tracked objects:
		On entry : 
		On exit  : 
		Unchanged: 
 Data sizes:     COMRAM   BANK0   BANK1   BANK2   BANK3   BANK4   BANK5   BANK6   BANK7
      Params:         2       0       0       0       0       0       0       0       0
      Locals:         1       0       0       0       0       0       0       0       0
      Temps:          0       0       0       0       0       0       0       0       0
      Totals:         3       0       0       0       0       0       0       0       0
Total ram usage:        3 bytes
 Hardware stack levels used:    1
 Hardware stack levels required when called:    4
 This function calls:
		_I2C_Read
		_I2C_Restart
		_I2C_Send
		_I2C_Start
 This function is called by:
		_main
		_EEPROM_getRegistro
 This function uses a non-reentrant model


 *************** function _I2C_Start *****************
 Defined at:
		line 37 in file "i2c.c"
 Parameters:    Size  Location     Type
		None
 Auto vars:     Size  Location     Type
		None
 Return value:  Size  Location     Type
                  1    wreg      void 
 Registers used:
		None
 Tracked objects:
		On entry : 
		On exit  : 
		Unchanged: 
 Data sizes:     COMRAM   BANK0   BANK1   BANK2   BANK3   BANK4   BANK5   BANK6   BANK7
      Params:         0       0       0       0       0       0       0       0       0
      Locals:         0       0       0       0       0       0       0       0       0
      Temps:          0       0       0       0       0       0       0       0       0
      Totals:         0       0       0       0       0       0       0       0       0
Total ram usage:        0 bytes
 Hardware stack levels used:    1
 Hardware stack levels required when called:    1
 This function calls:
		Nothing
 This function is called by:
		_ssd1306_command
		_OLED_NPuts
		_OLED_SPuts
		_OLEDClear
		_EEPROM_Write
		_EEPROM_Read
 This function uses a non-reentrant model


 *************** function _I2C_Send *****************
 Defined at:
		line 88 in file "i2c.c"
 Parameters:    Size  Location     Type
  data            1    wreg     unsigned char 
 Auto vars:     Size  Location     Type
  data            1    0[COMRAM] unsigned char 
 Return value:  Size  Location     Type
                  1    wreg      void 
 Registers used:
		wreg, cstack
 Tracked objects:
		On entry : 
		On exit  : 
		Unchanged: 
 Data sizes:     COMRAM   BANK0   BANK1   BANK2   BANK3   BANK4   BANK5   BANK6   BANK7
      Params:         0       0       0       0       0       0       0       0       0
      Locals:         1       0       0       0       0       0       0       0       0
      Temps:          0       0       0       0       0       0       0       0       0
      Totals:         1       0       0       0       0       0       0       0       0
Total ram usage:        1 bytes
 Hardware stack levels used:    1
 Hardware stack levels required when called:    3
 This function calls:
		_I2C_Wait
 This function is called by:
		_ssd1306_command
		_OLED_NPuts
		_OLED_SPuts
		_OLEDClear
		_EEPROM_Write
		_EEPROM_Read
 This function uses a non-reentrant model


 *************** function _I2C_Restart *****************
 Defined at:
		line 49 in file "i2c.c"
 Parameters:    Size  Location     Type
		None
 Auto vars:     Size  Location     Type
		None
 Return value:  Size  Location     Type
                  1    wreg      void 
 Registers used:
		None
 Tracked objects:
		On entry : 
		On exit  : 
		Unchanged: 
 Data sizes:     COMRAM   BANK0   BANK1   BANK2   BANK3   BANK4   BANK5   BANK6   BANK7
      Params:         0       0       0       0       0       0       0       0       0
      Locals:         0       0       0       0       0       0       0       0       0
      Temps:          0       0       0       0       0       0       0       0       0
      Totals:         0       0       0       0       0       0       0       0       0
Total ram usage:        0 bytes
 Hardware stack levels used:    1
 Hardware stack levels required when called:    1
 This function calls:
		Nothing
 This function is called by:
		_EEPROM_Read
 This function uses a non-reentrant model


 *************** function _I2C_Read *****************
 Defined at:
		line 99 in file "i2c.c"
 Parameters:    Size  Location     Type
		None
 Auto vars:     Size  Location     Type
  temp            1    0[COMRAM] unsigned char 
 Return value:  Size  Location     Type
                  1    wreg      unsigned char 
 Registers used:
		wreg, status,2, cstack
 Tracked objects:
		On entry : 
		On exit  : 
		Unchanged: 
 Data sizes:     COMRAM   BANK0   BANK1   BANK2   BANK3   BANK4   BANK5   BANK6   BANK7
      Params:         0       0       0       0       0       0       0       0       0
      Locals:         1       0       0       0       0       0       0       0       0
      Temps:          0       0       0       0       0       0       0       0       0
      Totals:         1       0       0       0       0       0       0       0       0
Total ram usage:        1 bytes
 Hardware stack levels used:    1
 Hardware stack levels required when called:    3
 This function calls:
		_I2C_Stop
		_I2C_Wait
 This function is called by:
		_EEPROM_Read
 This function uses a non-reentrant model


 *************** function _I2C_Wait *****************
 Defined at:
		line 72 in file "i2c.c"
 Parameters:    Size  Location     Type
		None
 Auto vars:     Size  Location     Type
		None
 Return value:  Size  Location     Type
                  1    wreg      void 
 Registers used:
		cstack
 Tracked objects:
		On entry : 
		On exit  : 
		Unchanged: 
 Data sizes:     COMRAM   BANK0   BANK1   BANK2   BANK3   BANK4   BANK5   BANK6   BANK7
      Params:         0       0       0       0       0       0       0       0       0
      Locals:         0       0       0       0       0       0       0       0       0
      Temps:          0       0       0       0       0       0       0       0       0
      Totals:         0       0       0       0       0       0       0       0       0
Total ram usage:        0 bytes
 Hardware stack levels used:    1
 Hardware stack levels required when called:    2
 This function calls:
		_I2C_Stop
 This function is called by:
		_I2C_Send
		_I2C_Read
 This function uses a non-reentrant model


 *************** function _I2C_Stop *****************
 Defined at:
		line 61 in file "i2c.c"
 Parameters:    Size  Location     Type
		None
 Auto vars:     Size  Location     Type
		None
 Return value:  Size  Location     Type
                  1    wreg      void 
 Registers used:
		None
 Tracked objects:
		On entry : 
		On exit  : 
		Unchanged: 
 Data sizes:     COMRAM   BANK0   BANK1   BANK2   BANK3   BANK4   BANK5   BANK6   BANK7
      Params:         0       0       0       0       0       0       0       0       0
      Locals:         0       0       0       0       0       0       0       0       0
      Temps:          0       0       0       0       0       0       0       0       0
      Totals:         0       0       0       0       0       0       0       0       0
Total ram usage:        0 bytes
 Hardware stack levels used:    1
 Hardware stack levels required when called:    1
 This function calls:
		Nothing
 This function is called by:
		_ssd1306_command
		_OLED_Init
		_OLED_NPuts
		_OLED_SPuts
		_OLEDClear
		_I2C_Wait
		_I2C_Read
		_EEPROM_Write
 This function uses a non-reentrant model


 *************** function _scr *****************
 Defined at:
		line 68 in file "main.c"
 Parameters:    Size  Location     Type
		None
 Auto vars:     Size  Location     Type
		None
 Return value:  Size  Location     Type
                  1    wreg      void 
 Registers used:
		wreg, status,2, status,0
 Tracked objects:
		On entry : 
		On exit  : 
		Unchanged: 
 Data sizes:     COMRAM   BANK0   BANK1   BANK2   BANK3   BANK4   BANK5   BANK6   BANK7
      Params:         0       0       0       0       0       0       0       0       0
      Locals:         0       0       0       0       0       0       0       0       0
      Temps:          0       0       0       0       0       0       0       0       0
      Totals:         0       0       0       0       0       0       0       0       0
Total ram usage:        0 bytes
 Hardware stack levels used:    1
 This function calls:
		Nothing
 This function is called by:
		Interrupt level 2
 This function uses a non-reentrant model



MODULE INFORMATION

Module		Function		Class		Link	Load	Size
UART.c
		_UART_Init     		CODE           	2EAA	0000	22
		_UART_Print    		CODE           	2C46	0000	48
		_UART_Println  		CODE           	23DC	0000	130
		_UART_Begin    		CODE           	0DF4	0000	458
		_UART_Write    		CODE           	2ED6	0000	22

UART.c estimated size: 680

C:\Program Files\Microchip\xc8\v2.31\pic\sources\c99\common\sprcadd.c
		___flsub       		CODE           	2A1E	0000	70
		___fladd       		CODE           	0012	0000	1216

C:\Program Files\Microchip\xc8\v2.31\pic\sources\c99\common\sprcadd.c estimated size: 1286

24LC256.c
		_EEPROM_getRegistro		CODE           	2BA6	0000	56
		_EEPROM_setRegistro		CODE           	29D4	0000	74
		_EEPROM_Read   		CODE           	2CD2	0000	42
		_EEPROM_Write  		CODE           	2C76	0000	48

24LC256.c estimated size: 220

C:\Program Files\Microchip\xc8\v2.31\pic\sources\c99\common\putch.c
		_putch         		CODE           	2F4C	0000	2

C:\Program Files\Microchip\xc8\v2.31\pic\sources\c99\common\putch.c estimated size: 2

C:\Program Files\Microchip\xc8\v2.31\pic\sources\c99\common\nf_fputs.c
		_fputs         		CODE           	2AAA	0000	68

C:\Program Files\Microchip\xc8\v2.31\pic\sources\c99\common\nf_fputs.c estimated size: 68

C:\Program Files\Microchip\xc8\v2.31\pic\sources\c99\common\xxtofl.c
		___xxtofl      		CODE           	0FBE	0000	436

C:\Program Files\Microchip\xc8\v2.31\pic\sources\c99\common\xxtofl.c estimated size: 436

Timer1.c
		_Timer1_Init   		CODE           	2E28	0000	28

Timer1.c estimated size: 28

C:\Program Files\Microchip\xc8\v2.31\pic\sources\c99\common\aomod.c
		___aomod       		CODE           	161A	0000	356

C:\Program Files\Microchip\xc8\v2.31\pic\sources\c99\common\aomod.c estimated size: 356

i2c.c
		_I2C_Stop      		CODE           	2F22	0000	18
		_I2C_Wait      		CODE           	2DE8	0000	34
		_I2C_Read      		CODE           	2C14	0000	50
		_I2C_Init      		CODE           	2D74	0000	40
		_I2C_Send      		CODE           	2E78	0000	26
		_I2C_Start     		CODE           	2EFE	0000	18
		_I2C_Restart   		CODE           	2F10	0000	18

i2c.c estimated size: 204

C:\Program Files\Microchip\xc8\v2.31\pic\sources\c99\common\abs.c
		_abs           		CODE           	2B2E	0000	64

C:\Program Files\Microchip\xc8\v2.31\pic\sources\c99\common\abs.c estimated size: 64

C:\Program Files\Microchip\xc8\v2.31\pic\sources\c99\common\strlen.c
		_strlen        		CODE           	2BDE	0000	54

C:\Program Files\Microchip\xc8\v2.31\pic\sources\c99\common\strlen.c estimated size: 54

C:\Program Files\Microchip\xc8\v2.31\pic\sources\c99\common\lwmod.c
		___lwmod       		CODE           	27BE	0000	100

C:\Program Files\Microchip\xc8\v2.31\pic\sources\c99\common\lwmod.c estimated size: 100

C:\Program Files\Microchip\xc8\v2.31\pic\sources\c99\common\awmod.c
		___awmod       		CODE           	20B0	0000	176

C:\Program Files\Microchip\xc8\v2.31\pic\sources\c99\common\awmod.c estimated size: 176

Oled.c
		_ssd1306_command		CODE           	2E0A	0000	30
		_OLED_SPuts    		CODE           	14AE	0000	364
		_OLED_Init     		CODE           	220C	0000	168
		_OLEDClear     		CODE           	28DC	0000	84
		_OLED_NPuts    		CODE           	1FF0	0000	192
		_OLEDsetCursor 		CODE           	2DC2	0000	38

Oled.c estimated size: 876

C:\Program Files\Microchip\xc8\v2.31\pic\sources\c99\common\aodiv.c
		___aodiv       		CODE           	1326	0000	392

C:\Program Files\Microchip\xc8\v2.31\pic\sources\c99\common\aodiv.c estimated size: 392

C:\Program Files\Microchip\xc8\v2.31\pic\sources\c99\common\nf_fputc.c
		_fputc         		CODE           	1DA0	0000	202

C:\Program Files\Microchip\xc8\v2.31\pic\sources\c99\common\nf_fputc.c estimated size: 202

shared
		_barras        		MEDIUMCONST    	7FA2	0000	8
		_TINY_FONTS    		MEDIUMCONST    	7E85	0000	285
		_BIG_FONTS     		MEDIUMCONST    	706B	0000	3040
		__initialization		CODE           	2AEE	0000	50
		_SMALL_FONTS   		MEDIUMCONST    	7C4B	0000	570

shared estimated size: 3953

DS3231.c
		_I2C_Write_DS  		CODE           	2CA6	0000	44
		_I2C_Stop_DS   		CODE           	2CFC	0000	40
		_I2C_Read_DS   		CODE           	234E	0000	142
		_I2C_Repeated_Start_DS		CODE           	2D4C	0000	40
		_I2C_Start_DS  		CODE           	2D24	0000	40

DS3231.c estimated size: 306

C:\Program Files\Microchip\xc8\v2.31\pic\sources\c99\common\lwdiv.c
		___lwdiv       		CODE           	24DA	0000	116

C:\Program Files\Microchip\xc8\v2.31\pic\sources\c99\common\lwdiv.c estimated size: 116

C:\Program Files\Microchip\xc8\v2.31\pic\sources\c99\common\awdiv.c
		___awdiv       		CODE           	1E6A	0000	196

C:\Program Files\Microchip\xc8\v2.31\pic\sources\c99\common\awdiv.c estimated size: 196

C:\Program Files\Microchip\xc8\v2.31\pic\sources\c99\common\doprnt.c
		_vfpfcnvrt     		CODE           	1172	0000	436
		_pad           		CODE           	1F2E	0000	194
		_dtoa          		CODE           	086C	0000	734
		_vfprintf      		CODE           	2822	0000	98

C:\Program Files\Microchip\xc8\v2.31\pic\sources\c99\common\doprnt.c estimated size: 1462

C:\Program Files\Microchip\xc8\v2.31\pic\sources\c99\common\sprcdiv.c
		___fldiv       		CODE           	04D2	0000	922

C:\Program Files\Microchip\xc8\v2.31\pic\sources\c99\common\sprcdiv.c estimated size: 922

C:\Program Files\Microchip\xc8\v2.31\pic\sources\c99\common\fltol.c
		___fltol       		CODE           	1AB8	0000	262

C:\Program Files\Microchip\xc8\v2.31\pic\sources\c99\common\fltol.c estimated size: 262

C:\Program Files\Microchip\xc8\v2.31\pic\sources\c99\common\nf_sprintf.c
		_sprintf       		CODE           	2982	0000	82

C:\Program Files\Microchip\xc8\v2.31\pic\sources\c99\common\nf_sprintf.c estimated size: 82

C:\Program Files\Microchip\xc8\v2.31\pic\sources\c99\common\flge.c
		___flge        		CODE           	1BBE	0000	260

C:\Program Files\Microchip\xc8\v2.31\pic\sources\c99\common\flge.c estimated size: 260

C:\Program Files\Microchip\xc8\v2.31\pic\sources\c99\common\Umul16.c
		___wmul        		CODE           	2D9C	0000	38

C:\Program Files\Microchip\xc8\v2.31\pic\sources\c99\common\Umul16.c estimated size: 38

main.c
		_Print_Minuto  		CODE           	26EE	0000	104
		_Print_config  		CODE           	18A0	0000	274
		_Print_Segundo 		CODE           	2686	0000	104
		_decimal_to_bcd		CODE           	2B6E	0000	56
		_main          		CODE           	1CC2	0000	222
		_scr           		CODE           	0008	0000	76
		_bcd_to_decimal		CODE           	2EC0	0000	22
		_Print_Hora    		CODE           	2756	0000	104
		_get_RTC       		CODE           	19B2	0000	262
		_Print_Anio    		CODE           	261E	0000	104
		_set_RTC       		CODE           	22B4	0000	154
		_Print_Dia     		CODE           	25B6	0000	104
		_Print_Ticket  		CODE           	177E	0000	290
		_get_key       		CODE           	0B4A	0000	682
		_Print_Mes     		CODE           	254E	0000	104
		_Print_Menu    		CODE           	2930	0000	82

main.c estimated size: 2744

RC522.c
		_MFRC522_Rd    		CODE           	2160	0000	172
		_MFRC522_Wr    		CODE           	245E	0000	124
		_MFRC522_Init  		CODE           	2884	0000	88
		_MFRC522_Reset 		CODE           	2E44	0000	26
		_MFRC522_AntennaOn		CODE           	2EEC	0000	18
		_MFRC522_Clear_Bit		CODE           	2E5E	0000	26
		_MFRC522_AntennaOff		CODE           	2F34	0000	12
		_MFRC522_Set_Bit		CODE           	2E92	0000	24

RC522.c estimated size: 490

