Microchip MPLAB XC8 Compiler V2.31

Linker command line:

-W-3 --edf=C:\Program Files\Microchip\xc8\v2.31\pic\dat\en_msgs.txt -cn \
  -h+dist/default/production\PIC18F4550_Registro.X.production.sym \
  --cmf=dist/default/production\PIC18F4550_Registro.X.production.cmf -z \
  -Q18F4550 -oC:\Users\EAVELL~1\AppData\Local\Temp\suc.3 \
  --defsym=__MPLAB_BUILD=1 \
  -Mdist/default/production/PIC18F4550_Registro.X.production.map -E1 \
  -ver=XC8 Compiler --acfsm=1493 -ASTACK=0EDh-07FFh -pstack=STACK \
  -ACODE=00h-07FFFh -ACONST=00h-07FFFh -ASMALLCONST=0800h-08FFhx120 \
  -AMEDIUMCONST=0800h-07FFFh -ACOMRAM=01h-05Fh -AABS1=00h-07FFh \
  -ABIGRAM=01h-07FFh -ARAM=060h-0FFh,0100h-01FFhx7 -ABANK0=060h-0FFh \
  -ABANK1=0100h-01FFh -ABANK2=0200h-02FFh -ABANK3=0300h-03FFh \
  -ABANK4=0400h-04FFh -ABANK5=0500h-05FFh -ABANK6=0600h-06FFh \
  -ABANK7=0700h-07FFh -ASFR=0F60h-0FFFh -ACONFIG=0300000h-030000Dh \
  -AIDLOC=0200000h-0200007h -AEEDATA=0F00000h-0F000FFh -peeprom_data=EEDATA \
  -preset_vec=00h,intcode=08h,intcodelo,powerup,init -pramtop=0800h \
  -psmallconst=SMALLCONST -pmediumconst=MEDIUMCONST -pconst=CONST \
  -AFARRAM=00h-00h \
  -prdata=COMRAM,nvrram=COMRAM,nvbit=COMRAM,rbss=COMRAM,rbit=COMRAM \
  -pfarbss=FARRAM,fardata=FARRAM,nvFARRAM=FARRAM \
  -pintsave_regs=BIGRAM,bigbss=BIGRAM,bigdata=BIGRAM -pbss=RAM \
  -pidata=CODE,irdata=CODE,ibigdata=CODE,ifardata=CODE -prparam=COMRAM \
  C:\Users\EAVELL~1\AppData\Local\Temp\suc.o \
  dist/default/production\PIC18F4550_Registro.X.production.o 

Object code version is 3.11

Machine type is 18F4550



                Name                               Link     Load   Length Selector   Space Scale
C:\Users\EAVELL~1\AppData\Local\Temp\suc.o
                idloc                            200000   200000        8        0       5
                config                           300000   300000        E        0       4
                init                                  E        E        4        4       0
                reset_vec                             0        0        4        0       0
dist/default/production\PIC18F4550_Registro.X.production.o
                intcode                               8        8        6        4       0
                idloc                            200000   200000        8        0       5
                config                           300000   300000        E        0       4
                temp                                 5F       5F        1        1       1
                mediumconst                        7088     7088      F78     3844       0
                intcode_body                       2C98     2C98       46        4       0
                text82                             2DA6     2DA6       3A        4       0
                text81                             20EA     20EA       AC        4       0
                text80                             25D6     25D6       7C        4       0
                text79                             317E     317E       1A        4       0
                text78                             3198     3198       18        4       0
                text77                             238C     238C       A0        4       0
                text76                              B4A      B4A      28E        4       0
                text75                             2ABC     2ABC       58        4       0
                text74                             1F86     1F86       B4        4       0
                text73                             2E50     2E50       38        4       0
                text72                             2936     2936       68        4       0
                text71                             307A     307A       28        4       0
                text70                             3228     3228       12        4       0
                text69                             30EE     30EE       22        4       0
                text68                             2EF2     2EF2       32        4       0
                text67                             3216     3216       12        4       0
                text66                             3164     3164       1A        4       0
                text65                             3204     3204       12        4       0
                text64                             2FB0     2FB0       2A        4       0
                text63                             2E18     2E18       38        4       0
                text62                             2EBE     2EBE       34        4       0
                text61                             31DC     31DC       16        4       0
                text60                             2554     2554       82        4       0
                text59                             22E6     22E6       A6        4       0
                text58                             2F54     2F54       30        4       0
                text57                             2652     2652       74        4       0
                text56                             299E     299E       64        4       0
                text55                             2C08     2C08       4A        4       0
                text54                             323A     323A        C        4       0
                text53                             31F2     31F2       12        4       0
                text52                             314A     314A       1A        4       0
                text51                             2A64     2A64       58        4       0
                text50                             3052     3052       28        4       0
                text49                             3110     3110       1E        4       0
                text48                             223E     223E       A8        4       0
                text47                             30C8     30C8       26        4       0
                text46                             2B14     2B14       54        4       0
                text45                             30A2     30A2       26        4       0
                text44                             1EC6     1EC6       C0        4       0
                text43                             1492     1492      16C        4       0
                text42                             1D40     1D40       C4        4       0
                text41                             203A     203A       B0        4       0
                text40                             130A     130A      188        4       0
                text39                             15FE     15FE      164        4       0
                text38                             2D66     2D66       40        4       0
                text37                             324E     324E        2        4       0
                text36                             1C76     1C76       CA        4       0
                text35                             2D22     2D22       44        4       0
                text34                             2E88     2E88       36        4       0
                text33                             1E04     1E04       C2        4       0
                text32                              86C      86C      2DE        4       0
                text31                             1156     1156      1B4        4       0
                text30                             2A02     2A02       62        4       0
                text29                             2B68     2B68       52        4       0
                text28                             28CE     28CE       68        4       0
                text27                             2866     2866       68        4       0
                text26                             27FE     27FE       68        4       0
                text25                             2BBA     2BBA       4E        4       0
                text24                             2F24     2F24       30        4       0
                text23                             31C6     31C6       16        4       0
                text22                             1762     1762      122        4       0
                text21                             312E     312E       1C        4       0
                text20                              4D2      4D2      39A        4       0
                text19                             1A90     1A90      104        4       0
                text18                               12       12      4C0        4       0
                text17                             2C52     2C52       46        4       0
                text16                             198A     198A      106        4       0
                text15                              FA2      FA2      1B4        4       0
                text14                              DD8      DD8      1CA        4       0
                text13                             31B0     31B0       16        4       0
                text12                             24C6     24C6       8E        4       0
                text11                             302A     302A       28        4       0
                text10                             3002     3002       28        4       0
                text9                              2FDA     2FDA       28        4       0
                text8                              2F84     2F84       2C        4       0
                text7                              2796     2796       68        4       0
                text6                              272E     272E       68        4       0
                text5                              26C6     26C6       68        4       0
                text4                              1884     1884      106        4       0
                text3                              2196     2196       A8        4       0
                text2                              2DE0     2DE0       38        4       0
                text1                              242C     242C       9A        4       0
                text0                              1B94     1B94       E2        4       0
                cstackCOMRAM                          1        1       59        1       1
                cstackBANK0                          D3       D3       12       60       1
                dataBANK0                            E5       E5        8       60       1
                bssBANK0                             60       60       73       60       1
                bssCOMRAM                            5A       5A        5        1       1
                cinit                              2CDE     2CDE       44        4       0
                idataBANK0                         3246     3246        8        4       0

TOTAL           Name                               Link     Load   Length     Space
        CLASS   STACK          

        CLASS   CODE           
                intcode                               8        8        6         0
                init                                  E        E        4         0
                reset_vec                             0        0        4         0
                intcode_body                       2C98     2C98       46         0
                text82                             2DA6     2DA6       3A         0
                text81                             20EA     20EA       AC         0
                text80                             25D6     25D6       7C         0
                text79                             317E     317E       1A         0
                text78                             3198     3198       18         0
                text77                             238C     238C       A0         0
                text76                              B4A      B4A      28E         0
                text75                             2ABC     2ABC       58         0
                text74                             1F86     1F86       B4         0
                text73                             2E50     2E50       38         0
                text72                             2936     2936       68         0
                text71                             307A     307A       28         0
                text70                             3228     3228       12         0
                text69                             30EE     30EE       22         0
                text68                             2EF2     2EF2       32         0
                text67                             3216     3216       12         0
                text66                             3164     3164       1A         0
                text65                             3204     3204       12         0
                text64                             2FB0     2FB0       2A         0
                text63                             2E18     2E18       38         0
                text62                             2EBE     2EBE       34         0
                text61                             31DC     31DC       16         0
                text60                             2554     2554       82         0
                text59                             22E6     22E6       A6         0
                text58                             2F54     2F54       30         0
                text57                             2652     2652       74         0
                text56                             299E     299E       64         0
                text55                             2C08     2C08       4A         0
                text54                             323A     323A        C         0
                text53                             31F2     31F2       12         0
                text52                             314A     314A       1A         0
                text51                             2A64     2A64       58         0
                text50                             3052     3052       28         0
                text49                             3110     3110       1E         0
                text48                             223E     223E       A8         0
                text47                             30C8     30C8       26         0
                text46                             2B14     2B14       54         0
                text45                             30A2     30A2       26         0
                text44                             1EC6     1EC6       C0         0
                text43                             1492     1492      16C         0
                text42                             1D40     1D40       C4         0
                text41                             203A     203A       B0         0
                text40                             130A     130A      188         0
                text39                             15FE     15FE      164         0
                text38                             2D66     2D66       40         0
                text37                             324E     324E        2         0
                text36                             1C76     1C76       CA         0
                text35                             2D22     2D22       44         0
                text34                             2E88     2E88       36         0
                text33                             1E04     1E04       C2         0
                text32                              86C      86C      2DE         0
                text31                             1156     1156      1B4         0
                text30                             2A02     2A02       62         0
                text29                             2B68     2B68       52         0
                text28                             28CE     28CE       68         0
                text27                             2866     2866       68         0
                text26                             27FE     27FE       68         0
                text25                             2BBA     2BBA       4E         0
                text24                             2F24     2F24       30         0
                text23                             31C6     31C6       16         0
                text22                             1762     1762      122         0
                text21                             312E     312E       1C         0
                text20                              4D2      4D2      39A         0
                text19                             1A90     1A90      104         0
                text18                               12       12      4C0         0
                text17                             2C52     2C52       46         0
                text16                             198A     198A      106         0
                text15                              FA2      FA2      1B4         0
                text14                              DD8      DD8      1CA         0
                text13                             31B0     31B0       16         0
                text12                             24C6     24C6       8E         0
                text11                             302A     302A       28         0
                text10                             3002     3002       28         0
                text9                              2FDA     2FDA       28         0
                text8                              2F84     2F84       2C         0
                text7                              2796     2796       68         0
                text6                              272E     272E       68         0
                text5                              26C6     26C6       68         0
                text4                              1884     1884      106         0
                text3                              2196     2196       A8         0
                text2                              2DE0     2DE0       38         0
                text1                              242C     242C       9A         0
                text0                              1B94     1B94       E2         0
                cinit                              2CDE     2CDE       44         0
                idataBANK0                         3246     3246        8         0

        CLASS   CONST          

        CLASS   SMALLCONST     

        CLASS   MEDIUMCONST    
                mediumconst                        7088     7088      F78         0

        CLASS   COMRAM         
                temp                                 5F       5F        1         1
                cstackCOMRAM                          1        1       59         1
                bssCOMRAM                            5A       5A        5         1

        CLASS   ABS1           

        CLASS   BIGRAM         

        CLASS   RAM            

        CLASS   BANK0          
                cstackBANK0                          D3       D3       12         1
                dataBANK0                            E5       E5        8         1
                bssBANK0                             60       60       73         1

        CLASS   BANK1          

        CLASS   BANK2          

        CLASS   BANK3          

        CLASS   BANK4          

        CLASS   BANK5          

        CLASS   BANK6          

        CLASS   BANK7          

        CLASS   SFR            

        CLASS   CONFIG         
                config                           300000   300000        E         4

        CLASS   IDLOC          
                idloc                            200000   200000        8         5

        CLASS   EEDATA         

        CLASS   FARRAM         



SEGMENTS        Name                           Load    Length   Top    Selector   Space  Class

                reset_vec                      000000  000004  000004         0       0  CODE    
                cstackCOMRAM                   000001  00005F  000060         1       1  COMRAM  
                intcode                        000008  003248  003250         4       0  CODE    
                bssBANK0                       000060  00008D  0000ED        60       1  BANK0   
                mediumconst                    007088  000F78  008000      3844       0  MEDIUMCO


UNUSED ADDRESS RANGES

        Name                Unused          Largest block    Delta
        BANK0            0000ED-0000FF               13
        BANK1            000100-0001FF              100
        BANK2            000200-0002FF              100
        BANK3            000300-0003FF              100
        BANK4            000400-0004FF              100
        BANK5            000500-0005FF              100
        BANK6            000600-0006FF              100
        BANK7            000700-0007FF              100
        BIGRAM           0000ED-0007FF              713
        CODE             000004-000007                4
                         003250-007087             3E38
        CONST            000004-000007                4
                         003250-007087             3E38
        EEDATA           F00000-F000FF              100
        MEDIUMCONST      003250-007087             3E38
        RAM              0000ED-0007FF              100
        SFR              000F60-000FFF               A0
        SMALLCONST       003250-007087              100
        STACK            0000ED-0007FF              713

                                  Symbol Table

?_EEPROM_getRegistro             cstackCOMRAM 000005
?___aodiv                        cstackCOMRAM 000001
?___aomod                        cstackCOMRAM 000001
?___awdiv                        cstackCOMRAM 000001
?___awmod                        cstackCOMRAM 000001
?___fladd                        cstackCOMRAM 000001
?___fldiv                        cstackCOMRAM 000001
?___flsub                        cstackCOMRAM 000011
?___fltol                        cstackCOMRAM 000001
?___lwdiv                        cstackCOMRAM 000001
?___lwmod                        cstackCOMRAM 000001
?___wmul                         cstackCOMRAM 000001
?___xxtofl                       cstackCOMRAM 000001
?_abs                            cstackCOMRAM 000013
?_dtoa                           cstackCOMRAM 00001C
?_pad                            cstackCOMRAM 000011
?_sprintf                        cstackBANK0  0000D3
?_strlen                         cstackCOMRAM 000001
?_vfpfcnvrt                      cstackCOMRAM 000040
?_vfprintf                       cstackCOMRAM 000050
CHECK_TAG@i                      cstackCOMRAM 00002B
EEPROM_Read@add                  cstackCOMRAM 000002
EEPROM_Read@temp                 cstackCOMRAM 000004
EEPROM_Write@add                 cstackCOMRAM 000008
EEPROM_Write@data                cstackCOMRAM 00000A
EEPROM_getRegistro@registro      cstackCOMRAM 00000A
EEPROM_setRegistro@registro      cstackCOMRAM 00000C
I2C_Init@speed                   cstackCOMRAM 000001
I2C_Read@temp                    cstackCOMRAM 000001
I2C_Read_DS@ack                  cstackCOMRAM 000002
I2C_Read_DS@data                 cstackCOMRAM 000003
I2C_Send@data                    cstackCOMRAM 000001
I2C_Write_DS@i2c_data            cstackCOMRAM 000002
MFRC522_AntiColl@_status         cstackCOMRAM 000026
MFRC522_AntiColl@i               cstackCOMRAM 000027
MFRC522_AntiColl@serNum          cstackCOMRAM 000020
MFRC522_AntiColl@serNumCheck     cstackCOMRAM 000023
MFRC522_AntiColl@unLen           cstackCOMRAM 000024
MFRC522_CRC@dataIn               cstackCOMRAM 00000D
MFRC522_CRC@dataOut              cstackCOMRAM 000010
MFRC522_CRC@i                    cstackCOMRAM 000013
MFRC522_CRC@length               cstackCOMRAM 00000F
MFRC522_CRC@n                    cstackCOMRAM 000012
MFRC522_Clear_Bit@addr           cstackCOMRAM 00000C
MFRC522_Clear_Bit@mask           cstackCOMRAM 00000A
MFRC522_Clear_Bit@tmp            cstackCOMRAM 00000B
MFRC522_Clear_UID@j              cstackCOMRAM 000003
MFRC522_Clear_UID@u_i            cstackCOMRAM 000001
MFRC522_Halt@buff                cstackCOMRAM 000020
MFRC522_Halt@unLen               cstackCOMRAM 000024
MFRC522_Rd@Address               cstackCOMRAM 000003
MFRC522_Rd@i                     cstackCOMRAM 000008
MFRC522_Rd@ucAddr                cstackCOMRAM 000004
MFRC522_Rd@ucResult              cstackCOMRAM 000006
MFRC522_ReadCardSerial@_status   cstackCOMRAM 00002A
MFRC522_ReadCardSerial@str       cstackCOMRAM 000028
MFRC522_Request@TagType          cstackCOMRAM 000020
MFRC522_Request@_status          cstackCOMRAM 000023
MFRC522_Request@backBits         cstackCOMRAM 000024
MFRC522_Request@reqMode          cstackCOMRAM 000022
MFRC522_Set_Bit@addr             cstackCOMRAM 00000C
MFRC522_Set_Bit@mask             cstackCOMRAM 00000A
MFRC522_Set_Bit@tmp              cstackCOMRAM 00000B
MFRC522_ToCard@_status           cstackCOMRAM 000019
MFRC522_ToCard@backData          cstackCOMRAM 000010
MFRC522_ToCard@backLen           cstackCOMRAM 000012
MFRC522_ToCard@command           cstackCOMRAM 00001C
MFRC522_ToCard@i                 cstackCOMRAM 00001D
MFRC522_ToCard@irqEn             cstackCOMRAM 00001B
MFRC522_ToCard@lastBits          cstackCOMRAM 00001A
MFRC522_ToCard@n                 cstackCOMRAM 00001F
MFRC522_ToCard@sendData          cstackCOMRAM 00000D
MFRC522_ToCard@sendLen           cstackCOMRAM 00000F
MFRC522_ToCard@waitIRq           cstackCOMRAM 000018
MFRC522_Wr@Address               cstackCOMRAM 000002
MFRC522_Wr@i                     cstackCOMRAM 000004
MFRC522_Wr@ucAddr                cstackCOMRAM 000003
MFRC522_Wr@value                 cstackCOMRAM 000001
MFRC522_isCard@TagType           cstackCOMRAM 000026
OLEDClear@i                      cstackCOMRAM 000008
OLED_NPuts@buffer                cstackCOMRAM 000007
OLED_NPuts@c                     cstackCOMRAM 00000B
OLED_NPuts@i                     cstackCOMRAM 00000E
OLED_NPuts@x                     cstackCOMRAM 00000C
OLED_SPuts@buffer                cstackCOMRAM 00000C
OLED_SPuts@c                     cstackCOMRAM 000014
OLED_SPuts@i                     cstackCOMRAM 000017
OLED_SPuts@j                     cstackCOMRAM 000019
OLED_SPuts@valve                 cstackCOMRAM 000012
OLED_SPuts@x                     cstackCOMRAM 000008
OLED_SPuts@xi                    cstackCOMRAM 000015
OLED_SPuts@y                     cstackCOMRAM 00000A
OLEDsetCursor@x                  cstackCOMRAM 000004
OLEDsetCursor@y                  cstackCOMRAM 000006
Registro_busqueda@aux            cstackCOMRAM 00000C
Registro_busqueda@i              cstackCOMRAM 000010
Registro_busqueda@numero         cstackCOMRAM 00000E
UART_Begin@aux                   cstackCOMRAM 00002D
UART_Begin@aux2                  cstackCOMRAM 000029
UART_Begin@baud                  cstackCOMRAM 000025
UART_Print@buffer                cstackCOMRAM 000002
UART_Println@buffer              cstackCOMRAM 000002
UART_Write@data                  cstackCOMRAM 000001
_ACKDT                           (abs)        007E2D
_ACKEN                           (abs)        007E2C
_ADCON1                          (abs)        000FC1
_Aux                             bssBANK0     0000CE
_BAUDCONbits                     (abs)        000FB8
_BIG_FONTS                       mediumconst  007089
_CHECK_TAG                       text59       0022E6
_EEPROM_Read                     text64       002FB0
_EEPROM_Write                    text58       002F54
_EEPROM_getRegistro              text63       002E18
_EEPROM_setRegistro              text55       002C08
_FOUNT                           bssCOMRAM    00005E
_Hora                            dataBANK0    0000EC
_Horax                           bssBANK0     000099
_I2C_Init                        text50       003052
_I2C_Read                        text68       002EF2
_I2C_Read_DS                     text12       0024C6
_I2C_Repeated_Start_DS           text11       00302A
_I2C_Restart                     text67       003216
_I2C_Send                        text66       003164
_I2C_Start                       text65       003204
_I2C_Start_DS                    text10       003002
_I2C_Stop                        text70       003228
_I2C_Stop_DS                     text9        002FDA
_I2C_Wait                        text69       0030EE
_I2C_Write_DS                    text8        002F84
_INTCONbits                      (abs)        000FF2
_LATCbits                        (abs)        000F8B
_LATDbits                        (abs)        000F8C
_MFRC522_AntennaOff              text54       00323A
_MFRC522_AntennaOn               text53       0031F2
_MFRC522_AntiColl                text74       001F86
_MFRC522_CRC                     text77       00238C
_MFRC522_Clear_Bit               text79       00317E
_MFRC522_Clear_UID               text82       002DA6
_MFRC522_Halt                    text75       002ABC
_MFRC522_Init                    text51       002A64
_MFRC522_Rd                      text81       0020EA
_MFRC522_ReadCardSerial          text73       002E50
_MFRC522_Request                 text72       002936
_MFRC522_Reset                   text52       00314A
_MFRC522_Set_Bit                 text78       003198
_MFRC522_ToCard                  text76       000B4A
_MFRC522_Wr                      text80       0025D6
_MFRC522_isCard                  text71       00307A
_Minuto                          dataBANK0    0000EB
_Minutox                         bssBANK0     000098
_OLEDClear                       text46       002B14
_OLED_Init                       text48       00223E
_OLED_NPuts                      text44       001EC6
_OLED_SPuts                      text43       001492
_OLEDsetCursor                   text47       0030C8
_OSCCONbits                      (abs)        000FD3
_PEN                             (abs)        007E2A
_PIE1bits                        (abs)        000F9D
_PIR1bits                        (abs)        000F9E
_PORTDbits                       (abs)        000F83
_PORTEbits                       (abs)        000F84
_Print_Hora                      text28       0028CE
_Print_Menu                      text25       002BBA
_Print_Minuto                    text27       002866
_Print_Segundo                   text26       0027FE
_Print_Ticket                    text22       001762
_Print_anio                      text7        002796
_Print_dia                       text6        00272E
_Print_mes                       text5        0026C6
_RCEN                            (abs)        007E2B
_RCSTAbits                       (abs)        000FAB
_RSEN                            (abs)        007E29
_Registro_busqueda               text62       002EBE
_SEN                             (abs)        007E28
_SMALL_FONTS                     mediumconst  007C69
_SPBRG                           (abs)        000FAF
_SSPADD                          (abs)        000FC8
_SSPBUF                          (abs)        000FC9
_SSPCON1                         (abs)        000FC6
_SSPCON2                         (abs)        000FC5
_SSPCON2bits                     (abs)        000FC5
_SSPSTAT                         (abs)        000FC7
_SSPSTATbits                     (abs)        000FC7
_Segundo                         dataBANK0    0000EA
_Segundox                        bssBANK0     000097
_T1CONbits                       (abs)        000FCD
_TINY_FONTS                      mediumconst  007EA3
_TMR1                            (abs)        000FCE
_TRISBbits                       (abs)        000F93
_TRISCbits                       (abs)        000F94
_TRISDbits                       (abs)        000F95
_TRISE                           (abs)        000F96
_TXREG                           (abs)        000FAD
_TXSTAbits                       (abs)        000FAC
_TagType                         bssBANK0     000092
_Timer1_Init                     text21       00312E
_UART_Begin                      text14       000DD8
_UART_Init                       text13       0031B0
_UART_Print                      text24       002F24
_UART_Println                    text60       002554
_UART_Write                      text61       0031DC
_UID                             bssBANK0     0000C4
__HRAM                           (abs)        000000
__Habs1                          abs1         000000
__Hbank0                         bank0        000000
__Hbank1                         bank1        000000
__Hbank2                         bank2        000000
__Hbank3                         bank3        000000
__Hbank4                         bank4        000000
__Hbank5                         bank5        000000
__Hbank6                         bank6        000000
__Hbank7                         bank7        000000
__Hbigbss                        bigbss       000000
__Hbigdata                       bigdata      000000
__Hbigram                        bigram       000000
__Hbss                           bss          000000
__HbssBANK0                      bssBANK0     000000
__HbssCOMRAM                     bssCOMRAM    000000
__Hcinit                         cinit        000000
__Hclrtext                       clrtext      000000
__Hcomram                        comram       000000
__Hconfig                        config       30000E
__Hconst                         const        000000
__HcstackBANK0                   cstackBANK0  000000
__HcstackCOMRAM                  cstackCOMRAM 000000
__Hdata                          data         000000
__HdataBANK0                     dataBANK0    000000
__Heeprom_data                   eeprom_data  000000
__Hfarbss                        farbss       000000
__Hfardata                       fardata      000000
__Hibigdata                      ibigdata     000000
__Hidata                         idata        000000
__HidataBANK0                    idataBANK0   000000
__Hidloc                         idloc        200008
__Hifardata                      ifardata     000000
__Hinit                          init         000012
__Hintcode                       intcode      00000E
__Hintcode_body                  intcode_body 000000
__Hintcodelo                     intcodelo    00000E
__Hintentry                      intentry     000000
__Hintret                        intret       000000
__Hintsave_regs                  intsave_regs 000000
__Hirdata                        irdata       000000
__Hmediumconst                   mediumconst  008000
__HnvFARRAM                      nvFARRAM     000000
__Hnvbit                         nvbit        000000
__Hnvrram                        nvrram       000000
__Hparam                         rparam       000000
__Hpowerup                       powerup      00000E
__Hram                           ram          000000
__Hramtop                        ramtop       000800
__Hrbit                          rbit         000000
__Hrbss                          rbss         000000
__Hrdata                         rdata        000000
__Hreset_vec                     reset_vec    000004
__Hrparam                        rparam       000000
__Hsfr                           sfr          000000
__Hsmallconst                    smallconst   000000
__Hspace_0                       (abs)        008000
__Hspace_1                       (abs)        0000ED
__Hspace_2                       (abs)        000000
__Hspace_4                       (abs)        60000E
__Hstack                         stack        000000
__Hstruct                        struct       000000
__Htemp                          temp         000060
__Htext                          text         000000
__Htext0                         text0        000000
__Htext1                         text1        000000
__Htext10                        text10       000000
__Htext11                        text11       000000
__Htext12                        text12       000000
__Htext13                        text13       000000
__Htext14                        text14       000000
__Htext15                        text15       000000
__Htext16                        text16       000000
__Htext17                        text17       000000
__Htext18                        text18       000000
__Htext19                        text19       000000
__Htext2                         text2        000000
__Htext20                        text20       000000
__Htext21                        text21       000000
__Htext22                        text22       000000
__Htext23                        text23       000000
__Htext24                        text24       000000
__Htext25                        text25       000000
__Htext26                        text26       000000
__Htext27                        text27       000000
__Htext28                        text28       000000
__Htext29                        text29       000000
__Htext3                         text3        000000
__Htext30                        text30       000000
__Htext31                        text31       000000
__Htext32                        text32       000000
__Htext33                        text33       000000
__Htext34                        text34       000000
__Htext35                        text35       000000
__Htext36                        text36       000000
__Htext37                        text37       000000
__Htext38                        text38       000000
__Htext39                        text39       000000
__Htext4                         text4        000000
__Htext40                        text40       000000
__Htext41                        text41       000000
__Htext42                        text42       000000
__Htext43                        text43       000000
__Htext44                        text44       000000
__Htext45                        text45       000000
__Htext46                        text46       000000
__Htext47                        text47       000000
__Htext48                        text48       000000
__Htext49                        text49       000000
__Htext5                         text5        000000
__Htext50                        text50       000000
__Htext51                        text51       000000
__Htext52                        text52       000000
__Htext53                        text53       000000
__Htext54                        text54       000000
__Htext55                        text55       000000
__Htext56                        text56       000000
__Htext57                        text57       000000
__Htext58                        text58       000000
__Htext59                        text59       000000
__Htext6                         text6        000000
__Htext60                        text60       000000
__Htext61                        text61       000000
__Htext62                        text62       000000
__Htext63                        text63       000000
__Htext64                        text64       000000
__Htext65                        text65       000000
__Htext66                        text66       000000
__Htext67                        text67       000000
__Htext68                        text68       000000
__Htext69                        text69       000000
__Htext7                         text7        000000
__Htext70                        text70       000000
__Htext71                        text71       000000
__Htext72                        text72       000000
__Htext73                        text73       000000
__Htext74                        text74       000000
__Htext75                        text75       000000
__Htext76                        text76       000000
__Htext77                        text77       000000
__Htext78                        text78       000000
__Htext79                        text79       000000
__Htext8                         text8        000000
__Htext80                        text80       000000
__Htext81                        text81       000000
__Htext82                        text82       000000
__Htext9                         text9        000000
__LRAM                           (abs)        000001
__Labs1                          abs1         000000
__Lbank0                         bank0        000000
__Lbank1                         bank1        000000
__Lbank2                         bank2        000000
__Lbank3                         bank3        000000
__Lbank4                         bank4        000000
__Lbank5                         bank5        000000
__Lbank6                         bank6        000000
__Lbank7                         bank7        000000
__Lbigbss                        bigbss       000000
__Lbigdata                       bigdata      000000
__Lbigram                        bigram       000000
__Lbss                           bss          000000
__LbssBANK0                      bssBANK0     000000
__LbssCOMRAM                     bssCOMRAM    000000
__Lcinit                         cinit        000000
__Lclrtext                       clrtext      000000
__Lcomram                        comram       000000
__Lconfig                        config       000000
__Lconst                         const        000000
__LcstackBANK0                   cstackBANK0  000000
__LcstackCOMRAM                  cstackCOMRAM 000000
__Ldata                          data         000000
__LdataBANK0                     dataBANK0    000000
__Leeprom_data                   eeprom_data  000000
__Lfarbss                        farbss       000000
__Lfardata                       fardata      000000
__Libigdata                      ibigdata     000000
__Lidata                         idata        000000
__LidataBANK0                    idataBANK0   000000
__Lidloc                         idloc        000000
__Lifardata                      ifardata     000000
__Linit                          init         00000E
__Lintcode                       intcode      000008
__Lintcode_body                  intcode_body 000000
__Lintcodelo                     intcodelo    00000E
__Lintentry                      intentry     000000
__Lintret                        intret       000000
__Lintsave_regs                  intsave_regs 000000
__Lirdata                        irdata       000000
__Lmediumconst                   mediumconst  007088
__LnvFARRAM                      nvFARRAM     000000
__Lnvbit                         nvbit        000000
__Lnvrram                        nvrram       000000
__Lparam                         rparam       000000
__Lpowerup                       powerup      00000E
__Lram                           ram          000000
__Lramtop                        ramtop       000800
__Lrbit                          rbit         000000
__Lrbss                          rbss         000000
__Lrdata                         rdata        000000
__Lreset_vec                     reset_vec    000000
__Lrparam                        rparam       000000
__Lsfr                           sfr          000000
__Lsmallconst                    smallconst   000000
__Lspace_0                       (abs)        000000
__Lspace_1                       (abs)        000000
__Lspace_2                       (abs)        000000
__Lspace_4                       (abs)        000000
__Lstack                         stack        000000
__Lstruct                        struct       000000
__Ltemp                          temp         00005F
__Ltext                          text         000000
__Ltext0                         text0        000000
__Ltext1                         text1        000000
__Ltext10                        text10       000000
__Ltext11                        text11       000000
__Ltext12                        text12       000000
__Ltext13                        text13       000000
__Ltext14                        text14       000000
__Ltext15                        text15       000000
__Ltext16                        text16       000000
__Ltext17                        text17       000000
__Ltext18                        text18       000000
__Ltext19                        text19       000000
__Ltext2                         text2        000000
__Ltext20                        text20       000000
__Ltext21                        text21       000000
__Ltext22                        text22       000000
__Ltext23                        text23       000000
__Ltext24                        text24       000000
__Ltext25                        text25       000000
__Ltext26                        text26       000000
__Ltext27                        text27       000000
__Ltext28                        text28       000000
__Ltext29                        text29       000000
__Ltext3                         text3        000000
__Ltext30                        text30       000000
__Ltext31                        text31       000000
__Ltext32                        text32       000000
__Ltext33                        text33       000000
__Ltext34                        text34       000000
__Ltext35                        text35       000000
__Ltext36                        text36       000000
__Ltext37                        text37       000000
__Ltext38                        text38       000000
__Ltext39                        text39       000000
__Ltext4                         text4        000000
__Ltext40                        text40       000000
__Ltext41                        text41       000000
__Ltext42                        text42       000000
__Ltext43                        text43       000000
__Ltext44                        text44       000000
__Ltext45                        text45       000000
__Ltext46                        text46       000000
__Ltext47                        text47       000000
__Ltext48                        text48       000000
__Ltext49                        text49       000000
__Ltext5                         text5        000000
__Ltext50                        text50       000000
__Ltext51                        text51       000000
__Ltext52                        text52       000000
__Ltext53                        text53       000000
__Ltext54                        text54       000000
__Ltext55                        text55       000000
__Ltext56                        text56       000000
__Ltext57                        text57       000000
__Ltext58                        text58       000000
__Ltext59                        text59       000000
__Ltext6                         text6        000000
__Ltext60                        text60       000000
__Ltext61                        text61       000000
__Ltext62                        text62       000000
__Ltext63                        text63       000000
__Ltext64                        text64       000000
__Ltext65                        text65       000000
__Ltext66                        text66       000000
__Ltext67                        text67       000000
__Ltext68                        text68       000000
__Ltext69                        text69       000000
__Ltext7                         text7        000000
__Ltext70                        text70       000000
__Ltext71                        text71       000000
__Ltext72                        text72       000000
__Ltext73                        text73       000000
__Ltext74                        text74       000000
__Ltext75                        text75       000000
__Ltext76                        text76       000000
__Ltext77                        text77       000000
__Ltext78                        text78       000000
__Ltext79                        text79       000000
__Ltext8                         text8        000000
__Ltext80                        text80       000000
__Ltext81                        text81       000000
__Ltext82                        text82       000000
__Ltext9                         text9        000000
__S0                             (abs)        008000
__S1                             (abs)        0000ED
__S2                             (abs)        000000
__S4                             (abs)        000000
__S5                             (abs)        000000
___aodiv                         text40       00130A
___aodiv@counter                 cstackCOMRAM 000011
___aodiv@dividend                cstackCOMRAM 000001
___aodiv@divisor                 cstackCOMRAM 000009
___aodiv@quotient                cstackCOMRAM 000013
___aodiv@sign                    cstackCOMRAM 000012
___aomod                         text39       0015FE
___aomod@counter                 cstackCOMRAM 000011
___aomod@dividend                cstackCOMRAM 000001
___aomod@divisor                 cstackCOMRAM 000009
___aomod@sign                    cstackCOMRAM 000012
___awdiv                         text42       001D40
___awdiv@counter                 cstackCOMRAM 000005
___awdiv@dividend                cstackCOMRAM 000001
___awdiv@divisor                 cstackCOMRAM 000003
___awdiv@quotient                cstackCOMRAM 000007
___awdiv@sign                    cstackCOMRAM 000006
___awmod                         text41       00203A
___awmod@counter                 cstackCOMRAM 000005
___awmod@dividend                cstackCOMRAM 000001
___awmod@divisor                 cstackCOMRAM 000003
___awmod@sign                    cstackCOMRAM 000006
___fladd                         text18       000012
___fladd@a                       cstackCOMRAM 000005
___fladd@aexp                    cstackCOMRAM 00000E
___fladd@b                       cstackCOMRAM 000001
___fladd@bexp                    cstackCOMRAM 00000F
___fladd@grs                     cstackCOMRAM 000010
___fladd@signs                   cstackCOMRAM 00000D
___fldiv                         text20       0004D2
___fldiv@a                       cstackCOMRAM 000005
___fldiv@aexp                    cstackCOMRAM 000019
___fldiv@b                       cstackCOMRAM 000001
___fldiv@bexp                    cstackCOMRAM 000018
___fldiv@grs                     cstackCOMRAM 000014
___fldiv@new_exp                 cstackCOMRAM 000012
___fldiv@rem                     cstackCOMRAM 00000D
___fldiv@sign                    cstackCOMRAM 000011
___flge                          text19       001A90
___flge@ff1                      cstackCOMRAM 000019
___flge@ff2                      cstackCOMRAM 00001D
___flsub                         text17       002C52
___flsub@a                       cstackCOMRAM 000015
___flsub@b                       cstackCOMRAM 000011
___fltol                         text16       00198A
___fltol@exp1                    cstackCOMRAM 00000A
___fltol@f1                      cstackCOMRAM 000001
___fltol@sign1                   cstackCOMRAM 000009
___inthi_sp                      stack        000000
___intlo_sp                      stack        000000
___lwdiv                         text57       002652
___lwdiv@counter                 cstackCOMRAM 000007
___lwdiv@dividend                cstackCOMRAM 000001
___lwdiv@divisor                 cstackCOMRAM 000003
___lwdiv@quotient                cstackCOMRAM 000005
___lwmod                         text56       00299E
___lwmod@counter                 cstackCOMRAM 000005
___lwmod@dividend                cstackCOMRAM 000001
___lwmod@divisor                 cstackCOMRAM 000003
___param_bank                    (abs)        000000
___rparam_used                   (abs)        000001
___sp                            stack        000000
___wmul                          text45       0030A2
___wmul@multiplicand             cstackCOMRAM 000003
___wmul@multiplier               cstackCOMRAM 000001
___wmul@product                  cstackCOMRAM 000005
___xxtofl                        text15       000FA2
___xxtofl@arg                    cstackCOMRAM 00000B
___xxtofl@exp                    cstackCOMRAM 00000A
___xxtofl@sign                   cstackCOMRAM 000009
___xxtofl@val                    cstackCOMRAM 000001
__accesstop                      (abs)        000060
__activetblptr                   (abs)        000002
__end_of_BIG_FONTS               mediumconst  007C69
__end_of_CHECK_TAG               text59       00238C
__end_of_EEPROM_Read             text64       002FDA
__end_of_EEPROM_Write            text58       002F84
__end_of_EEPROM_getRegistro      text63       002E50
__end_of_EEPROM_setRegistro      text55       002C52
__end_of_I2C_Init                text50       00307A
__end_of_I2C_Read                text68       002F24
__end_of_I2C_Read_DS             text12       002554
__end_of_I2C_Repeated_Start_DS   text11       003052
__end_of_I2C_Restart             text67       003228
__end_of_I2C_Send                text66       00317E
__end_of_I2C_Start               text65       003216
__end_of_I2C_Start_DS            text10       00302A
__end_of_I2C_Stop                text70       00323A
__end_of_I2C_Stop_DS             text9        003002
__end_of_I2C_Wait                text69       003110
__end_of_I2C_Write_DS            text8        002FB0
__end_of_MFRC522_AntennaOff      text54       003246
__end_of_MFRC522_AntennaOn       text53       003204
__end_of_MFRC522_AntiColl        text74       00203A
__end_of_MFRC522_CRC             text77       00242C
__end_of_MFRC522_Clear_Bit       text79       003198
__end_of_MFRC522_Clear_UID       text82       002DE0
__end_of_MFRC522_Halt            text75       002B14
__end_of_MFRC522_Init            text51       002ABC
__end_of_MFRC522_Rd              text81       002196
__end_of_MFRC522_ReadCardSerial  text73       002E88
__end_of_MFRC522_Request         text72       00299E
__end_of_MFRC522_Reset           text52       003164
__end_of_MFRC522_Set_Bit         text78       0031B0
__end_of_MFRC522_ToCard          text76       000DD8
__end_of_MFRC522_Wr              text80       002652
__end_of_MFRC522_isCard          text71       0030A2
__end_of_OLEDClear               text46       002B68
__end_of_OLED_Init               text48       0022E6
__end_of_OLED_NPuts              text44       001F86
__end_of_OLED_SPuts              text43       0015FE
__end_of_OLEDsetCursor           text47       0030EE
__end_of_Print_Hora              text28       002936
__end_of_Print_Menu              text25       002C08
__end_of_Print_Minuto            text27       0028CE
__end_of_Print_Segundo           text26       002866
__end_of_Print_Ticket            text22       001884
__end_of_Print_anio              text7        0027FE
__end_of_Print_dia               text6        002796
__end_of_Print_mes               text5        00272E
__end_of_Registro_busqueda       text62       002EF2
__end_of_SMALL_FONTS             mediumconst  007EA3
__end_of_TINY_FONTS              mediumconst  007FC0
__end_of_Timer1_Init             text21       00314A
__end_of_UART_Begin              text14       000FA2
__end_of_UART_Init               text13       0031C6
__end_of_UART_Print              text24       002F54
__end_of_UART_Println            text60       0025D6
__end_of_UART_Write              text61       0031F2
__end_of___aodiv                 text40       001492
__end_of___aomod                 text39       001762
__end_of___awdiv                 text42       001E04
__end_of___awmod                 text41       0020EA
__end_of___fladd                 text18       0004D2
__end_of___fldiv                 text20       00086C
__end_of___flge                  text19       001B94
__end_of___flsub                 text17       002C98
__end_of___fltol                 text16       001A90
__end_of___lwdiv                 text57       0026C6
__end_of___lwmod                 text56       002A02
__end_of___wmul                  text45       0030C8
__end_of___xxtofl                text15       001156
__end_of__initialization         cinit        002D14
__end_of_abs                     text38       002DA6
__end_of_barras                  mediumconst  007FC8
__end_of_bcd_to_decimal          text23       0031DC
__end_of_decimal_to_bcd          text2        002E18
__end_of_dtoa                    text32       000B4A
__end_of_fputc                   text36       001D40
__end_of_fputs                   text35       002D66
__end_of_get_RTC                 text4        00198A
__end_of_get_key                 text3        00223E
__end_of_main                    text0        001C76
__end_of_pad                     text33       001EC6
__end_of_putch                   text37       003250
__end_of_scr                     intcode_body 002CDE
__end_of_set_RTC                 text1        0024C6
__end_of_sprintf                 text29       002BBA
__end_of_ssd1306_command         text49       00312E
__end_of_strlen                  text34       002EBE
__end_of_vfpfcnvrt               text31       00130A
__end_of_vfprintf                text30       002A64
__initialization                 cinit        002CDE
__mediumconst                    mediumconst  007088
__pbssBANK0                      bssBANK0     000060
__pbssCOMRAM                     bssCOMRAM    00005A
__pcinit                         cinit        002CDE
__pcstackBANK0                   cstackBANK0  0000D3
__pcstackCOMRAM                  cstackCOMRAM 000001
__pdataBANK0                     dataBANK0    0000E5
__pidataBANK0                    idataBANK0   003246
__pintcode                       intcode      000008
__pintcode_body                  intcode_body 002C98
__pmediumconst                   mediumconst  007088
__ptext0                         text0        001B94
__ptext1                         text1        00242C
__ptext10                        text10       003002
__ptext11                        text11       00302A
__ptext12                        text12       0024C6
__ptext13                        text13       0031B0
__ptext14                        text14       000DD8
__ptext15                        text15       000FA2
__ptext16                        text16       00198A
__ptext17                        text17       002C52
__ptext18                        text18       000012
__ptext19                        text19       001A90
__ptext2                         text2        002DE0
__ptext20                        text20       0004D2
__ptext21                        text21       00312E
__ptext22                        text22       001762
__ptext23                        text23       0031C6
__ptext24                        text24       002F24
__ptext25                        text25       002BBA
__ptext26                        text26       0027FE
__ptext27                        text27       002866
__ptext28                        text28       0028CE
__ptext29                        text29       002B68
__ptext3                         text3        002196
__ptext30                        text30       002A02
__ptext31                        text31       001156
__ptext32                        text32       00086C
__ptext33                        text33       001E04
__ptext34                        text34       002E88
__ptext35                        text35       002D22
__ptext36                        text36       001C76
__ptext37                        text37       00324E
__ptext38                        text38       002D66
__ptext39                        text39       0015FE
__ptext4                         text4        001884
__ptext40                        text40       00130A
__ptext41                        text41       00203A
__ptext42                        text42       001D40
__ptext43                        text43       001492
__ptext44                        text44       001EC6
__ptext45                        text45       0030A2
__ptext46                        text46       002B14
__ptext47                        text47       0030C8
__ptext48                        text48       00223E
__ptext49                        text49       003110
__ptext5                         text5        0026C6
__ptext50                        text50       003052
__ptext51                        text51       002A64
__ptext52                        text52       00314A
__ptext53                        text53       0031F2
__ptext54                        text54       00323A
__ptext55                        text55       002C08
__ptext56                        text56       00299E
__ptext57                        text57       002652
__ptext58                        text58       002F54
__ptext59                        text59       0022E6
__ptext6                         text6        00272E
__ptext60                        text60       002554
__ptext61                        text61       0031DC
__ptext62                        text62       002EBE
__ptext63                        text63       002E18
__ptext64                        text64       002FB0
__ptext65                        text65       003204
__ptext66                        text66       003164
__ptext67                        text67       003216
__ptext68                        text68       002EF2
__ptext69                        text69       0030EE
__ptext7                         text7        002796
__ptext70                        text70       003228
__ptext71                        text71       00307A
__ptext72                        text72       002936
__ptext73                        text73       002E50
__ptext74                        text74       001F86
__ptext75                        text75       002ABC
__ptext76                        text76       000B4A
__ptext77                        text77       00238C
__ptext78                        text78       003198
__ptext79                        text79       00317E
__ptext8                         text8        002F84
__ptext80                        text80       0025D6
__ptext81                        text81       0020EA
__ptext82                        text82       002DA6
__ptext9                         text9        002FDA
__ramtop                         ramtop       000800
__size_of_CHECK_TAG              (abs)        000000
__size_of_EEPROM_Read            (abs)        000000
__size_of_EEPROM_Write           (abs)        000000
__size_of_EEPROM_getRegistro     (abs)        000000
__size_of_EEPROM_setRegistro     (abs)        000000
__size_of_I2C_Init               (abs)        000000
__size_of_I2C_Read               (abs)        000000
__size_of_I2C_Read_DS            (abs)        000000
__size_of_I2C_Repeated_Start_DS  (abs)        000000
__size_of_I2C_Restart            (abs)        000000
__size_of_I2C_Send               (abs)        000000
__size_of_I2C_Start              (abs)        000000
__size_of_I2C_Start_DS           (abs)        000000
__size_of_I2C_Stop               (abs)        000000
__size_of_I2C_Stop_DS            (abs)        000000
__size_of_I2C_Wait               (abs)        000000
__size_of_I2C_Write_DS           (abs)        000000
__size_of_MFRC522_AntennaOff     (abs)        000000
__size_of_MFRC522_AntennaOn      (abs)        000000
__size_of_MFRC522_AntiColl       (abs)        000000
__size_of_MFRC522_CRC            (abs)        000000
__size_of_MFRC522_Clear_Bit      (abs)        000000
__size_of_MFRC522_Clear_UID      (abs)        000000
__size_of_MFRC522_Halt           (abs)        000000
__size_of_MFRC522_Init           (abs)        000000
__size_of_MFRC522_Rd             (abs)        000000
__size_of_MFRC522_ReadCardSerial (abs)        000000
__size_of_MFRC522_Request        (abs)        000000
__size_of_MFRC522_Reset          (abs)        000000
__size_of_MFRC522_Set_Bit        (abs)        000000
__size_of_MFRC522_ToCard         (abs)        000000
__size_of_MFRC522_Wr             (abs)        000000
__size_of_MFRC522_isCard         (abs)        000000
__size_of_OLEDClear              (abs)        000000
__size_of_OLED_Init              (abs)        000000
__size_of_OLED_NPuts             (abs)        000000
__size_of_OLED_SPuts             (abs)        000000
__size_of_OLEDsetCursor          (abs)        000000
__size_of_Print_Hora             (abs)        000000
__size_of_Print_Menu             (abs)        000000
__size_of_Print_Minuto           (abs)        000000
__size_of_Print_Segundo          (abs)        000000
__size_of_Print_Ticket           (abs)        000000
__size_of_Print_anio             (abs)        000000
__size_of_Print_dia              (abs)        000000
__size_of_Print_mes              (abs)        000000
__size_of_Registro_busqueda      (abs)        000000
__size_of_Timer1_Init            (abs)        000000
__size_of_UART_Begin             (abs)        000000
__size_of_UART_Init              (abs)        000000
__size_of_UART_Print             (abs)        000000
__size_of_UART_Println           (abs)        000000
__size_of_UART_Write             (abs)        000000
__size_of___aodiv                (abs)        000000
__size_of___aomod                (abs)        000000
__size_of___awdiv                (abs)        000000
__size_of___awmod                (abs)        000000
__size_of___fladd                (abs)        000000
__size_of___fldiv                (abs)        000000
__size_of___flge                 (abs)        000000
__size_of___flsub                (abs)        000000
__size_of___fltol                (abs)        000000
__size_of___lwdiv                (abs)        000000
__size_of___lwmod                (abs)        000000
__size_of___wmul                 (abs)        000000
__size_of___xxtofl               (abs)        000000
__size_of_abs                    (abs)        000000
__size_of_bcd_to_decimal         (abs)        000000
__size_of_decimal_to_bcd         (abs)        000000
__size_of_dtoa                   (abs)        000000
__size_of_fputc                  (abs)        000000
__size_of_fputs                  (abs)        000000
__size_of_get_RTC                (abs)        000000
__size_of_get_key                (abs)        000000
__size_of_main                   (abs)        000000
__size_of_pad                    (abs)        000000
__size_of_putch                  (abs)        000000
__size_of_scr                    (abs)        000000
__size_of_set_RTC                (abs)        000000
__size_of_sprintf                (abs)        000000
__size_of_ssd1306_command        (abs)        000000
__size_of_strlen                 (abs)        000000
__size_of_vfpfcnvrt              (abs)        000000
__size_of_vfprintf               (abs)        000000
__smallconst                     smallconst   000000
_abs                             text38       002D66
_add                             dataBANK0    0000E5
_anio                            bssBANK0     000096
_aniox                           dataBANK0    0000E9
_barras                          mediumconst  007FC0
_bcd_to_decimal                  text23       0031C6
_configuracion                   bssCOMRAM    00005D
_contador_t1                     bssBANK0     000090
_dbuf                            bssBANK0     00009A
_decimal_to_bcd                  text2        002DE0
_dia                             bssBANK0     000094
_diax                            dataBANK0    0000E7
_dtoa                            text32       00086C
_dtoa$1991                       cstackCOMRAM 00002E
_flag_t1                         bssCOMRAM    00005C
_flags                           bssCOMRAM    00005A
_fputc                           text36       001C76
_fputs                           text35       002D22
_get_RTC                         text4        001884
_get_key                         text3        002196
_main                            text0        001B94
_mes                             bssBANK0     000095
_mesx                            dataBANK0    0000E8
_nout                            bssBANK0     000088
_pad                             text33       001E04
_prec                            bssBANK0     00008C
_putch                           text37       00324E
_registro                        bssBANK0     00008E
_scr                             intcode      000008
_set_RTC                         text1        00242C
_sms                             bssBANK0     0000BA
_sprintf                         text29       002B68
_ssd1306_command                 text49       003110
_strlen                          text34       002E88
_valores                         bssBANK0     000060
_vfpfcnvrt                       text31       001156
_vfprintf                        text30       002A02
_width                           bssBANK0     00008A
abs@a                            cstackCOMRAM 000013
bcd_to_decimal@number            cstackCOMRAM 000002
btemp                            temp         00005F
decimal_to_bcd@number            cstackCOMRAM 00000B
dtoa@d                           cstackCOMRAM 00001E
dtoa@fp                          cstackCOMRAM 00001C
dtoa@i                           cstackCOMRAM 00003E
dtoa@n                           cstackCOMRAM 000036
dtoa@p                           cstackCOMRAM 000030
dtoa@s                           cstackCOMRAM 000034
dtoa@w                           cstackCOMRAM 000032
end_of_initialization            cinit        002D14
fputc@c                          cstackCOMRAM 000001
fputc@fp                         cstackCOMRAM 000003
fputs@c                          cstackCOMRAM 00000E
fputs@fp                         cstackCOMRAM 00000C
fputs@i                          cstackCOMRAM 00000F
fputs@s                          cstackCOMRAM 00000A
int$flags                        temp         00005F
int_func                         intcode_body 002C98
intlevel0                        text         000000
intlevel1                        text         000000
intlevel2                        text         000000
intlevel3                        text         000000
pad@buf                          cstackCOMRAM 000013
pad@fp                           cstackCOMRAM 000011
pad@i                            cstackCOMRAM 000018
pad@p                            cstackCOMRAM 000015
pad@w                            cstackCOMRAM 00001A
sprintf@ap                       cstackBANK0  0000DD
sprintf@f                        cstackBANK0  0000DF
sprintf@fmt                      cstackBANK0  0000D5
sprintf@s                        cstackBANK0  0000D3
ssd1306_command@command          cstackCOMRAM 000002
stackhi                          (abs)        0007FF
stacklo                          (abs)        0000ED
start                            init         00000E
start_initialization             cinit        002CDE
strlen@a                         cstackCOMRAM 000003
strlen@s                         cstackCOMRAM 000001
ttemp5                           temp         000060
ttemp6                           temp         000063
ttemp7                           temp         000067
vfpfcnvrt@ap                     cstackCOMRAM 000044
vfpfcnvrt@fmt                    cstackCOMRAM 000042
vfpfcnvrt@fp                     cstackCOMRAM 000040
vfpfcnvrt@ll                     cstackCOMRAM 000048
vfprintf@ap                      cstackCOMRAM 000054
vfprintf@cfmt                    cstackCOMRAM 000056
vfprintf@fmt                     cstackCOMRAM 000052
vfprintf@fp                      cstackCOMRAM 000050
wtemp8                           temp         000060


FUNCTION INFORMATION:

 *************** function _main *****************
 Defined at:
		line 79 in file "main.c"
 Parameters:    Size  Location     Type
		None
 Auto vars:     Size  Location     Type
		None
 Return value:  Size  Location     Type
                  1    wreg      void 
 Registers used:
		wreg, fsr1l, fsr1h, fsr2l, fsr2h, status,2, status,0, tblptrl, tblptrh, tblptru, prodl, prodh, cstack
 Tracked objects:
		On entry : 
		On exit  : 
		Unchanged: 
 Data sizes:     COMRAM   BANK0   BANK1   BANK2   BANK3   BANK4   BANK5   BANK6   BANK7
      Params:         0       0       0       0       0       0       0       0       0
      Locals:         0       0       0       0       0       0       0       0       0
      Temps:          2       0       0       0       0       0       0       0       0
      Totals:         2       0       0       0       0       0       0       0       0
Total ram usage:        2 bytes
 Hardware stack levels required when called:   11
 This function calls:
		_CHECK_TAG
		_EEPROM_Read
		_EEPROM_Write
		_EEPROM_getRegistro
		_EEPROM_setRegistro
		_MFRC522_Init
		_OLED_Init
		_Print_Menu
		_Print_Ticket
		_Timer1_Init
		_UART_Begin
		_UART_Init
		_UART_Println
		_get_RTC
		_get_key
		_set_RTC
 This function is called by:
		Startup code after reset
 This function uses a non-reentrant model


 *************** function _set_RTC *****************
 Defined at:
		line 210 in file "main.c"
 Parameters:    Size  Location     Type
		None
 Auto vars:     Size  Location     Type
		None
 Return value:  Size  Location     Type
                  1    wreg      void 
 Registers used:
		wreg, status,2, status,0, prodl, prodh, cstack
 Tracked objects:
		On entry : 
		On exit  : 
		Unchanged: 
 Data sizes:     COMRAM   BANK0   BANK1   BANK2   BANK3   BANK4   BANK5   BANK6   BANK7
      Params:         0       0       0       0       0       0       0       0       0
      Locals:         0       0       0       0       0       0       0       0       0
      Temps:          1       0       0       0       0       0       0       0       0
      Totals:         1       0       0       0       0       0       0       0       0
Total ram usage:        1 bytes
 Hardware stack levels used:    1
 Hardware stack levels required when called:    3
 This function calls:
		_I2C_Start_DS
		_I2C_Stop_DS
		_I2C_Write_DS
		_decimal_to_bcd
 This function is called by:
		_main
 This function uses a non-reentrant model


 *************** function _decimal_to_bcd *****************
 Defined at:
		line 168 in file "main.c"
 Parameters:    Size  Location     Type
  number          1    wreg     unsigned char 
 Auto vars:     Size  Location     Type
  number          1   10[COMRAM] unsigned char 
 Return value:  Size  Location     Type
                  1    wreg      unsigned char 
 Registers used:
		wreg, status,2, status,0, prodl, prodh, cstack
 Tracked objects:
		On entry : 
		On exit  : 
		Unchanged: 
 Data sizes:     COMRAM   BANK0   BANK1   BANK2   BANK3   BANK4   BANK5   BANK6   BANK7
      Params:         0       0       0       0       0       0       0       0       0
      Locals:         1       0       0       0       0       0       0       0       0
      Temps:          2       0       0       0       0       0       0       0       0
      Totals:         3       0       0       0       0       0       0       0       0
Total ram usage:        3 bytes
 Hardware stack levels used:    1
 Hardware stack levels required when called:    2
 This function calls:
		___awdiv
		___awmod
 This function is called by:
		_set_RTC
 This function uses a non-reentrant model


 *************** function _get_key *****************
 Defined at:
		line 232 in file "main.c"
 Parameters:    Size  Location     Type
		None
 Auto vars:     Size  Location     Type
		None
 Return value:  Size  Location     Type
                  1    wreg      void 
 Registers used:
		wreg, status,2
 Tracked objects:
		On entry : 
		On exit  : 
		Unchanged: 
 Data sizes:     COMRAM   BANK0   BANK1   BANK2   BANK3   BANK4   BANK5   BANK6   BANK7
      Params:         0       0       0       0       0       0       0       0       0
      Locals:         0       0       0       0       0       0       0       0       0
      Temps:          2       0       0       0       0       0       0       0       0
      Totals:         2       0       0       0       0       0       0       0       0
Total ram usage:        2 bytes
 Hardware stack levels used:    1
 Hardware stack levels required when called:    1
 This function calls:
		Nothing
 This function is called by:
		_main
 This function uses a non-reentrant model


 *************** function _get_RTC *****************
 Defined at:
		line 171 in file "main.c"
 Parameters:    Size  Location     Type
		None
 Auto vars:     Size  Location     Type
		None
 Return value:  Size  Location     Type
                  1    wreg      void 
 Registers used:
		wreg, fsr1l, fsr1h, fsr2l, fsr2h, status,2, status,0, tblptrl, tblptrh, tblptru, cstack
 Tracked objects:
		On entry : 
		On exit  : 
		Unchanged: 
 Data sizes:     COMRAM   BANK0   BANK1   BANK2   BANK3   BANK4   BANK5   BANK6   BANK7
      Params:         0       0       0       0       0       0       0       0       0
      Locals:         0       0       0       0       0       0       0       0       0
      Temps:          0       0       0       0       0       0       0       0       0
      Totals:         0       0       0       0       0       0       0       0       0
Total ram usage:        0 bytes
 Hardware stack levels used:    1
 Hardware stack levels required when called:   10
 This function calls:
		_I2C_Read_DS
		_I2C_Repeated_Start_DS
		_I2C_Start_DS
		_I2C_Stop_DS
		_I2C_Write_DS
		_Print_Hora
		_Print_Minuto
		_Print_Segundo
		_Print_anio
		_Print_dia
		_Print_mes
 This function is called by:
		_main
 This function uses a non-reentrant model


 *************** function _Print_mes *****************
 Defined at:
		line 155 in file "main.c"
 Parameters:    Size  Location     Type
		None
 Auto vars:     Size  Location     Type
		None
 Return value:  Size  Location     Type
                  1    wreg      void 
 Registers used:
		wreg, fsr1l, fsr1h, fsr2l, fsr2h, status,2, status,0, tblptrl, tblptrh, tblptru, cstack
 Tracked objects:
		On entry : 
		On exit  : 
		Unchanged: 
 Data sizes:     COMRAM   BANK0   BANK1   BANK2   BANK3   BANK4   BANK5   BANK6   BANK7
      Params:         0       0       0       0       0       0       0       0       0
      Locals:         0       0       0       0       0       0       0       0       0
      Temps:          0       0       0       0       0       0       0       0       0
      Totals:         0       0       0       0       0       0       0       0       0
Total ram usage:        0 bytes
 Hardware stack levels used:    1
 Hardware stack levels required when called:    9
 This function calls:
		_OLED_SPuts
		___awdiv
		___awmod
		_sprintf
 This function is called by:
		_get_RTC
 This function uses a non-reentrant model


 *************** function _Print_dia *****************
 Defined at:
		line 151 in file "main.c"
 Parameters:    Size  Location     Type
		None
 Auto vars:     Size  Location     Type
		None
 Return value:  Size  Location     Type
                  1    wreg      void 
 Registers used:
		wreg, fsr1l, fsr1h, fsr2l, fsr2h, status,2, status,0, tblptrl, tblptrh, tblptru, cstack
 Tracked objects:
		On entry : 
		On exit  : 
		Unchanged: 
 Data sizes:     COMRAM   BANK0   BANK1   BANK2   BANK3   BANK4   BANK5   BANK6   BANK7
      Params:         0       0       0       0       0       0       0       0       0
      Locals:         0       0       0       0       0       0       0       0       0
      Temps:          0       0       0       0       0       0       0       0       0
      Totals:         0       0       0       0       0       0       0       0       0
Total ram usage:        0 bytes
 Hardware stack levels used:    1
 Hardware stack levels required when called:    9
 This function calls:
		_OLED_SPuts
		___awdiv
		___awmod
		_sprintf
 This function is called by:
		_get_RTC
 This function uses a non-reentrant model


 *************** function _Print_anio *****************
 Defined at:
		line 159 in file "main.c"
 Parameters:    Size  Location     Type
		None
 Auto vars:     Size  Location     Type
		None
 Return value:  Size  Location     Type
                  1    wreg      void 
 Registers used:
		wreg, fsr1l, fsr1h, fsr2l, fsr2h, status,2, status,0, tblptrl, tblptrh, tblptru, cstack
 Tracked objects:
		On entry : 
		On exit  : 
		Unchanged: 
 Data sizes:     COMRAM   BANK0   BANK1   BANK2   BANK3   BANK4   BANK5   BANK6   BANK7
[...]
 This function uses a non-reentrant model


 *************** function _MFRC522_Halt *****************
 Defined at:
		line 281 in file "RC522.c"
 Parameters:    Size  Location     Type
		None
 Auto vars:     Size  Location     Type
  buff            4   31[COMRAM] unsigned char [4]
  unLen           2   35[COMRAM] unsigned int 
 Return value:  Size  Location     Type
                  1    wreg      void 
 Registers used:
		wreg, fsr2l, fsr2h, status,2, status,0, prodl, prodh, cstack
 Tracked objects:
		On entry : 
		On exit  : 
		Unchanged: 
 Data sizes:     COMRAM   BANK0   BANK1   BANK2   BANK3   BANK4   BANK5   BANK6   BANK7
      Params:         0       0       0       0       0       0       0       0       0
      Locals:         6       0       0       0       0       0       0       0       0
      Temps:          0       0       0       0       0       0       0       0       0
      Totals:         6       0       0       0       0       0       0       0       0
Total ram usage:        6 bytes
 Hardware stack levels used:    1
 Hardware stack levels required when called:    4
 This function calls:
		_MFRC522_CRC
		_MFRC522_Clear_Bit
		_MFRC522_ToCard
 This function is called by:
		_CHECK_TAG
 This function uses a non-reentrant model


 *************** function _MFRC522_ToCard *****************
 Defined at:
		line 143 in file "RC522.c"
 Parameters:    Size  Location     Type
  command         1    wreg     unsigned char 
  sendData        2   12[COMRAM] PTR unsigned char 
		 -> NULL(0), MFRC522_Halt@buff(4), UID(10), 
  sendLen         1   14[COMRAM] unsigned char 
  backData        2   15[COMRAM] PTR unsigned char 
		 -> NULL(0), MFRC522_Halt@buff(4), UID(10), 
  backLen         2   17[COMRAM] PTR unsigned int 
		 -> MFRC522_AntiColl@unLen(2), MFRC522_Halt@unLen(2), MFRC522_Request@backBits(2), 
 Auto vars:     Size  Location     Type
  command         1   27[COMRAM] unsigned char 
  i               2   28[COMRAM] unsigned int 
  n               1   30[COMRAM] unsigned char 
  irqEn           1   26[COMRAM] unsigned char 
  lastBits        1   25[COMRAM] unsigned char 
  _status         1   24[COMRAM] unsigned char 
  waitIRq         1   23[COMRAM] unsigned char 
 Return value:  Size  Location     Type
                  1    wreg      unsigned char 
 Registers used:
		wreg, fsr2l, fsr2h, status,2, status,0, prodl, prodh, cstack
 Tracked objects:
		On entry : 
		On exit  : 
		Unchanged: 
 Data sizes:     COMRAM   BANK0   BANK1   BANK2   BANK3   BANK4   BANK5   BANK6   BANK7
      Params:         7       0       0       0       0       0       0       0       0
      Locals:         8       0       0       0       0       0       0       0       0
      Temps:          4       0       0       0       0       0       0       0       0
      Totals:        19       0       0       0       0       0       0       0       0
Total ram usage:       19 bytes
 Hardware stack levels used:    1
 Hardware stack levels required when called:    3
 This function calls:
		_MFRC522_Clear_Bit
		_MFRC522_Rd
		_MFRC522_Set_Bit
		_MFRC522_Wr
 This function is called by:
		_MFRC522_Request
		_MFRC522_Halt
		_MFRC522_AntiColl
 This function uses a non-reentrant model


 *************** function _MFRC522_CRC *****************
 Defined at:
		line 253 in file "RC522.c"
 Parameters:    Size  Location     Type
  dataIn          2   12[COMRAM] PTR unsigned char 
		 -> MFRC522_Halt@buff(4), 
  length          1   14[COMRAM] unsigned char 
  dataOut         2   15[COMRAM] PTR unsigned char 
		 -> MFRC522_Halt@buff(4), 
 Auto vars:     Size  Location     Type
  i               1   18[COMRAM] unsigned char 
  n               1   17[COMRAM] unsigned char 
 Return value:  Size  Location     Type
                  1    wreg      void 
 Registers used:
		wreg, fsr2l, fsr2h, status,2, status,0, cstack
 Tracked objects:
		On entry : 
		On exit  : 
		Unchanged: 
 Data sizes:     COMRAM   BANK0   BANK1   BANK2   BANK3   BANK4   BANK5   BANK6   BANK7
      Params:         5       0       0       0       0       0       0       0       0
      Locals:         2       0       0       0       0       0       0       0       0
      Temps:          0       0       0       0       0       0       0       0       0
      Totals:         7       0       0       0       0       0       0       0       0
Total ram usage:        7 bytes
 Hardware stack levels used:    1
 Hardware stack levels required when called:    3
 This function calls:
		_MFRC522_Clear_Bit
		_MFRC522_Rd
		_MFRC522_Set_Bit
		_MFRC522_Wr
 This function is called by:
		_MFRC522_Halt
 This function uses a non-reentrant model


 *************** function _MFRC522_Set_Bit *****************
 Defined at:
		line 88 in file "RC522.c"
 Parameters:    Size  Location     Type
  addr            1    wreg     unsigned char 
  mask            1    9[COMRAM] unsigned char 
 Auto vars:     Size  Location     Type
  addr            1   11[COMRAM] unsigned char 
  tmp             1   10[COMRAM] unsigned char 
 Return value:  Size  Location     Type
                  1    wreg      void 
 Registers used:
		wreg, status,2, status,0, cstack
 Tracked objects:
		On entry : 
		On exit  : 
		Unchanged: 
 Data sizes:     COMRAM   BANK0   BANK1   BANK2   BANK3   BANK4   BANK5   BANK6   BANK7
      Params:         1       0       0       0       0       0       0       0       0
      Locals:         2       0       0       0       0       0       0       0       0
      Temps:          0       0       0       0       0       0       0       0       0
      Totals:         3       0       0       0       0       0       0       0       0
Total ram usage:        3 bytes
 Hardware stack levels used:    1
 Hardware stack levels required when called:    2
 This function calls:
		_MFRC522_Rd
		_MFRC522_Wr
 This function is called by:
		_MFRC522_AntennaOn
		_MFRC522_ToCard
		_MFRC522_CRC
 This function uses a non-reentrant model


 *************** function _MFRC522_Clear_Bit *****************
 Defined at:
		line 83 in file "RC522.c"
 Parameters:    Size  Location     Type
  addr            1    wreg     unsigned char 
  mask            1    9[COMRAM] unsigned char 
 Auto vars:     Size  Location     Type
  addr            1   11[COMRAM] unsigned char 
  tmp             1   10[COMRAM] unsigned char 
 Return value:  Size  Location     Type
                  1    wreg      void 
 Registers used:
		wreg, status,2, status,0, cstack
 Tracked objects:
		On entry : 
		On exit  : 
		Unchanged: 
 Data sizes:     COMRAM   BANK0   BANK1   BANK2   BANK3   BANK4   BANK5   BANK6   BANK7
      Params:         1       0       0       0       0       0       0       0       0
      Locals:         2       0       0       0       0       0       0       0       0
      Temps:          0       0       0       0       0       0       0       0       0
      Totals:         3       0       0       0       0       0       0       0       0
Total ram usage:        3 bytes
 Hardware stack levels used:    1
 Hardware stack levels required when called:    2
 This function calls:
		_MFRC522_Rd
		_MFRC522_Wr
 This function is called by:
		_MFRC522_AntennaOff
		_MFRC522_ToCard
		_MFRC522_CRC
		_MFRC522_Halt
		_MFRC522_AntiColl
 This function uses a non-reentrant model


 *************** function _MFRC522_Wr *****************
 Defined at:
		line 48 in file "RC522.c"
 Parameters:    Size  Location     Type
  Address         1    wreg     unsigned char 
  value           1    0[COMRAM] unsigned char 
 Auto vars:     Size  Location     Type
  Address         1    1[COMRAM] unsigned char 
  i               1    3[COMRAM] unsigned char 
  ucAddr          1    2[COMRAM] unsigned char 
 Return value:  Size  Location     Type
                  1    wreg      void 
 Registers used:
		wreg, status,2, status,0
 Tracked objects:
		On entry : 
		On exit  : 
		Unchanged: 
 Data sizes:     COMRAM   BANK0   BANK1   BANK2   BANK3   BANK4   BANK5   BANK6   BANK7
      Params:         1       0       0       0       0       0       0       0       0
      Locals:         3       0       0       0       0       0       0       0       0
      Temps:          0       0       0       0       0       0       0       0       0
      Totals:         4       0       0       0       0       0       0       0       0
Total ram usage:        4 bytes
 Hardware stack levels used:    1
 Hardware stack levels required when called:    1
 This function calls:
		Nothing
 This function is called by:
		_MFRC522_Clear_Bit
		_MFRC522_Set_Bit
		_MFRC522_Reset
		_MFRC522_Init
		_MFRC522_ToCard
		_MFRC522_Request
		_MFRC522_CRC
		_MFRC522_AntiColl
 This function uses a non-reentrant model


 *************** function _MFRC522_Rd *****************
 Defined at:
		line 4 in file "RC522.c"
 Parameters:    Size  Location     Type
  Address         1    wreg     unsigned char 
 Auto vars:     Size  Location     Type
  Address         1    2[COMRAM] unsigned char 
  i               2    7[COMRAM] unsigned int 
  ucResult        2    5[COMRAM] unsigned int 
  ucAddr          2    3[COMRAM] unsigned int 
 Return value:  Size  Location     Type
                  1    wreg      unsigned char 
 Registers used:
		wreg, status,2, status,0
 Tracked objects:
		On entry : 
		On exit  : 
		Unchanged: 
 Data sizes:     COMRAM   BANK0   BANK1   BANK2   BANK3   BANK4   BANK5   BANK6   BANK7
      Params:         0       0       0       0       0       0       0       0       0
      Locals:         7       0       0       0       0       0       0       0       0
      Temps:          2       0       0       0       0       0       0       0       0
      Totals:         9       0       0       0       0       0       0       0       0
Total ram usage:        9 bytes
 Hardware stack levels used:    1
 Hardware stack levels required when called:    1
 This function calls:
		Nothing
 This function is called by:
		_MFRC522_Clear_Bit
		_MFRC522_Set_Bit
		_MFRC522_AntennaOn
		_MFRC522_ToCard
		_MFRC522_CRC
 This function uses a non-reentrant model


 *************** function _MFRC522_Clear_UID *****************
 Defined at:
		line 336 in file "RC522.c"
 Parameters:    Size  Location     Type
  u_i             2    0[COMRAM] PTR unsigned char 
		 -> UID(10), 
 Auto vars:     Size  Location     Type
  j               2    2[COMRAM] int 
 Return value:  Size  Location     Type
                  1    wreg      void 
 Registers used:
		wreg, fsr2l, fsr2h, status,2, status,0
 Tracked objects:
		On entry : 
		On exit  : 
		Unchanged: 
 Data sizes:     COMRAM   BANK0   BANK1   BANK2   BANK3   BANK4   BANK5   BANK6   BANK7
      Params:         2       0       0       0       0       0       0       0       0
      Locals:         2       0       0       0       0       0       0       0       0
      Temps:          0       0       0       0       0       0       0       0       0
      Totals:         4       0       0       0       0       0       0       0       0
Total ram usage:        4 bytes
 Hardware stack levels used:    1
 Hardware stack levels required when called:    1
 This function calls:
		Nothing
 This function is called by:
		_CHECK_TAG
 This function uses a non-reentrant model


 *************** function _scr *****************
 Defined at:
		line 67 in file "main.c"
 Parameters:    Size  Location     Type
		None
 Auto vars:     Size  Location     Type
		None
 Return value:  Size  Location     Type
                  1    wreg      void 
 Registers used:
		wreg, status,2, status,0
 Tracked objects:
		On entry : 
		On exit  : 
		Unchanged: 
 Data sizes:     COMRAM   BANK0   BANK1   BANK2   BANK3   BANK4   BANK5   BANK6   BANK7
      Params:         0       0       0       0       0       0       0       0       0
      Locals:         0       0       0       0       0       0       0       0       0
      Temps:          0       0       0       0       0       0       0       0       0
      Totals:         0       0       0       0       0       0       0       0       0
Total ram usage:        0 bytes
 Hardware stack levels used:    1
 This function calls:
		Nothing
 This function is called by:
		Interrupt level 2
 This function uses a non-reentrant model



MODULE INFORMATION

Module		Function		Class		Link	Load	Size
UART.c
		_UART_Init     		CODE           	31B0	0000	22
		_UART_Print    		CODE           	2F24	0000	48
		_UART_Println  		CODE           	2554	0000	130
		_UART_Begin    		CODE           	0DD8	0000	458
		_UART_Write    		CODE           	31DC	0000	22

UART.c estimated size: 680

C:\Program Files\Microchip\xc8\v2.31\pic\sources\c99\common\sprcadd.c
		___flsub       		CODE           	2C52	0000	70
		___fladd       		CODE           	0012	0000	1216

C:\Program Files\Microchip\xc8\v2.31\pic\sources\c99\common\sprcadd.c estimated size: 1286

24LC256.c
		_EEPROM_getRegistro		CODE           	2E18	0000	56
		_EEPROM_setRegistro		CODE           	2C08	0000	74
		_EEPROM_Read   		CODE           	2FB0	0000	42
		_EEPROM_Write  		CODE           	2F54	0000	48
		_Registro_busqueda		CODE           	2EBE	0000	52

24LC256.c estimated size: 272

C:\Program Files\Microchip\xc8\v2.31\pic\sources\c99\common\putch.c
		_putch         		CODE           	324E	0000	2

C:\Program Files\Microchip\xc8\v2.31\pic\sources\c99\common\putch.c estimated size: 2

C:\Program Files\Microchip\xc8\v2.31\pic\sources\c99\common\nf_fputs.c
		_fputs         		CODE           	2D22	0000	68

C:\Program Files\Microchip\xc8\v2.31\pic\sources\c99\common\nf_fputs.c estimated size: 68

C:\Program Files\Microchip\xc8\v2.31\pic\sources\c99\common\xxtofl.c
		___xxtofl      		CODE           	0FA2	0000	436

C:\Program Files\Microchip\xc8\v2.31\pic\sources\c99\common\xxtofl.c estimated size: 436

Timer1.c
		_Timer1_Init   		CODE           	312E	0000	28

Timer1.c estimated size: 28

C:\Program Files\Microchip\xc8\v2.31\pic\sources\c99\common\aomod.c
		___aomod       		CODE           	15FE	0000	356

C:\Program Files\Microchip\xc8\v2.31\pic\sources\c99\common\aomod.c estimated size: 356

i2c.c
		_I2C_Stop      		CODE           	3228	0000	18
		_I2C_Wait      		CODE           	30EE	0000	34
		_I2C_Read      		CODE           	2EF2	0000	50
		_I2C_Init      		CODE           	3052	0000	40
		_I2C_Send      		CODE           	3164	0000	26
		_I2C_Start     		CODE           	3204	0000	18
		_I2C_Restart   		CODE           	3216	0000	18

i2c.c estimated size: 204

C:\Program Files\Microchip\xc8\v2.31\pic\sources\c99\common\abs.c
		_abs           		CODE           	2D66	0000	64

C:\Program Files\Microchip\xc8\v2.31\pic\sources\c99\common\abs.c estimated size: 64

C:\Program Files\Microchip\xc8\v2.31\pic\sources\c99\common\strlen.c
		_strlen        		CODE           	2E88	0000	54

C:\Program Files\Microchip\xc8\v2.31\pic\sources\c99\common\strlen.c estimated size: 54

C:\Program Files\Microchip\xc8\v2.31\pic\sources\c99\common\lwmod.c
		___lwmod       		CODE           	299E	0000	100

C:\Program Files\Microchip\xc8\v2.31\pic\sources\c99\common\lwmod.c estimated size: 100

C:\Program Files\Microchip\xc8\v2.31\pic\sources\c99\common\awmod.c
		___awmod       		CODE           	203A	0000	176

C:\Program Files\Microchip\xc8\v2.31\pic\sources\c99\common\awmod.c estimated size: 176

Oled.c
		_ssd1306_command		CODE           	3110	0000	30
		_OLED_SPuts    		CODE           	1492	0000	364
		_OLED_Init     		CODE           	223E	0000	168
		_OLEDClear     		CODE           	2B14	0000	84
		_OLED_NPuts    		CODE           	1EC6	0000	192
		_OLEDsetCursor 		CODE           	30C8	0000	38

Oled.c estimated size: 876

C:\Program Files\Microchip\xc8\v2.31\pic\sources\c99\common\aodiv.c
		___aodiv       		CODE           	130A	0000	392

C:\Program Files\Microchip\xc8\v2.31\pic\sources\c99\common\aodiv.c estimated size: 392

C:\Program Files\Microchip\xc8\v2.31\pic\sources\c99\common\nf_fputc.c
		_fputc         		CODE           	1C76	0000	202

C:\Program Files\Microchip\xc8\v2.31\pic\sources\c99\common\nf_fputc.c estimated size: 202

shared
		_barras        		MEDIUMCONST    	7FC0	0000	8
		_TINY_FONTS    		MEDIUMCONST    	7EA3	0000	285
		_BIG_FONTS     		MEDIUMCONST    	7089	0000	3040
		__initialization		CODE           	2CDE	0000	54
		_SMALL_FONTS   		MEDIUMCONST    	7C69	0000	570

shared estimated size: 3957

DS3231.c
		_I2C_Write_DS  		CODE           	2F84	0000	44
		_I2C_Stop_DS   		CODE           	2FDA	0000	40
		_I2C_Read_DS   		CODE           	24C6	0000	142
		_I2C_Repeated_Start_DS		CODE           	302A	0000	40
		_I2C_Start_DS  		CODE           	3002	0000	40

DS3231.c estimated size: 306

C:\Program Files\Microchip\xc8\v2.31\pic\sources\c99\common\lwdiv.c
		___lwdiv       		CODE           	2652	0000	116

C:\Program Files\Microchip\xc8\v2.31\pic\sources\c99\common\lwdiv.c estimated size: 116

C:\Program Files\Microchip\xc8\v2.31\pic\sources\c99\common\awdiv.c
		___awdiv       		CODE           	1D40	0000	196

C:\Program Files\Microchip\xc8\v2.31\pic\sources\c99\common\awdiv.c estimated size: 196

C:\Program Files\Microchip\xc8\v2.31\pic\sources\c99\common\doprnt.c
		_vfpfcnvrt     		CODE           	1156	0000	436
		_pad           		CODE           	1E04	0000	194
		_dtoa          		CODE           	086C	0000	734
		_vfprintf      		CODE           	2A02	0000	98

C:\Program Files\Microchip\xc8\v2.31\pic\sources\c99\common\doprnt.c estimated size: 1462

C:\Program Files\Microchip\xc8\v2.31\pic\sources\c99\common\sprcdiv.c
		___fldiv       		CODE           	04D2	0000	922

C:\Program Files\Microchip\xc8\v2.31\pic\sources\c99\common\sprcdiv.c estimated size: 922

C:\Program Files\Microchip\xc8\v2.31\pic\sources\c99\common\fltol.c
		___fltol       		CODE           	198A	0000	262

C:\Program Files\Microchip\xc8\v2.31\pic\sources\c99\common\fltol.c estimated size: 262

C:\Program Files\Microchip\xc8\v2.31\pic\sources\c99\common\nf_sprintf.c
		_sprintf       		CODE           	2B68	0000	82

C:\Program Files\Microchip\xc8\v2.31\pic\sources\c99\common\nf_sprintf.c estimated size: 82

C:\Program Files\Microchip\xc8\v2.31\pic\sources\c99\common\flge.c
		___flge        		CODE           	1A90	0000	260

C:\Program Files\Microchip\xc8\v2.31\pic\sources\c99\common\flge.c estimated size: 260

C:\Program Files\Microchip\xc8\v2.31\pic\sources\c99\common\Umul16.c
		___wmul        		CODE           	30A2	0000	38

C:\Program Files\Microchip\xc8\v2.31\pic\sources\c99\common\Umul16.c estimated size: 38

main.c
		_Print_Minuto  		CODE           	2866	0000	104
		_Print_Segundo 		CODE           	27FE	0000	104
		_decimal_to_bcd		CODE           	2DE0	0000	56
		_main          		CODE           	1B94	0000	226
		_scr           		CODE           	0008	0000	76
		_CHECK_TAG     		CODE           	22E6	0000	166
		_bcd_to_decimal		CODE           	31C6	0000	22
		_Print_Hora    		CODE           	28CE	0000	104
		_get_RTC       		CODE           	1884	0000	262
		_set_RTC       		CODE           	242C	0000	154
		_Print_anio    		CODE           	2796	0000	104
		_Print_dia     		CODE           	272E	0000	104
		_Print_Ticket  		CODE           	1762	0000	290
		_get_key       		CODE           	2196	0000	168
		_Print_Menu    		CODE           	2BBA	0000	78
		_Print_mes     		CODE           	26C6	0000	104

main.c estimated size: 2122

RC522.c
		_MFRC522_Request		CODE           	2936	0000	104
		_MFRC522_Clear_UID		CODE           	2DA6	0000	58
		_MFRC522_ReadCardSerial		CODE           	2E50	0000	56
		_MFRC522_Rd    		CODE           	20EA	0000	172
		_MFRC522_Wr    		CODE           	25D6	0000	124
		_MFRC522_CRC   		CODE           	238C	0000	160
		_MFRC522_Halt  		CODE           	2ABC	0000	88
		_MFRC522_Init  		CODE           	2A64	0000	88
		_MFRC522_AntiColl		CODE           	1F86	0000	180
		_MFRC522_Reset 		CODE           	314A	0000	26
		_MFRC522_AntennaOn		CODE           	31F2	0000	18
		_MFRC522_Clear_Bit		CODE           	317E	0000	26
		_MFRC522_AntennaOff		CODE           	323A	0000	12
		_MFRC522_ToCard		CODE           	0B4A	0000	654
		_MFRC522_isCard		CODE           	307A	0000	40
		_MFRC522_Set_Bit		CODE           	3198	0000	24

RC522.c estimated size: 1830

