Microchip MPLAB XC8 Compiler V2.31

Linker command line:

-W-3 --edf=C:\Program Files\Microchip\xc8\v2.31\pic\dat\en_msgs.txt -cn \
  -h+dist/default/production\PIC18F4550_Registro.X.production.sym \
  --cmf=dist/default/production\PIC18F4550_Registro.X.production.cmf -z \
  -Q18F4550 -oC:\Users\EAVELL~1\AppData\Local\Temp\sgsg.2 \
  --defsym=__MPLAB_BUILD=1 \
  -Mdist/default/production/PIC18F4550_Registro.X.production.map -E1 \
  -ver=XC8 Compiler --acfsm=1493 -ASTACK=0F6h-07FFh -pstack=STACK \
  -ACODE=00h-07FFFh -ACONST=00h-07FFFh -ASMALLCONST=0800h-08FFhx120 \
  -AMEDIUMCONST=0800h-07FFFh -ACOMRAM=01h-05Fh -AABS1=00h-07FFh \
  -ABIGRAM=01h-07FFh -ARAM=060h-0FFh,0100h-01FFhx7 -ABANK0=060h-0FFh \
  -ABANK1=0100h-01FFh -ABANK2=0200h-02FFh -ABANK3=0300h-03FFh \
  -ABANK4=0400h-04FFh -ABANK5=0500h-05FFh -ABANK6=0600h-06FFh \
  -ABANK7=0700h-07FFh -ASFR=0F60h-0FFFh -ACONFIG=0300000h-030000Dh \
  -AIDLOC=0200000h-0200007h -AEEDATA=0F00000h-0F000FFh -peeprom_data=EEDATA \
  -preset_vec=00h,intcode=08h,intcodelo,powerup,init -pramtop=0800h \
  -psmallconst=SMALLCONST -pmediumconst=MEDIUMCONST -pconst=CONST \
  -AFARRAM=00h-00h \
  -prdata=COMRAM,nvrram=COMRAM,nvbit=COMRAM,rbss=COMRAM,rbit=COMRAM \
  -pfarbss=FARRAM,fardata=FARRAM,nvFARRAM=FARRAM \
  -pintsave_regs=BIGRAM,bigbss=BIGRAM,bigdata=BIGRAM -pbss=RAM \
  -pidata=CODE,irdata=CODE,ibigdata=CODE,ifardata=CODE -prparam=COMRAM \
  C:\Users\EAVELL~1\AppData\Local\Temp\sgsg.o \
  dist/default/production\PIC18F4550_Registro.X.production.o 

Object code version is 3.11

Machine type is 18F4550



                Name                               Link     Load   Length Selector   Space Scale
C:\Users\EAVELL~1\AppData\Local\Temp\sgsg.o
                idloc                            200000   200000        8        0       5
                config                           300000   300000        E        0       4
                init                                  E        E        4        4       0
                reset_vec                             0        0        4        0       0
dist/default/production\PIC18F4550_Registro.X.production.o
                intcode                               8        8        6        4       0
                idloc                            200000   200000        8        0       5
                config                           300000   300000        E        0       4
                temp                                 5F       5F        1        1       1
                mediumconst                        7070     7070      F90     3838       0
                intcode_body                       32EA     32EA       46        4       0
                text85                             385C     385C       12        4       0
                text84                             3704     3704       22        4       0
                text83                             3508     3508       32        4       0
                text82                             384A     384A       12        4       0
                text81                             37B2     37B2       1A        4       0
                text80                             3838     3838       12        4       0
                text79                             35C6     35C6       2A        4       0
                text78                             349A     349A       38        4       0
                text77                             356A     356A       30        4       0
                text76                             2CA0     2CA0       74        4       0
                text75                             2FEC     2FEC       64        4       0
                text74                             325A     325A       4A        4       0
                text73                             3744     3744       1E        4       0
                text72                             33F0     33F0       3A        4       0
                text71                             2886     2886       AC        4       0
                text70                             2C24     2C24       7C        4       0
                text69                             3798     3798       1A        4       0
                text68                             37CC     37CC       18        4       0
                text67                             29DA     29DA       A0        4       0
                text66                              DF8      DF8      28E        4       0
                text65                             310A     310A       58        4       0
                text64                             2722     2722       B4        4       0
                text63                             3462     3462       38        4       0
                text62                             2F84     2F84       68        4       0
                text61                             3690     3690       28        4       0
                text60                             36DE     36DE       26        4       0
                text59                             15B8     15B8      18E        4       0
                text58                             3810     3810       16        4       0
                text57                             353A     353A       30        4       0
                text56                             2BA2     2BA2       82        4       0
                text55                             259E     259E       C4        4       0
                text54                             27D6     27D6       B0        4       0
                text53                             37FA     37FA       16        4       0
                text52                             1746     1746      188        4       0
                text51                             1BA4     1BA4      164        4       0
                text50                             3374     3374       40        4       0
                text49                             3886     3886        2     1C43       0
                text48                             240E     240E       CA        4       0
                text47                             3330     3330       44        4       0
                text46                             34D2     34D2       36        4       0
                text45                             24D8     24D8       C6        4       0
                text44                              86C      86C      2E2        4       0
                text43                             1404     1404      1B4        4       0
                text42                             3050     3050       62        4       0
                text41                             3208     3208       52        4       0
                text40                             1D08     1D08      122        4       0
                text39                             1A3A     1A3A      16A        4       0
                text38                             232E     232E       E0        4       0
                text37                             386E     386E        C        4       0
                text36                             3826     3826       12        4       0
                text35                             377E     377E       1A        4       0
                text34                             30B2     30B2       58        4       0
                text33                             3668     3668       28        4       0
                text32                             3726     3726       1E        4       0
                text31                             2932     2932       A8        4       0
                text30                             36B8     36B8       26        4       0
                text29                             3162     3162       54        4       0
                text28                             2662     2662       C0        4       0
                text27                             18CE     18CE      16C        4       0
                text26                             2F1C     2F1C       68        4       0
                text25                             2EB4     2EB4       68        4       0
                text24                             2E4C     2E4C       68        4       0
                text23                             1E2A     1E2A      112        4       0
                text22                             31B6     31B6       52        4       0
                text21                             3762     3762       1C        4       0
                text20                              4D2      4D2      39A        4       0
                text19                             2148     2148      104        4       0
                text18                               12       12      4C0        4       0
                text17                             32A4     32A4       46        4       0
                text16                             2042     2042      106        4       0
                text15                             1250     1250      1B4        4       0
                text14                             1086     1086      1CA        4       0
                text13                             37E4     37E4       16        4       0
                text12                             2B14     2B14       8E        4       0
                text11                             3640     3640       28        4       0
                text10                             3618     3618       28        4       0
                text9                              35F0     35F0       28        4       0
                text8                              359A     359A       2C        4       0
                text7                              2DE4     2DE4       68        4       0
                text6                              2D7C     2D7C       68        4       0
                text5                              2D14     2D14       68        4       0
                text4                              1F3C     1F3C      106        4       0
                text3                              342A     342A       38        4       0
                text2                              2A7A     2A7A       9A        4       0
                text1                               B4E      B4E      2AA        4       0
                text0                              224C     224C       E2        4       0
                cstackCOMRAM                          1        1       5D        1       1
                cstackBANK0                          D9       D9       12       60       1
                dataBANK0                            EB       EB        B       60       1
                bssBANK0                             60       60       79       60       1
                bssCOMRAM                            5E       5E        1        1       1
                cinit                              33B4     33B4       3C        4       0
                idataBANK0                         387A     387A        B        4       0

TOTAL           Name                               Link     Load   Length     Space
        CLASS   STACK          

        CLASS   CODE           
                intcode                               8        8        6         0
                init                                  E        E        4         0
                reset_vec                             0        0        4         0
                intcode_body                       32EA     32EA       46         0
                text85                             385C     385C       12         0
                text84                             3704     3704       22         0
                text83                             3508     3508       32         0
                text82                             384A     384A       12         0
                text81                             37B2     37B2       1A         0
                text80                             3838     3838       12         0
                text79                             35C6     35C6       2A         0
                text78                             349A     349A       38         0
                text77                             356A     356A       30         0
                text76                             2CA0     2CA0       74         0
                text75                             2FEC     2FEC       64         0
                text74                             325A     325A       4A         0
                text73                             3744     3744       1E         0
                text72                             33F0     33F0       3A         0
                text71                             2886     2886       AC         0
                text70                             2C24     2C24       7C         0
                text69                             3798     3798       1A         0
                text68                             37CC     37CC       18         0
                text67                             29DA     29DA       A0         0
                text66                              DF8      DF8      28E         0
                text65                             310A     310A       58         0
                text64                             2722     2722       B4         0
                text63                             3462     3462       38         0
                text62                             2F84     2F84       68         0
                text61                             3690     3690       28         0
                text60                             36DE     36DE       26         0
                text59                             15B8     15B8      18E         0
                text58                             3810     3810       16         0
                text57                             353A     353A       30         0
                text56                             2BA2     2BA2       82         0
                text55                             259E     259E       C4         0
                text54                             27D6     27D6       B0         0
                text53                             37FA     37FA       16         0
                text52                             1746     1746      188         0
                text51                             1BA4     1BA4      164         0
                text50                             3374     3374       40         0
                text49                             3886     3886        2         0
                text48                             240E     240E       CA         0
                text47                             3330     3330       44         0
                text46                             34D2     34D2       36         0
                text45                             24D8     24D8       C6         0
                text44                              86C      86C      2E2         0
                text43                             1404     1404      1B4         0
                text42                             3050     3050       62         0
                text41                             3208     3208       52         0
                text40                             1D08     1D08      122         0
                text39                             1A3A     1A3A      16A         0
                text38                             232E     232E       E0         0
                text37                             386E     386E        C         0
                text36                             3826     3826       12         0
                text35                             377E     377E       1A         0
                text34                             30B2     30B2       58         0
                text33                             3668     3668       28         0
                text32                             3726     3726       1E         0
                text31                             2932     2932       A8         0
                text30                             36B8     36B8       26         0
                text29                             3162     3162       54         0
                text28                             2662     2662       C0         0
                text27                             18CE     18CE      16C         0
                text26                             2F1C     2F1C       68         0
                text25                             2EB4     2EB4       68         0
                text24                             2E4C     2E4C       68         0
                text23                             1E2A     1E2A      112         0
                text22                             31B6     31B6       52         0
                text21                             3762     3762       1C         0
                text20                              4D2      4D2      39A         0
                text19                             2148     2148      104         0
                text18                               12       12      4C0         0
                text17                             32A4     32A4       46         0
                text16                             2042     2042      106         0
                text15                             1250     1250      1B4         0
                text14                             1086     1086      1CA         0
                text13                             37E4     37E4       16         0
                text12                             2B14     2B14       8E         0
                text11                             3640     3640       28         0
                text10                             3618     3618       28         0
                text9                              35F0     35F0       28         0
                text8                              359A     359A       2C         0
                text7                              2DE4     2DE4       68         0
                text6                              2D7C     2D7C       68         0
                text5                              2D14     2D14       68         0
                text4                              1F3C     1F3C      106         0
                text3                              342A     342A       38         0
                text2                              2A7A     2A7A       9A         0
                text1                               B4E      B4E      2AA         0
                text0                              224C     224C       E2         0
                cinit                              33B4     33B4       3C         0
                idataBANK0                         387A     387A        B         0

        CLASS   CONST          

        CLASS   SMALLCONST     

        CLASS   MEDIUMCONST    
                mediumconst                        7070     7070      F90         0

        CLASS   COMRAM         
                temp                                 5F       5F        1         1
                cstackCOMRAM                          1        1       5D         1
                bssCOMRAM                            5E       5E        1         1

        CLASS   ABS1           

        CLASS   BIGRAM         

        CLASS   RAM            

        CLASS   BANK0          
                cstackBANK0                          D9       D9       12         1
                dataBANK0                            EB       EB        B         1
                bssBANK0                             60       60       79         1

        CLASS   BANK1          

        CLASS   BANK2          

        CLASS   BANK3          

        CLASS   BANK4          

        CLASS   BANK5          

        CLASS   BANK6          

        CLASS   BANK7          

        CLASS   SFR            

        CLASS   CONFIG         
                config                           300000   300000        E         4

        CLASS   IDLOC          
                idloc                            200000   200000        8         5

        CLASS   EEDATA         

        CLASS   FARRAM         



SEGMENTS        Name                           Load    Length   Top    Selector   Space  Class

                reset_vec                      000000  000004  000004         0       0  CODE    
                cstackCOMRAM                   000001  00005F  000060         1       1  COMRAM  
                intcode                        000008  00387D  003885         4       0  CODE    
                bssBANK0                       000060  000096  0000F6        60       1  BANK0   
                text49                         003886  000002  003888      1C43       0  CODE    
                mediumconst                    007070  000F90  008000      3838       0  MEDIUMCO


UNUSED ADDRESS RANGES

        Name                Unused          Largest block    Delta
        BANK0            0000F6-0000FF                A
        BANK1            000100-0001FF              100
        BANK2            000200-0002FF              100
        BANK3            000300-0003FF              100
        BANK4            000400-0004FF              100
        BANK5            000500-0005FF              100
        BANK6            000600-0006FF              100
        BANK7            000700-0007FF              100
        BIGRAM           0000F6-0007FF              70A
        CODE             000004-000007                4
                         003885-003885                1
                         003888-00706F             37E8
        CONST            000004-000007                4
                         003885-003885                1
                         003888-00706F             37E8
        EEDATA           F00000-F000FF              100
        MEDIUMCONST      003885-003885                1
                         003888-00706F             37E8
        RAM              0000F6-0007FF              100
        SFR              000F60-000FFF               A0
        SMALLCONST       003885-003885                1
                         003888-00706F              100
        STACK            0000F6-0007FF              70A

                                  Symbol Table

?_EEPROM_getRegistro             cstackCOMRAM 00000A
?_Registro_busqueda              cstackCOMRAM 000011
?___aodiv                        cstackCOMRAM 000001
?___aomod                        cstackCOMRAM 000001
?___awdiv                        cstackCOMRAM 000001
?___awmod                        cstackCOMRAM 000001
?___fladd                        cstackCOMRAM 000001
?___fldiv                        cstackCOMRAM 000001
?___flsub                        cstackCOMRAM 000011
?___fltol                        cstackCOMRAM 000001
?___lwdiv                        cstackCOMRAM 000001
?___lwmod                        cstackCOMRAM 000001
?___wmul                         cstackCOMRAM 000001
?___xxtofl                       cstackCOMRAM 000001
?_abs                            cstackCOMRAM 000013
?_dtoa                           cstackCOMRAM 00001C
?_pad                            cstackCOMRAM 000011
?_sprintf                        cstackBANK0  0000D9
?_strlen                         cstackCOMRAM 000001
?_vfpfcnvrt                      cstackCOMRAM 000040
?_vfprintf                       cstackCOMRAM 000050
CHECK_TAG@i                      cstackCOMRAM 00005A
CHECK_TAG@valor                  cstackCOMRAM 000058
EEPROM_Read@add                  cstackCOMRAM 000007
EEPROM_Read@temp                 cstackCOMRAM 000009
EEPROM_Write@add                 cstackCOMRAM 000008
EEPROM_Write@data                cstackCOMRAM 00000A
EEPROM_getRegistro@registro      cstackCOMRAM 00000F
EEPROM_setRegistro@registro      cstackCOMRAM 00000C
Guarda_ID@registro               cstackCOMRAM 000011
I2C_Init@speed                   cstackCOMRAM 000001
I2C_Read@temp                    cstackCOMRAM 000001
I2C_Read_DS@ack                  cstackCOMRAM 000002
I2C_Read_DS@data                 cstackCOMRAM 000003
I2C_Send@data                    cstackCOMRAM 000001
I2C_Write_DS@i2c_data            cstackCOMRAM 000002
MFRC522_AntiColl@_status         cstackCOMRAM 000026
MFRC522_AntiColl@i               cstackCOMRAM 000027
MFRC522_AntiColl@serNum          cstackCOMRAM 000020
MFRC522_AntiColl@serNumCheck     cstackCOMRAM 000023
MFRC522_AntiColl@unLen           cstackCOMRAM 000024
MFRC522_CRC@dataIn               cstackCOMRAM 00000D
MFRC522_CRC@dataOut              cstackCOMRAM 000010
MFRC522_CRC@i                    cstackCOMRAM 000013
MFRC522_CRC@length               cstackCOMRAM 00000F
MFRC522_CRC@n                    cstackCOMRAM 000012
MFRC522_Clear_Bit@addr           cstackCOMRAM 00000C
MFRC522_Clear_Bit@mask           cstackCOMRAM 00000A
MFRC522_Clear_Bit@tmp            cstackCOMRAM 00000B
MFRC522_Clear_UID@j              cstackCOMRAM 000003
MFRC522_Clear_UID@u_i            cstackCOMRAM 000001
MFRC522_Halt@buff                cstackCOMRAM 000020
MFRC522_Halt@unLen               cstackCOMRAM 000024
MFRC522_Rd@Address               cstackCOMRAM 000003
MFRC522_Rd@i                     cstackCOMRAM 000008
MFRC522_Rd@ucAddr                cstackCOMRAM 000004
MFRC522_Rd@ucResult              cstackCOMRAM 000006
MFRC522_ReadCardSerial@_status   cstackCOMRAM 00002A
MFRC522_ReadCardSerial@str       cstackCOMRAM 000028
MFRC522_Request@TagType          cstackCOMRAM 000020
MFRC522_Request@_status          cstackCOMRAM 000023
MFRC522_Request@backBits         cstackCOMRAM 000024
MFRC522_Request@reqMode          cstackCOMRAM 000022
MFRC522_Set_Bit@addr             cstackCOMRAM 00000C
MFRC522_Set_Bit@mask             cstackCOMRAM 00000A
MFRC522_Set_Bit@tmp              cstackCOMRAM 00000B
MFRC522_ToCard@_status           cstackCOMRAM 000019
MFRC522_ToCard@backData          cstackCOMRAM 000010
MFRC522_ToCard@backLen           cstackCOMRAM 000012
MFRC522_ToCard@command           cstackCOMRAM 00001C
MFRC522_ToCard@i                 cstackCOMRAM 00001D
MFRC522_ToCard@irqEn             cstackCOMRAM 00001B
MFRC522_ToCard@lastBits          cstackCOMRAM 00001A
MFRC522_ToCard@n                 cstackCOMRAM 00001F
MFRC522_ToCard@sendData          cstackCOMRAM 00000D
MFRC522_ToCard@sendLen           cstackCOMRAM 00000F
MFRC522_ToCard@waitIRq           cstackCOMRAM 000018
MFRC522_Wr@Address               cstackCOMRAM 000002
MFRC522_Wr@i                     cstackCOMRAM 000004
MFRC522_Wr@ucAddr                cstackCOMRAM 000003
MFRC522_Wr@value                 cstackCOMRAM 000001
MFRC522_isCard@TagType           cstackCOMRAM 000026
Muestra_ID@valor                 cstackCOMRAM 00000A
OLEDClear@i                      cstackCOMRAM 000008
OLED_NPuts@buffer                cstackCOMRAM 000007
OLED_NPuts@c                     cstackCOMRAM 00000B
OLED_NPuts@i                     cstackCOMRAM 00000E
OLED_NPuts@x                     cstackCOMRAM 00000C
OLED_SPuts@buffer                cstackCOMRAM 00000C
OLED_SPuts@c                     cstackCOMRAM 000014
OLED_SPuts@i                     cstackCOMRAM 000017
OLED_SPuts@j                     cstackCOMRAM 000019
OLED_SPuts@valve                 cstackCOMRAM 000012
OLED_SPuts@x                     cstackCOMRAM 000008
OLED_SPuts@xi                    cstackCOMRAM 000015
OLED_SPuts@y                     cstackCOMRAM 00000A
OLEDsetCursor@x                  cstackCOMRAM 000004
OLEDsetCursor@y                  cstackCOMRAM 000006
Registro_busqueda@datox          cstackCOMRAM 000015
Registro_busqueda@i              cstackCOMRAM 000016
Registro_busqueda@registro       cstackCOMRAM 000013
UART_Begin@aux                   cstackCOMRAM 00002D
UART_Begin@aux2                  cstackCOMRAM 000029
UART_Begin@baud                  cstackCOMRAM 000025
UART_Print@buffer                cstackCOMRAM 000002
UART_Println@buffer              cstackCOMRAM 000002
UART_Write@data                  cstackCOMRAM 000001
_ACKDT                           (abs)        007E2D
_ACKEN                           (abs)        007E2C
_ADCON1                          (abs)        000FC1
_Aux                             bssBANK0     000088
_BAUDCONbits                     (abs)        000FB8
_BIG_FONTS                       mediumconst  007071
_CHECK_TAG                       text38       00232E
_EEPROM_Read                     text79       0035C6
_EEPROM_Write                    text77       00356A
_EEPROM_getRegistro              text78       00349A
_EEPROM_setRegistro              text74       00325A
_FOUNT                           bssBANK0     0000A4
_Guarda_ID                       text73       003744
_Hora                            dataBANK0    0000F5
_Horax                           bssBANK0     0000A3
_I2C_Init                        text33       003668
_I2C_Read                        text83       003508
_I2C_Read_DS                     text12       002B14
_I2C_Repeated_Start_DS           text11       003640
_I2C_Restart                     text82       00384A
_I2C_Send                        text81       0037B2
_I2C_Start                       text80       003838
_I2C_Start_DS                    text10       003618
_I2C_Stop                        text85       00385C
_I2C_Stop_DS                     text9        0035F0
_I2C_Wait                        text84       003704
_I2C_Write_DS                    text8        00359A
_INTCONbits                      (abs)        000FF2
_LATCbits                        (abs)        000F8B
_LATDbits                        (abs)        000F8C
_MFRC522_AntennaOff              text37       00386E
_MFRC522_AntennaOn               text36       003826
_MFRC522_AntiColl                text64       002722
_MFRC522_CRC                     text67       0029DA
_MFRC522_Clear_Bit               text69       003798
_MFRC522_Clear_UID               text72       0033F0
_MFRC522_Halt                    text65       00310A
_MFRC522_Init                    text34       0030B2
_MFRC522_Rd                      text71       002886
_MFRC522_ReadCardSerial          text63       003462
_MFRC522_Request                 text62       002F84
_MFRC522_Reset                   text35       00377E
_MFRC522_Set_Bit                 text68       0037CC
_MFRC522_ToCard                  text66       000DF8
_MFRC522_Wr                      text70       002C24
_MFRC522_isCard                  text61       003690
_Minuto                          dataBANK0    0000F4
_Minutox                         bssBANK0     0000A2
_Muestra_ID                      text59       0015B8
_OLEDClear                       text29       003162
_OLED_Init                       text31       002932
_OLED_NPuts                      text28       002662
_OLED_SPuts                      text27       0018CE
_OLEDsetCursor                   text30       0036B8
_PEN                             (abs)        007E2A
_PIE1bits                        (abs)        000F9D
_PIR1bits                        (abs)        000F9E
_PORTDbits                       (abs)        000F83
_PORTEbits                       (abs)        000F84
_Print_Anio                      text7        002DE4
_Print_Dia                       text6        002D7C
_Print_Hora                      text26       002F1C
_Print_Menu                      text22       0031B6
_Print_Mes                       text5        002D14
_Print_Minuto                    text25       002EB4
_Print_Segundo                   text24       002E4C
_Print_Ticket                    text40       001D08
_Print_config                    text23       001E2A
_RCEN                            (abs)        007E2B
_RCSTAbits                       (abs)        000FAB
_RSEN                            (abs)        007E29
_Registro_busqueda               text39       001A3A
_SEN                             (abs)        007E28
_SMALL_FONTS                     mediumconst  007C51
_SPBRG                           (abs)        000FAF
_SSPADD                          (abs)        000FC8
_SSPBUF                          (abs)        000FC9
_SSPCON1                         (abs)        000FC6
_SSPCON2                         (abs)        000FC5
_SSPCON2bits                     (abs)        000FC5
_SSPSTAT                         (abs)        000FC7
_SSPSTATbits                     (abs)        000FC7
_Segundo                         dataBANK0    0000F3
_Segundox                        bssBANK0     0000A1
_T1CONbits                       (abs)        000FCD
_TINY_FONTS                      mediumconst  007E8B
_TMR1                            (abs)        000FCE
_TRISBbits                       (abs)        000F93
_TRISCbits                       (abs)        000F94
_TRISDbits                       (abs)        000F95
_TRISE                           (abs)        000F96
_TXREG                           (abs)        000FAD
_TXSTAbits                       (abs)        000FAC
_TagType                         bssBANK0     00009E
_Timer1_Init                     text21       003762
_UART_Begin                      text14       001086
_UART_Init                       text13       0037E4
_UART_Print                      text57       00353A
_UART_Println                    text56       002BA2
_UART_Write                      text58       003810
_UID                             bssBANK0     0000CF
_Valores                         bssBANK0     00008D
__HRAM                           (abs)        000000
__Habs1                          abs1         000000
__Hbank0                         bank0        000000
__Hbank1                         bank1        000000
__Hbank2                         bank2        000000
__Hbank3                         bank3        000000
__Hbank4                         bank4        000000
__Hbank5                         bank5        000000
__Hbank6                         bank6        000000
__Hbank7                         bank7        000000
__Hbigbss                        bigbss       000000
__Hbigdata                       bigdata      000000
__Hbigram                        bigram       000000
__Hbss                           bss          000000
__HbssBANK0                      bssBANK0     000000
__HbssCOMRAM                     bssCOMRAM    000000
__Hcinit                         cinit        000000
__Hclrtext                       clrtext      000000
__Hcomram                        comram       000000
__Hconfig                        config       30000E
__Hconst                         const        000000
__HcstackBANK0                   cstackBANK0  000000
__HcstackCOMRAM                  cstackCOMRAM 000000
__Hdata                          data         000000
__HdataBANK0                     dataBANK0    000000
__Heeprom_data                   eeprom_data  000000
__Hfarbss                        farbss       000000
__Hfardata                       fardata      000000
__Hibigdata                      ibigdata     000000
__Hidata                         idata        000000
__HidataBANK0                    idataBANK0   000000
__Hidloc                         idloc        200008
__Hifardata                      ifardata     000000
__Hinit                          init         000012
__Hintcode                       intcode      00000E
__Hintcode_body                  intcode_body 000000
__Hintcodelo                     intcodelo    00000E
__Hintentry                      intentry     000000
__Hintret                        intret       000000
__Hintsave_regs                  intsave_regs 000000
__Hirdata                        irdata       000000
__Hmediumconst                   mediumconst  008000
__HnvFARRAM                      nvFARRAM     000000
__Hnvbit                         nvbit        000000
__Hnvrram                        nvrram       000000
__Hparam                         rparam       000000
__Hpowerup                       powerup      00000E
__Hram                           ram          000000
__Hramtop                        ramtop       000800
__Hrbit                          rbit         000000
__Hrbss                          rbss         000000
__Hrdata                         rdata        000000
__Hreset_vec                     reset_vec    000004
__Hrparam                        rparam       000000
__Hsfr                           sfr          000000
__Hsmallconst                    smallconst   000000
__Hspace_0                       (abs)        008000
__Hspace_1                       (abs)        0000F6
__Hspace_2                       (abs)        000000
__Hspace_4                       (abs)        60000E
__Hstack                         stack        000000
__Hstruct                        struct       000000
__Htemp                          temp         000060
__Htext                          text         000000
__Htext0                         text0        000000
__Htext1                         text1        000000
__Htext10                        text10       000000
__Htext11                        text11       000000
__Htext12                        text12       000000
__Htext13                        text13       000000
__Htext14                        text14       000000
__Htext15                        text15       000000
__Htext16                        text16       000000
__Htext17                        text17       000000
__Htext18                        text18       000000
__Htext19                        text19       000000
__Htext2                         text2        000000
__Htext20                        text20       000000
__Htext21                        text21       000000
__Htext22                        text22       000000
__Htext23                        text23       000000
__Htext24                        text24       000000
__Htext25                        text25       000000
__Htext26                        text26       000000
__Htext27                        text27       000000
__Htext28                        text28       000000
__Htext29                        text29       000000
__Htext3                         text3        000000
__Htext30                        text30       000000
__Htext31                        text31       000000
__Htext32                        text32       000000
__Htext33                        text33       000000
__Htext34                        text34       000000
__Htext35                        text35       000000
__Htext36                        text36       000000
__Htext37                        text37       000000
__Htext38                        text38       000000
__Htext39                        text39       000000
__Htext4                         text4        000000
__Htext40                        text40       000000
__Htext41                        text41       000000
__Htext42                        text42       000000
__Htext43                        text43       000000
__Htext44                        text44       000000
__Htext45                        text45       000000
__Htext46                        text46       000000
__Htext47                        text47       000000
__Htext48                        text48       000000
__Htext49                        text49       000000
__Htext5                         text5        000000
__Htext50                        text50       000000
__Htext51                        text51       000000
__Htext52                        text52       000000
__Htext53                        text53       000000
__Htext54                        text54       000000
__Htext55                        text55       000000
__Htext56                        text56       000000
__Htext57                        text57       000000
__Htext58                        text58       000000
__Htext59                        text59       000000
__Htext6                         text6        000000
__Htext60                        text60       000000
__Htext61                        text61       000000
__Htext62                        text62       000000
__Htext63                        text63       000000
__Htext64                        text64       000000
__Htext65                        text65       000000
__Htext66                        text66       000000
__Htext67                        text67       000000
__Htext68                        text68       000000
__Htext69                        text69       000000
__Htext7                         text7        000000
__Htext70                        text70       000000
__Htext71                        text71       000000
__Htext72                        text72       000000
__Htext73                        text73       000000
__Htext74                        text74       000000
__Htext75                        text75       000000
__Htext76                        text76       000000
__Htext77                        text77       000000
__Htext78                        text78       000000
__Htext79                        text79       000000
__Htext8                         text8        000000
__Htext80                        text80       000000
__Htext81                        text81       000000
__Htext82                        text82       000000
__Htext83                        text83       000000
__Htext84                        text84       000000
__Htext85                        text85       000000
__Htext9                         text9        000000
__LRAM                           (abs)        000001
__Labs1                          abs1         000000
__Lbank0                         bank0        000000
__Lbank1                         bank1        000000
__Lbank2                         bank2        000000
__Lbank3                         bank3        000000
__Lbank4                         bank4        000000
__Lbank5                         bank5        000000
__Lbank6                         bank6        000000
__Lbank7                         bank7        000000
__Lbigbss                        bigbss       000000
__Lbigdata                       bigdata      000000
__Lbigram                        bigram       000000
__Lbss                           bss          000000
__LbssBANK0                      bssBANK0     000000
__LbssCOMRAM                     bssCOMRAM    000000
__Lcinit                         cinit        000000
__Lclrtext                       clrtext      000000
__Lcomram                        comram       000000
__Lconfig                        config       000000
__Lconst                         const        000000
__LcstackBANK0                   cstackBANK0  000000
__LcstackCOMRAM                  cstackCOMRAM 000000
__Ldata                          data         000000
__LdataBANK0                     dataBANK0    000000
__Leeprom_data                   eeprom_data  000000
__Lfarbss                        farbss       000000
__Lfardata                       fardata      000000
__Libigdata                      ibigdata     000000
__Lidata                         idata        000000
__LidataBANK0                    idataBANK0   000000
__Lidloc                         idloc        000000
__Lifardata                      ifardata     000000
__Linit                          init         00000E
__Lintcode                       intcode      000008
__Lintcode_body                  intcode_body 000000
__Lintcodelo                     intcodelo    00000E
__Lintentry                      intentry     000000
__Lintret                        intret       000000
__Lintsave_regs                  intsave_regs 000000
__Lirdata                        irdata       000000
__Lmediumconst                   mediumconst  007070
__LnvFARRAM                      nvFARRAM     000000
__Lnvbit                         nvbit        000000
__Lnvrram                        nvrram       000000
__Lparam                         rparam       000000
__Lpowerup                       powerup      00000E
__Lram                           ram          000000
__Lramtop                        ramtop       000800
__Lrbit                          rbit         000000
__Lrbss                          rbss         000000
__Lrdata                         rdata        000000
__Lreset_vec                     reset_vec    000000
__Lrparam                        rparam       000000
__Lsfr                           sfr          000000
__Lsmallconst                    smallconst   000000
__Lspace_0                       (abs)        000000
__Lspace_1                       (abs)        000000
__Lspace_2                       (abs)        000000
__Lspace_4                       (abs)        000000
__Lstack                         stack        000000
__Lstruct                        struct       000000
__Ltemp                          temp         00005F
__Ltext                          text         000000
__Ltext0                         text0        000000
__Ltext1                         text1        000000
__Ltext10                        text10       000000
__Ltext11                        text11       000000
__Ltext12                        text12       000000
__Ltext13                        text13       000000
__Ltext14                        text14       000000
__Ltext15                        text15       000000
__Ltext16                        text16       000000
__Ltext17                        text17       000000
__Ltext18                        text18       000000
__Ltext19                        text19       000000
__Ltext2                         text2        000000
__Ltext20                        text20       000000
__Ltext21                        text21       000000
__Ltext22                        text22       000000
__Ltext23                        text23       000000
__Ltext24                        text24       000000
__Ltext25                        text25       000000
__Ltext26                        text26       000000
__Ltext27                        text27       000000
__Ltext28                        text28       000000
__Ltext29                        text29       000000
__Ltext3                         text3        000000
__Ltext30                        text30       000000
__Ltext31                        text31       000000
__Ltext32                        text32       000000
__Ltext33                        text33       000000
__Ltext34                        text34       000000
__Ltext35                        text35       000000
__Ltext36                        text36       000000
__Ltext37                        text37       000000
__Ltext38                        text38       000000
__Ltext39                        text39       000000
__Ltext4                         text4        000000
__Ltext40                        text40       000000
__Ltext41                        text41       000000
__Ltext42                        text42       000000
__Ltext43                        text43       000000
__Ltext44                        text44       000000
__Ltext45                        text45       000000
__Ltext46                        text46       000000
__Ltext47                        text47       000000
__Ltext48                        text48       000000
__Ltext49                        text49       000000
__Ltext5                         text5        000000
__Ltext50                        text50       000000
__Ltext51                        text51       000000
__Ltext52                        text52       000000
__Ltext53                        text53       000000
__Ltext54                        text54       000000
__Ltext55                        text55       000000
__Ltext56                        text56       000000
__Ltext57                        text57       000000
__Ltext58                        text58       000000
__Ltext59                        text59       000000
__Ltext6                         text6        000000
__Ltext60                        text60       000000
__Ltext61                        text61       000000
__Ltext62                        text62       000000
__Ltext63                        text63       000000
__Ltext64                        text64       000000
__Ltext65                        text65       000000
__Ltext66                        text66       000000
__Ltext67                        text67       000000
__Ltext68                        text68       000000
__Ltext69                        text69       000000
__Ltext7                         text7        000000
__Ltext70                        text70       000000
__Ltext71                        text71       000000
__Ltext72                        text72       000000
__Ltext73                        text73       000000
__Ltext74                        text74       000000
__Ltext75                        text75       000000
__Ltext76                        text76       000000
__Ltext77                        text77       000000
__Ltext78                        text78       000000
__Ltext79                        text79       000000
__Ltext8                         text8        000000
__Ltext80                        text80       000000
__Ltext81                        text81       000000
__Ltext82                        text82       000000
__Ltext83                        text83       000000
__Ltext84                        text84       000000
__Ltext85                        text85       000000
__Ltext9                         text9        000000
__S0                             (abs)        008000
__S1                             (abs)        0000F6
__S2                             (abs)        000000
__S4                             (abs)        000000
__S5                             (abs)        000000
___aodiv                         text52       001746
___aodiv@counter                 cstackCOMRAM 000011
___aodiv@dividend                cstackCOMRAM 000001
___aodiv@divisor                 cstackCOMRAM 000009
___aodiv@quotient                cstackCOMRAM 000013
___aodiv@sign                    cstackCOMRAM 000012
___aomod                         text51       001BA4
___aomod@counter                 cstackCOMRAM 000011
___aomod@dividend                cstackCOMRAM 000001
___aomod@divisor                 cstackCOMRAM 000009
___aomod@sign                    cstackCOMRAM 000012
___awdiv                         text55       00259E
___awdiv@counter                 cstackCOMRAM 000005
___awdiv@dividend                cstackCOMRAM 000001
___awdiv@divisor                 cstackCOMRAM 000003
___awdiv@quotient                cstackCOMRAM 000007
___awdiv@sign                    cstackCOMRAM 000006
___awmod                         text54       0027D6
___awmod@counter                 cstackCOMRAM 000005
___awmod@dividend                cstackCOMRAM 000001
___awmod@divisor                 cstackCOMRAM 000003
___awmod@sign                    cstackCOMRAM 000006
___fladd                         text18       000012
___fladd@a                       cstackCOMRAM 000005
___fladd@aexp                    cstackCOMRAM 00000E
___fladd@b                       cstackCOMRAM 000001
___fladd@bexp                    cstackCOMRAM 00000F
___fladd@grs                     cstackCOMRAM 000010
___fladd@signs                   cstackCOMRAM 00000D
___fldiv                         text20       0004D2
___fldiv@a                       cstackCOMRAM 000005
___fldiv@aexp                    cstackCOMRAM 000019
___fldiv@b                       cstackCOMRAM 000001
___fldiv@bexp                    cstackCOMRAM 000018
___fldiv@grs                     cstackCOMRAM 000014
___fldiv@new_exp                 cstackCOMRAM 000012
___fldiv@rem                     cstackCOMRAM 00000D
___fldiv@sign                    cstackCOMRAM 000011
___flge                          text19       002148
___flge@ff1                      cstackCOMRAM 000019
___flge@ff2                      cstackCOMRAM 00001D
___flsub                         text17       0032A4
___flsub@a                       cstackCOMRAM 000015
___flsub@b                       cstackCOMRAM 000011
___fltol                         text16       002042
___fltol@exp1                    cstackCOMRAM 00000A
___fltol@f1                      cstackCOMRAM 000001
___fltol@sign1                   cstackCOMRAM 000009
___inthi_sp                      stack        000000
___intlo_sp                      stack        000000
___lwdiv                         text76       002CA0
___lwdiv@counter                 cstackCOMRAM 000007
___lwdiv@dividend                cstackCOMRAM 000001
___lwdiv@divisor                 cstackCOMRAM 000003
___lwdiv@quotient                cstackCOMRAM 000005
___lwmod                         text75       002FEC
___lwmod@counter                 cstackCOMRAM 000005
___lwmod@dividend                cstackCOMRAM 000001
___lwmod@divisor                 cstackCOMRAM 000003
___param_bank                    (abs)        000000
___rparam_used                   (abs)        000001
___sp                            stack        000000
___wmul                          text60       0036DE
___wmul@multiplicand             cstackCOMRAM 000003
___wmul@multiplier               cstackCOMRAM 000001
___wmul@product                  cstackCOMRAM 000005
___xxtofl                        text15       001250
___xxtofl@arg                    cstackCOMRAM 00000B
___xxtofl@exp                    cstackCOMRAM 00000A
___xxtofl@sign                   cstackCOMRAM 000009
___xxtofl@val                    cstackCOMRAM 000001
__accesstop                      (abs)        000060
__activetblptr                   (abs)        000002
__end_of_BIG_FONTS               mediumconst  007C51
__end_of_CHECK_TAG               text38       00240E
__end_of_EEPROM_Read             text79       0035F0
__end_of_EEPROM_Write            text77       00359A
__end_of_EEPROM_getRegistro      text78       0034D2
__end_of_EEPROM_setRegistro      text74       0032A4
__end_of_Guarda_ID               text73       003762
__end_of_I2C_Init                text33       003690
__end_of_I2C_Read                text83       00353A
__end_of_I2C_Read_DS             text12       002BA2
__end_of_I2C_Repeated_Start_DS   text11       003668
__end_of_I2C_Restart             text82       00385C
__end_of_I2C_Send                text81       0037CC
__end_of_I2C_Start               text80       00384A
__end_of_I2C_Start_DS            text10       003640
__end_of_I2C_Stop                text85       00386E
__end_of_I2C_Stop_DS             text9        003618
__end_of_I2C_Wait                text84       003726
__end_of_I2C_Write_DS            text8        0035C6
__end_of_MFRC522_AntennaOff      text37       00387A
__end_of_MFRC522_AntennaOn       text36       003838
__end_of_MFRC522_AntiColl        text64       0027D6
__end_of_MFRC522_CRC             text67       002A7A
__end_of_MFRC522_Clear_Bit       text69       0037B2
__end_of_MFRC522_Clear_UID       text72       00342A
__end_of_MFRC522_Halt            text65       003162
__end_of_MFRC522_Init            text34       00310A
__end_of_MFRC522_Rd              text71       002932
__end_of_MFRC522_ReadCardSerial  text63       00349A
__end_of_MFRC522_Request         text62       002FEC
__end_of_MFRC522_Reset           text35       003798
__end_of_MFRC522_Set_Bit         text68       0037E4
__end_of_MFRC522_ToCard          text66       001086
__end_of_MFRC522_Wr              text70       002CA0
__end_of_MFRC522_isCard          text61       0036B8
__end_of_Muestra_ID              text59       001746
__end_of_OLEDClear               text29       0031B6
__end_of_OLED_Init               text31       0029DA
__end_of_OLED_NPuts              text28       002722
__end_of_OLED_SPuts              text27       001A3A
__end_of_OLEDsetCursor           text30       0036DE
__end_of_Print_Anio              text7        002E4C
__end_of_Print_Dia               text6        002DE4
__end_of_Print_Hora              text26       002F84
__end_of_Print_Menu              text22       003208
__end_of_Print_Mes               text5        002D7C
__end_of_Print_Minuto            text25       002F1C
__end_of_Print_Segundo           text24       002EB4
__end_of_Print_Ticket            text40       001E2A
__end_of_Print_config            text23       001F3C
__end_of_Registro_busqueda       text39       001BA4
__end_of_SMALL_FONTS             mediumconst  007E8B
__end_of_TINY_FONTS              mediumconst  007FA8
__end_of_Timer1_Init             text21       00377E
__end_of_UART_Begin              text14       001250
__end_of_UART_Init               text13       0037FA
__end_of_UART_Print              text57       00356A
__end_of_UART_Println            text56       002C24
__end_of_UART_Write              text58       003826
__end_of___aodiv                 text52       0018CE
__end_of___aomod                 text51       001D08
__end_of___awdiv                 text55       002662
__end_of___awmod                 text54       002886
__end_of___fladd                 text18       0004D2
__end_of___fldiv                 text20       00086C
__end_of___flge                  text19       00224C
__end_of___flsub                 text17       0032EA
__end_of___fltol                 text16       002148
__end_of___lwdiv                 text76       002D14
__end_of___lwmod                 text75       003050
__end_of___wmul                  text60       003704
__end_of___xxtofl                text15       001404
__end_of__initialization         cinit        0033E2
__end_of_abs                     text50       0033B4
__end_of_barras                  mediumconst  007FB0
__end_of_bcd_to_decimal          text53       003810
__end_of_decimal_to_bcd          text3        003462
__end_of_dtoa                    text44       000B4E
__end_of_fputc                   text48       0024D8
__end_of_fputs                   text47       003374
__end_of_get_RTC                 text4        002042
__end_of_get_key                 text1        000DF8
__end_of_main                    text0        00232E
__end_of_pad                     text45       00259E
__end_of_putch                   text49       003888
__end_of_scr                     intcode_body 003330
__end_of_set_RTC                 text2        002B14
__end_of_sprintf                 text41       00325A
__end_of_ssd1306_command         text32       003744
__end_of_strlen                  text46       003508
__end_of_vfpfcnvrt               text43       0015B8
__end_of_vfprintf                text42       0030B2
__initialization                 cinit        0033B4
__mediumconst                    mediumconst  007070
__pbssBANK0                      bssBANK0     000060
__pbssCOMRAM                     bssCOMRAM    00005E
__pcinit                         cinit        0033B4
__pcstackBANK0                   cstackBANK0  0000D9
__pcstackCOMRAM                  cstackCOMRAM 000001
__pdataBANK0                     dataBANK0    0000EB
__pidataBANK0                    idataBANK0   00387A
__pintcode                       intcode      000008
__pintcode_body                  intcode_body 0032EA
__pmediumconst                   mediumconst  007070
__ptext0                         text0        00224C
__ptext1                         text1        000B4E
__ptext10                        text10       003618
__ptext11                        text11       003640
__ptext12                        text12       002B14
__ptext13                        text13       0037E4
__ptext14                        text14       001086
__ptext15                        text15       001250
__ptext16                        text16       002042
__ptext17                        text17       0032A4
__ptext18                        text18       000012
__ptext19                        text19       002148
__ptext2                         text2        002A7A
__ptext20                        text20       0004D2
__ptext21                        text21       003762
__ptext22                        text22       0031B6
__ptext23                        text23       001E2A
__ptext24                        text24       002E4C
__ptext25                        text25       002EB4
__ptext26                        text26       002F1C
__ptext27                        text27       0018CE
__ptext28                        text28       002662
__ptext29                        text29       003162
__ptext3                         text3        00342A
__ptext30                        text30       0036B8
__ptext31                        text31       002932
__ptext32                        text32       003726
__ptext33                        text33       003668
__ptext34                        text34       0030B2
__ptext35                        text35       00377E
__ptext36                        text36       003826
__ptext37                        text37       00386E
__ptext38                        text38       00232E
__ptext39                        text39       001A3A
__ptext4                         text4        001F3C
__ptext40                        text40       001D08
__ptext41                        text41       003208
__ptext42                        text42       003050
__ptext43                        text43       001404
__ptext44                        text44       00086C
__ptext45                        text45       0024D8
__ptext46                        text46       0034D2
__ptext47                        text47       003330
__ptext48                        text48       00240E
__ptext49                        text49       003886
__ptext5                         text5        002D14
__ptext50                        text50       003374
__ptext51                        text51       001BA4
__ptext52                        text52       001746
__ptext53                        text53       0037FA
__ptext54                        text54       0027D6
__ptext55                        text55       00259E
__ptext56                        text56       002BA2
__ptext57                        text57       00353A
__ptext58                        text58       003810
__ptext59                        text59       0015B8
__ptext6                         text6        002D7C
__ptext60                        text60       0036DE
__ptext61                        text61       003690
__ptext62                        text62       002F84
__ptext63                        text63       003462
__ptext64                        text64       002722
__ptext65                        text65       00310A
__ptext66                        text66       000DF8
__ptext67                        text67       0029DA
__ptext68                        text68       0037CC
__ptext69                        text69       003798
__ptext7                         text7        002DE4
__ptext70                        text70       002C24
__ptext71                        text71       002886
__ptext72                        text72       0033F0
__ptext73                        text73       003744
__ptext74                        text74       00325A
__ptext75                        text75       002FEC
__ptext76                        text76       002CA0
__ptext77                        text77       00356A
__ptext78                        text78       00349A
__ptext79                        text79       0035C6
__ptext8                         text8        00359A
__ptext80                        text80       003838
__ptext81                        text81       0037B2
__ptext82                        text82       00384A
__ptext83                        text83       003508
__ptext84                        text84       003704
__ptext85                        text85       00385C
__ptext9                         text9        0035F0
__ramtop                         ramtop       000800
__size_of_CHECK_TAG              (abs)        000000
__size_of_EEPROM_Read            (abs)        000000
__size_of_EEPROM_Write           (abs)        000000
__size_of_EEPROM_getRegistro     (abs)        000000
__size_of_EEPROM_setRegistro     (abs)        000000
__size_of_Guarda_ID              (abs)        000000
__size_of_I2C_Init               (abs)        000000
__size_of_I2C_Read               (abs)        000000
__size_of_I2C_Read_DS            (abs)        000000
__size_of_I2C_Repeated_Start_DS  (abs)        000000
__size_of_I2C_Restart            (abs)        000000
__size_of_I2C_Send               (abs)        000000
__size_of_I2C_Start              (abs)        000000
__size_of_I2C_Start_DS           (abs)        000000
__size_of_I2C_Stop               (abs)        000000
__size_of_I2C_Stop_DS            (abs)        000000
__size_of_I2C_Wait               (abs)        000000
__size_of_I2C_Write_DS           (abs)        000000
__size_of_MFRC522_AntennaOff     (abs)        000000
__size_of_MFRC522_AntennaOn      (abs)        000000
__size_of_MFRC522_AntiColl       (abs)        000000
__size_of_MFRC522_CRC            (abs)        000000
__size_of_MFRC522_Clear_Bit      (abs)        000000
__size_of_MFRC522_Clear_UID      (abs)        000000
__size_of_MFRC522_Halt           (abs)        000000
__size_of_MFRC522_Init           (abs)        000000
__size_of_MFRC522_Rd             (abs)        000000
__size_of_MFRC522_ReadCardSerial (abs)        000000
__size_of_MFRC522_Request        (abs)        000000
__size_of_MFRC522_Reset          (abs)        000000
__size_of_MFRC522_Set_Bit        (abs)        000000
__size_of_MFRC522_ToCard         (abs)        000000
__size_of_MFRC522_Wr             (abs)        000000
__size_of_MFRC522_isCard         (abs)        000000
__size_of_Muestra_ID             (abs)        000000
__size_of_OLEDClear              (abs)        000000
__size_of_OLED_Init              (abs)        000000
__size_of_OLED_NPuts             (abs)        000000
__size_of_OLED_SPuts             (abs)        000000
__size_of_OLEDsetCursor          (abs)        000000
__size_of_Print_Anio             (abs)        000000
__size_of_Print_Dia              (abs)        000000
__size_of_Print_Hora             (abs)        000000
__size_of_Print_Menu             (abs)        000000
__size_of_Print_Mes              (abs)        000000
__size_of_Print_Minuto           (abs)        000000
__size_of_Print_Segundo          (abs)        000000
__size_of_Print_Ticket           (abs)        000000
__size_of_Print_config           (abs)        000000
__size_of_Registro_busqueda      (abs)        000000
__size_of_Timer1_Init            (abs)        000000
__size_of_UART_Begin             (abs)        000000
__size_of_UART_Init              (abs)        000000
__size_of_UART_Print             (abs)        000000
__size_of_UART_Println           (abs)        000000
__size_of_UART_Write             (abs)        000000
__size_of___aodiv                (abs)        000000
__size_of___aomod                (abs)        000000
__size_of___awdiv                (abs)        000000
__size_of___awmod                (abs)        000000
__size_of___fladd                (abs)        000000
__size_of___fldiv                (abs)        000000
__size_of___flge                 (abs)        000000
__size_of___flsub                (abs)        000000
__size_of___fltol                (abs)        000000
__size_of___lwdiv                (abs)        000000
__size_of___lwmod                (abs)        000000
__size_of___wmul                 (abs)        000000
__size_of___xxtofl               (abs)        000000
__size_of_abs                    (abs)        000000
__size_of_bcd_to_decimal         (abs)        000000
__size_of_decimal_to_bcd         (abs)        000000
__size_of_dtoa                   (abs)        000000
__size_of_fputc                  (abs)        000000
__size_of_fputs                  (abs)        000000
__size_of_get_RTC                (abs)        000000
__size_of_get_key                (abs)        000000
__size_of_main                   (abs)        000000
__size_of_pad                    (abs)        000000
__size_of_putch                  (abs)        000000
__size_of_scr                    (abs)        000000
__size_of_set_RTC                (abs)        000000
__size_of_sprintf                (abs)        000000
__size_of_ssd1306_command        (abs)        000000
__size_of_strlen                 (abs)        000000
__size_of_vfpfcnvrt              (abs)        000000
__size_of_vfprintf               (abs)        000000
__smallconst                     smallconst   000000
_abs                             text50       003374
_add                             dataBANK0    0000EB
_anio                            dataBANK0    0000F2
_aniox                           dataBANK0    0000EF
_barras                          mediumconst  007FA8
_bcd_to_decimal                  text53       0037FA
_configuracion                   bssCOMRAM    00005E
_contador_t1                     bssBANK0     00009C
_dbuf                            bssBANK0     0000A5
_decimal_to_bcd                  text3        00342A
_dia                             dataBANK0    0000F0
_diax                            dataBANK0    0000ED
_dtoa                            text44       00086C
_dtoa$1997                       cstackCOMRAM 00002E
_flag_t1                         bssBANK0     0000A0
_flags                           bssBANK0     000098
_fputc                           text48       00240E
_fputs                           text47       003330
_get_RTC                         text4        001F3C
_get_key                         text1        000B4E
_main                            text0        00224C
_mes                             dataBANK0    0000F1
_mesx                            dataBANK0    0000EE
_nout                            bssBANK0     000092
_pad                             text45       0024D8
_prec                            bssBANK0     000096
_putch                           text49       003886
_registro                        bssBANK0     00009A
_scr                             intcode      000008
_set_RTC                         text2        002A7A
_sms                             bssBANK0     0000C5
_sprintf                         text41       003208
_ssd1306_command                 text32       003726
_strlen                          text46       0034D2
_valores                         bssBANK0     000060
_vfpfcnvrt                       text43       001404
_vfprintf                        text42       003050
_width                           bssBANK0     000094
abs@a                            cstackCOMRAM 000013
bcd_to_decimal@number            cstackCOMRAM 000002
btemp                            temp         00005F
decimal_to_bcd@number            cstackCOMRAM 00000B
dtoa@d                           cstackCOMRAM 00001E
dtoa@fp                          cstackCOMRAM 00001C
dtoa@i                           cstackCOMRAM 00003E
dtoa@n                           cstackCOMRAM 000036
dtoa@p                           cstackCOMRAM 000030
dtoa@s                           cstackCOMRAM 000034
dtoa@w                           cstackCOMRAM 000032
end_of_initialization            cinit        0033E2
fputc@c                          cstackCOMRAM 000001
fputc@fp                         cstackCOMRAM 000003
fputs@c                          cstackCOMRAM 00000E
fputs@fp                         cstackCOMRAM 00000C
fputs@i                          cstackCOMRAM 00000F
fputs@s                          cstackCOMRAM 00000A
int$flags                        temp         00005F
int_func                         intcode_body 0032EA
intlevel0                        text         000000
intlevel1                        text         000000
intlevel2                        text         000000
intlevel3                        text         000000
pad@buf                          cstackCOMRAM 000013
pad@fp                           cstackCOMRAM 000011
pad@i                            cstackCOMRAM 000018
pad@p                            cstackCOMRAM 000015
pad@w                            cstackCOMRAM 00001A
sprintf@ap                       cstackBANK0  0000E3
sprintf@f                        cstackBANK0  0000E5
sprintf@fmt                      cstackBANK0  0000DB
sprintf@s                        cstackBANK0  0000D9
ssd1306_command@command          cstackCOMRAM 000002
stackhi                          (abs)        0007FF
stacklo                          (abs)        0000F6
start                            init         00000E
start_initialization             cinit        0033B4
strlen@a                         cstackCOMRAM 000003
strlen@s                         cstackCOMRAM 000001
ttemp5                           temp         000060
ttemp6                           temp         000063
ttemp7                           temp         000067
vfpfcnvrt@ap                     cstackCOMRAM 000044
vfpfcnvrt@fmt                    cstackCOMRAM 000042
vfpfcnvrt@fp                     cstackCOMRAM 000040
vfpfcnvrt@ll                     cstackCOMRAM 000048
vfprintf@ap                      cstackCOMRAM 000054
vfprintf@cfmt                    cstackCOMRAM 000056
vfprintf@fmt                     cstackCOMRAM 000052
vfprintf@fp                      cstackCOMRAM 000050
wtemp8                           temp         000060


FUNCTION INFORMATION:

 *************** function _main *****************
 Defined at:
		line 80 in file "main.c"
 Parameters:    Size  Location     Type
		None
 Auto vars:     Size  Location     Type
		None
 Return value:  Size  Location     Type
                  1    wreg      void 
 Registers used:
		wreg, fsr1l, fsr1h, fsr2l, fsr2h, status,2, status,0, tblptrl, tblptrh, tblptru, prodl, prodh, cstack
 Tracked objects:
		On entry : 
		On exit  : 
		Unchanged: 
 Data sizes:     COMRAM   BANK0   BANK1   BANK2   BANK3   BANK4   BANK5   BANK6   BANK7
      Params:         0       0       0       0       0       0       0       0       0
      Locals:         0       0       0       0       0       0       0       0       0
      Temps:          2       0       0       0       0       0       0       0       0
      Totals:         2       0       0       0       0       0       0       0       0
Total ram usage:        2 bytes
 Hardware stack levels required when called:   11
 This function calls:
		_CHECK_TAG
		_EEPROM_Read
		_EEPROM_Write
		_EEPROM_getRegistro
		_EEPROM_setRegistro
		_MFRC522_Init
		_OLED_Init
		_Print_Menu
		_Print_Ticket
		_Timer1_Init
		_UART_Begin
		_UART_Init
		_UART_Println
		_get_RTC
		_get_key
 This function is called by:
		Startup code after reset
 This function uses a non-reentrant model


 *************** function _get_key *****************
 Defined at:
		line 240 in file "main.c"
 Parameters:    Size  Location     Type
		None
 Auto vars:     Size  Location     Type
		None
 Return value:  Size  Location     Type
                  1    wreg      void 
 Registers used:
		wreg, fsr1l, fsr1h, fsr2l, fsr2h, status,2, status,0, tblptrl, tblptrh, tblptru, prodl, prodh, cstack
 Tracked objects:
		On entry : 
		On exit  : 
		Unchanged: 
 Data sizes:     COMRAM   BANK0   BANK1   BANK2   BANK3   BANK4   BANK5   BANK6   BANK7
      Params:         0       0       0       0       0       0       0       0       0
      Locals:         0       0       0       0       0       0       0       0       0
      Temps:          2       0       0       0       0       0       0       0       0
      Totals:         2       0       0       0       0       0       0       0       0
Total ram usage:        2 bytes
 Hardware stack levels used:    1
 Hardware stack levels required when called:   10
 This function calls:
		_Print_Anio
		_Print_Dia
		_Print_Hora
		_Print_Mes
		_Print_Minuto
		_Print_config
		_set_RTC
 This function is called by:
		_main
 This function uses a non-reentrant model


 *************** function _set_RTC *****************
 Defined at:
		line 218 in file "main.c"
 Parameters:    Size  Location     Type
		None
 Auto vars:     Size  Location     Type
		None
 Return value:  Size  Location     Type
                  1    wreg      void 
 Registers used:
		wreg, status,2, status,0, prodl, prodh, cstack
 Tracked objects:
		On entry : 
		On exit  : 
		Unchanged: 
 Data sizes:     COMRAM   BANK0   BANK1   BANK2   BANK3   BANK4   BANK5   BANK6   BANK7
      Params:         0       0       0       0       0       0       0       0       0
      Locals:         0       0       0       0       0       0       0       0       0
      Temps:          1       0       0       0       0       0       0       0       0
      Totals:         1       0       0       0       0       0       0       0       0
Total ram usage:        1 bytes
 Hardware stack levels used:    1
 Hardware stack levels required when called:    3
 This function calls:
		_I2C_Start_DS
		_I2C_Stop_DS
		_I2C_Write_DS
		_decimal_to_bcd
 This function is called by:
		_get_key
 This function uses a non-reentrant model


 *************** function _decimal_to_bcd *****************
 Defined at:
		line 176 in file "main.c"
 Parameters:    Size  Location     Type
  number          1    wreg     unsigned char 
 Auto vars:     Size  Location     Type
  number          1   10[COMRAM] unsigned char 
 Return value:  Size  Location     Type
                  1    wreg      unsigned char 
 Registers used:
		wreg, status,2, status,0, prodl, prodh, cstack
 Tracked objects:
		On entry : 
		On exit  : 
		Unchanged: 
 Data sizes:     COMRAM   BANK0   BANK1   BANK2   BANK3   BANK4   BANK5   BANK6   BANK7
      Params:         0       0       0       0       0       0       0       0       0
      Locals:         1       0       0       0       0       0       0       0       0
      Temps:          2       0       0       0       0       0       0       0       0
      Totals:         3       0       0       0       0       0       0       0       0
Total ram usage:        3 bytes
 Hardware stack levels used:    1
 Hardware stack levels required when called:    2
 This function calls:
		___awdiv
		___awmod
 This function is called by:
		_set_RTC
 This function uses a non-reentrant model


 *************** function _get_RTC *****************
 Defined at:
		line 179 in file "main.c"
 Parameters:    Size  Location     Type
		None
 Auto vars:     Size  Location     Type
		None
 Return value:  Size  Location     Type
                  1    wreg      void 
 Registers used:
		wreg, fsr1l, fsr1h, fsr2l, fsr2h, status,2, status,0, tblptrl, tblptrh, tblptru, cstack
 Tracked objects:
		On entry : 
		On exit  : 
		Unchanged: 
 Data sizes:     COMRAM   BANK0   BANK1   BANK2   BANK3   BANK4   BANK5   BANK6   BANK7
      Params:         0       0       0       0       0       0       0       0       0
      Locals:         0       0       0       0       0       0       0       0       0
      Temps:          0       0       0       0       0       0       0       0       0
      Totals:         0       0       0       0       0       0       0       0       0
Total ram usage:        0 bytes
 Hardware stack levels used:    1
 Hardware stack levels required when called:   10
 This function calls:
		_I2C_Read_DS
		_I2C_Repeated_Start_DS
		_I2C_Start_DS
		_I2C_Stop_DS
		_I2C_Write_DS
		_Print_Anio
		_Print_Dia
		_Print_Hora
		_Print_Mes
		_Print_Minuto
		_Print_Segundo
 This function is called by:
		_main
 This function uses a non-reentrant model


 *************** function _Print_Mes *****************
 Defined at:
		line 155 in file "main.c"
 Parameters:    Size  Location     Type
		None
 Auto vars:     Size  Location     Type
		None
 Return value:  Size  Location     Type
                  1    wreg      void 
 Registers used:
		wreg, fsr1l, fsr1h, fsr2l, fsr2h, status,2, status,0, tblptrl, tblptrh, tblptru, cstack
 Tracked objects:
		On entry : 
		On exit  : 
		Unchanged: 
 Data sizes:     COMRAM   BANK0   BANK1   BANK2   BANK3   BANK4   BANK5   BANK6   BANK7
      Params:         0       0       0       0       0       0       0       0       0
[...]
 Return value:  Size  Location     Type
                  2    0[COMRAM] unsigned int 
 Registers used:
		wreg, status,2, status,0
 Tracked objects:
		On entry : 
		On exit  : 
		Unchanged: 
 Data sizes:     COMRAM   BANK0   BANK1   BANK2   BANK3   BANK4   BANK5   BANK6   BANK7
      Params:         4       0       0       0       0       0       0       0       0
      Locals:         3       0       0       0       0       0       0       0       0
      Temps:          0       0       0       0       0       0       0       0       0
      Totals:         7       0       0       0       0       0       0       0       0
Total ram usage:        7 bytes
 Hardware stack levels used:    1
 Hardware stack levels required when called:    1
 This function calls:
		Nothing
 This function is called by:
		_EEPROM_setRegistro
 This function uses a non-reentrant model


 *************** function _EEPROM_Write *****************
 Defined at:
		line 9 in file "24LC256.c"
 Parameters:    Size  Location     Type
  add             2    7[COMRAM] unsigned int 
  data            1    9[COMRAM] unsigned char 
 Auto vars:     Size  Location     Type
		None
 Return value:  Size  Location     Type
                  1    wreg      void 
 Registers used:
		wreg, status,2, cstack
 Tracked objects:
		On entry : 
		On exit  : 
		Unchanged: 
 Data sizes:     COMRAM   BANK0   BANK1   BANK2   BANK3   BANK4   BANK5   BANK6   BANK7
      Params:         3       0       0       0       0       0       0       0       0
      Locals:         0       0       0       0       0       0       0       0       0
      Temps:          1       0       0       0       0       0       0       0       0
      Totals:         4       0       0       0       0       0       0       0       0
Total ram usage:        4 bytes
 Hardware stack levels used:    1
 Hardware stack levels required when called:    4
 This function calls:
		_I2C_Send
		_I2C_Start
		_I2C_Stop
 This function is called by:
		_main
		_EEPROM_setRegistro
 This function uses a non-reentrant model


 *************** function _EEPROM_getRegistro *****************
 Defined at:
		line 31 in file "24LC256.c"
 Parameters:    Size  Location     Type
		None
 Auto vars:     Size  Location     Type
  registro        2   14[COMRAM] unsigned int 
 Return value:  Size  Location     Type
                  2    9[COMRAM] unsigned int 
 Registers used:
		wreg, status,2, status,0, cstack
 Tracked objects:
		On entry : 
		On exit  : 
		Unchanged: 
 Data sizes:     COMRAM   BANK0   BANK1   BANK2   BANK3   BANK4   BANK5   BANK6   BANK7
      Params:         2       0       0       0       0       0       0       0       0
      Locals:         2       0       0       0       0       0       0       0       0
      Temps:          3       0       0       0       0       0       0       0       0
      Totals:         7       0       0       0       0       0       0       0       0
Total ram usage:        7 bytes
 Hardware stack levels used:    1
 Hardware stack levels required when called:    5
 This function calls:
		_EEPROM_Read
 This function is called by:
		_main
		_Guarda_ID
		_Registro_busqueda
 This function uses a non-reentrant model


 *************** function _EEPROM_Read *****************
 Defined at:
		line 19 in file "24LC256.c"
 Parameters:    Size  Location     Type
  add             2    6[COMRAM] unsigned int 
 Auto vars:     Size  Location     Type
  temp            1    8[COMRAM] unsigned char 
 Return value:  Size  Location     Type
                  1    wreg      unsigned char 
 Registers used:
		wreg, status,2, cstack
 Tracked objects:
		On entry : 
		On exit  : 
		Unchanged: 
 Data sizes:     COMRAM   BANK0   BANK1   BANK2   BANK3   BANK4   BANK5   BANK6   BANK7
      Params:         2       0       0       0       0       0       0       0       0
      Locals:         1       0       0       0       0       0       0       0       0
      Temps:          0       0       0       0       0       0       0       0       0
      Totals:         3       0       0       0       0       0       0       0       0
Total ram usage:        3 bytes
 Hardware stack levels used:    1
 Hardware stack levels required when called:    4
 This function calls:
		_I2C_Read
		_I2C_Restart
		_I2C_Send
		_I2C_Start
 This function is called by:
		_main
		_EEPROM_getRegistro
		_Muestra_ID
		_Registro_busqueda
 This function uses a non-reentrant model


 *************** function _I2C_Start *****************
 Defined at:
		line 37 in file "i2c.c"
 Parameters:    Size  Location     Type
		None
 Auto vars:     Size  Location     Type
		None
 Return value:  Size  Location     Type
                  1    wreg      void 
 Registers used:
		None
 Tracked objects:
		On entry : 
		On exit  : 
		Unchanged: 
 Data sizes:     COMRAM   BANK0   BANK1   BANK2   BANK3   BANK4   BANK5   BANK6   BANK7
      Params:         0       0       0       0       0       0       0       0       0
      Locals:         0       0       0       0       0       0       0       0       0
      Temps:          0       0       0       0       0       0       0       0       0
      Totals:         0       0       0       0       0       0       0       0       0
Total ram usage:        0 bytes
 Hardware stack levels used:    1
 Hardware stack levels required when called:    1
 This function calls:
		Nothing
 This function is called by:
		_ssd1306_command
		_OLED_NPuts
		_OLED_SPuts
		_OLEDClear
		_EEPROM_Write
		_EEPROM_Read
 This function uses a non-reentrant model


 *************** function _I2C_Send *****************
 Defined at:
		line 88 in file "i2c.c"
 Parameters:    Size  Location     Type
  data            1    wreg     unsigned char 
 Auto vars:     Size  Location     Type
  data            1    0[COMRAM] unsigned char 
 Return value:  Size  Location     Type
                  1    wreg      void 
 Registers used:
		wreg, cstack
 Tracked objects:
		On entry : 
		On exit  : 
		Unchanged: 
 Data sizes:     COMRAM   BANK0   BANK1   BANK2   BANK3   BANK4   BANK5   BANK6   BANK7
      Params:         0       0       0       0       0       0       0       0       0
      Locals:         1       0       0       0       0       0       0       0       0
      Temps:          0       0       0       0       0       0       0       0       0
      Totals:         1       0       0       0       0       0       0       0       0
Total ram usage:        1 bytes
 Hardware stack levels used:    1
 Hardware stack levels required when called:    3
 This function calls:
		_I2C_Wait
 This function is called by:
		_ssd1306_command
		_OLED_NPuts
		_OLED_SPuts
		_OLEDClear
		_EEPROM_Write
		_EEPROM_Read
 This function uses a non-reentrant model


 *************** function _I2C_Restart *****************
 Defined at:
		line 49 in file "i2c.c"
 Parameters:    Size  Location     Type
		None
 Auto vars:     Size  Location     Type
		None
 Return value:  Size  Location     Type
                  1    wreg      void 
 Registers used:
		None
 Tracked objects:
		On entry : 
		On exit  : 
		Unchanged: 
 Data sizes:     COMRAM   BANK0   BANK1   BANK2   BANK3   BANK4   BANK5   BANK6   BANK7
      Params:         0       0       0       0       0       0       0       0       0
      Locals:         0       0       0       0       0       0       0       0       0
      Temps:          0       0       0       0       0       0       0       0       0
      Totals:         0       0       0       0       0       0       0       0       0
Total ram usage:        0 bytes
 Hardware stack levels used:    1
 Hardware stack levels required when called:    1
 This function calls:
		Nothing
 This function is called by:
		_EEPROM_Read
 This function uses a non-reentrant model


 *************** function _I2C_Read *****************
 Defined at:
		line 99 in file "i2c.c"
 Parameters:    Size  Location     Type
		None
 Auto vars:     Size  Location     Type
  temp            1    0[COMRAM] unsigned char 
 Return value:  Size  Location     Type
                  1    wreg      unsigned char 
 Registers used:
		wreg, status,2, cstack
 Tracked objects:
		On entry : 
		On exit  : 
		Unchanged: 
 Data sizes:     COMRAM   BANK0   BANK1   BANK2   BANK3   BANK4   BANK5   BANK6   BANK7
      Params:         0       0       0       0       0       0       0       0       0
      Locals:         1       0       0       0       0       0       0       0       0
      Temps:          0       0       0       0       0       0       0       0       0
      Totals:         1       0       0       0       0       0       0       0       0
Total ram usage:        1 bytes
 Hardware stack levels used:    1
 Hardware stack levels required when called:    3
 This function calls:
		_I2C_Stop
		_I2C_Wait
 This function is called by:
		_EEPROM_Read
 This function uses a non-reentrant model


 *************** function _I2C_Wait *****************
 Defined at:
		line 72 in file "i2c.c"
 Parameters:    Size  Location     Type
		None
 Auto vars:     Size  Location     Type
		None
 Return value:  Size  Location     Type
                  1    wreg      void 
 Registers used:
		cstack
 Tracked objects:
		On entry : 
		On exit  : 
		Unchanged: 
 Data sizes:     COMRAM   BANK0   BANK1   BANK2   BANK3   BANK4   BANK5   BANK6   BANK7
      Params:         0       0       0       0       0       0       0       0       0
      Locals:         0       0       0       0       0       0       0       0       0
      Temps:          0       0       0       0       0       0       0       0       0
      Totals:         0       0       0       0       0       0       0       0       0
Total ram usage:        0 bytes
 Hardware stack levels used:    1
 Hardware stack levels required when called:    2
 This function calls:
		_I2C_Stop
 This function is called by:
		_I2C_Send
		_I2C_Read
 This function uses a non-reentrant model


 *************** function _I2C_Stop *****************
 Defined at:
		line 61 in file "i2c.c"
 Parameters:    Size  Location     Type
		None
 Auto vars:     Size  Location     Type
		None
 Return value:  Size  Location     Type
                  1    wreg      void 
 Registers used:
		None
 Tracked objects:
		On entry : 
		On exit  : 
		Unchanged: 
 Data sizes:     COMRAM   BANK0   BANK1   BANK2   BANK3   BANK4   BANK5   BANK6   BANK7
      Params:         0       0       0       0       0       0       0       0       0
      Locals:         0       0       0       0       0       0       0       0       0
      Temps:          0       0       0       0       0       0       0       0       0
      Totals:         0       0       0       0       0       0       0       0       0
Total ram usage:        0 bytes
 Hardware stack levels used:    1
 Hardware stack levels required when called:    1
 This function calls:
		Nothing
 This function is called by:
		_ssd1306_command
		_OLED_Init
		_OLED_NPuts
		_OLED_SPuts
		_OLEDClear
		_I2C_Wait
		_I2C_Read
		_EEPROM_Write
 This function uses a non-reentrant model


 *************** function _scr *****************
 Defined at:
		line 68 in file "main.c"
 Parameters:    Size  Location     Type
		None
 Auto vars:     Size  Location     Type
		None
 Return value:  Size  Location     Type
                  1    wreg      void 
 Registers used:
		wreg, status,2, status,0
 Tracked objects:
		On entry : 
		On exit  : 
		Unchanged: 
 Data sizes:     COMRAM   BANK0   BANK1   BANK2   BANK3   BANK4   BANK5   BANK6   BANK7
      Params:         0       0       0       0       0       0       0       0       0
      Locals:         0       0       0       0       0       0       0       0       0
      Temps:          0       0       0       0       0       0       0       0       0
      Totals:         0       0       0       0       0       0       0       0       0
Total ram usage:        0 bytes
 Hardware stack levels used:    1
 This function calls:
		Nothing
 This function is called by:
		Interrupt level 2
 This function uses a non-reentrant model



MODULE INFORMATION

Module		Function		Class		Link	Load	Size
UART.c
		_UART_Init     		CODE           	37E4	0000	22
		_UART_Print    		CODE           	353A	0000	48
		_UART_Println  		CODE           	2BA2	0000	130
		_UART_Begin    		CODE           	1086	0000	458
		_UART_Write    		CODE           	3810	0000	22

UART.c estimated size: 680

C:\Program Files\Microchip\xc8\v2.31\pic\sources\c99\common\sprcadd.c
		___flsub       		CODE           	32A4	0000	70
		___fladd       		CODE           	0012	0000	1216

C:\Program Files\Microchip\xc8\v2.31\pic\sources\c99\common\sprcadd.c estimated size: 1286

24LC256.c
		_EEPROM_getRegistro		CODE           	349A	0000	56
		_EEPROM_setRegistro		CODE           	325A	0000	74
		_EEPROM_Read   		CODE           	35C6	0000	42
		_Guarda_ID     		CODE           	3744	0000	30
		_EEPROM_Write  		CODE           	356A	0000	48
		_Muestra_ID    		CODE           	15B8	0000	398
		_Registro_busqueda		CODE           	1A3A	0000	362

24LC256.c estimated size: 1010

C:\Program Files\Microchip\xc8\v2.31\pic\sources\c99\common\putch.c
		_putch         		CODE           	3886	0000	2

C:\Program Files\Microchip\xc8\v2.31\pic\sources\c99\common\putch.c estimated size: 2

C:\Program Files\Microchip\xc8\v2.31\pic\sources\c99\common\nf_fputs.c
		_fputs         		CODE           	3330	0000	68

C:\Program Files\Microchip\xc8\v2.31\pic\sources\c99\common\nf_fputs.c estimated size: 68

C:\Program Files\Microchip\xc8\v2.31\pic\sources\c99\common\xxtofl.c
		___xxtofl      		CODE           	1250	0000	436

C:\Program Files\Microchip\xc8\v2.31\pic\sources\c99\common\xxtofl.c estimated size: 436

Timer1.c
		_Timer1_Init   		CODE           	3762	0000	28

Timer1.c estimated size: 28

C:\Program Files\Microchip\xc8\v2.31\pic\sources\c99\common\aomod.c
		___aomod       		CODE           	1BA4	0000	356

C:\Program Files\Microchip\xc8\v2.31\pic\sources\c99\common\aomod.c estimated size: 356

i2c.c
		_I2C_Stop      		CODE           	385C	0000	18
		_I2C_Wait      		CODE           	3704	0000	34
		_I2C_Read      		CODE           	3508	0000	50
		_I2C_Init      		CODE           	3668	0000	40
		_I2C_Send      		CODE           	37B2	0000	26
		_I2C_Start     		CODE           	3838	0000	18
		_I2C_Restart   		CODE           	384A	0000	18

i2c.c estimated size: 204

C:\Program Files\Microchip\xc8\v2.31\pic\sources\c99\common\abs.c
		_abs           		CODE           	3374	0000	64

C:\Program Files\Microchip\xc8\v2.31\pic\sources\c99\common\abs.c estimated size: 64

C:\Program Files\Microchip\xc8\v2.31\pic\sources\c99\common\strlen.c
		_strlen        		CODE           	34D2	0000	54

C:\Program Files\Microchip\xc8\v2.31\pic\sources\c99\common\strlen.c estimated size: 54

C:\Program Files\Microchip\xc8\v2.31\pic\sources\c99\common\lwmod.c
		___lwmod       		CODE           	2FEC	0000	100

C:\Program Files\Microchip\xc8\v2.31\pic\sources\c99\common\lwmod.c estimated size: 100

C:\Program Files\Microchip\xc8\v2.31\pic\sources\c99\common\awmod.c
		___awmod       		CODE           	27D6	0000	176

C:\Program Files\Microchip\xc8\v2.31\pic\sources\c99\common\awmod.c estimated size: 176

Oled.c
		_ssd1306_command		CODE           	3726	0000	30
		_OLED_SPuts    		CODE           	18CE	0000	364
		_OLED_Init     		CODE           	2932	0000	168
		_OLEDClear     		CODE           	3162	0000	84
		_OLED_NPuts    		CODE           	2662	0000	192
		_OLEDsetCursor 		CODE           	36B8	0000	38

Oled.c estimated size: 876

C:\Program Files\Microchip\xc8\v2.31\pic\sources\c99\common\aodiv.c
		___aodiv       		CODE           	1746	0000	392

C:\Program Files\Microchip\xc8\v2.31\pic\sources\c99\common\aodiv.c estimated size: 392

C:\Program Files\Microchip\xc8\v2.31\pic\sources\c99\common\nf_fputc.c
		_fputc         		CODE           	240E	0000	202

C:\Program Files\Microchip\xc8\v2.31\pic\sources\c99\common\nf_fputc.c estimated size: 202

shared
		_barras        		MEDIUMCONST    	7FA8	0000	8
		_TINY_FONTS    		MEDIUMCONST    	7E8B	0000	285
		_BIG_FONTS     		MEDIUMCONST    	7071	0000	3040
		__initialization		CODE           	33B4	0000	46
		_SMALL_FONTS   		MEDIUMCONST    	7C51	0000	570

shared estimated size: 3949

DS3231.c
		_I2C_Write_DS  		CODE           	359A	0000	44
		_I2C_Stop_DS   		CODE           	35F0	0000	40
		_I2C_Read_DS   		CODE           	2B14	0000	142
		_I2C_Repeated_Start_DS		CODE           	3640	0000	40
		_I2C_Start_DS  		CODE           	3618	0000	40

DS3231.c estimated size: 306

C:\Program Files\Microchip\xc8\v2.31\pic\sources\c99\common\lwdiv.c
		___lwdiv       		CODE           	2CA0	0000	116

C:\Program Files\Microchip\xc8\v2.31\pic\sources\c99\common\lwdiv.c estimated size: 116

C:\Program Files\Microchip\xc8\v2.31\pic\sources\c99\common\awdiv.c
		___awdiv       		CODE           	259E	0000	196

C:\Program Files\Microchip\xc8\v2.31\pic\sources\c99\common\awdiv.c estimated size: 196

C:\Program Files\Microchip\xc8\v2.31\pic\sources\c99\common\doprnt.c
		_vfpfcnvrt     		CODE           	1404	0000	436
		_pad           		CODE           	24D8	0000	198
		_dtoa          		CODE           	086C	0000	738
		_vfprintf      		CODE           	3050	0000	98

C:\Program Files\Microchip\xc8\v2.31\pic\sources\c99\common\doprnt.c estimated size: 1470

C:\Program Files\Microchip\xc8\v2.31\pic\sources\c99\common\sprcdiv.c
		___fldiv       		CODE           	04D2	0000	922

C:\Program Files\Microchip\xc8\v2.31\pic\sources\c99\common\sprcdiv.c estimated size: 922

C:\Program Files\Microchip\xc8\v2.31\pic\sources\c99\common\fltol.c
		___fltol       		CODE           	2042	0000	262

C:\Program Files\Microchip\xc8\v2.31\pic\sources\c99\common\fltol.c estimated size: 262

C:\Program Files\Microchip\xc8\v2.31\pic\sources\c99\common\nf_sprintf.c
		_sprintf       		CODE           	3208	0000	82

C:\Program Files\Microchip\xc8\v2.31\pic\sources\c99\common\nf_sprintf.c estimated size: 82

C:\Program Files\Microchip\xc8\v2.31\pic\sources\c99\common\flge.c
		___flge        		CODE           	2148	0000	260

C:\Program Files\Microchip\xc8\v2.31\pic\sources\c99\common\flge.c estimated size: 260

C:\Program Files\Microchip\xc8\v2.31\pic\sources\c99\common\Umul16.c
		___wmul        		CODE           	36DE	0000	38

C:\Program Files\Microchip\xc8\v2.31\pic\sources\c99\common\Umul16.c estimated size: 38

main.c
		_Print_Minuto  		CODE           	2EB4	0000	104
		_Print_config  		CODE           	1E2A	0000	274
		_Print_Segundo 		CODE           	2E4C	0000	104
		_decimal_to_bcd		CODE           	342A	0000	56
		_main          		CODE           	224C	0000	226
		_scr           		CODE           	0008	0000	76
		_CHECK_TAG     		CODE           	232E	0000	224
		_bcd_to_decimal		CODE           	37FA	0000	22
		_Print_Hora    		CODE           	2F1C	0000	104
		_get_RTC       		CODE           	1F3C	0000	262
		_Print_Anio    		CODE           	2DE4	0000	104
		_set_RTC       		CODE           	2A7A	0000	154
		_Print_Dia     		CODE           	2D7C	0000	104
		_Print_Ticket  		CODE           	1D08	0000	290
		_get_key       		CODE           	0B4E	0000	682
		_Print_Mes     		CODE           	2D14	0000	104
		_Print_Menu    		CODE           	31B6	0000	82

main.c estimated size: 2972

RC522.c
		_MFRC522_Request		CODE           	2F84	0000	104
		_MFRC522_Clear_UID		CODE           	33F0	0000	58
		_MFRC522_ReadCardSerial		CODE           	3462	0000	56
		_MFRC522_Rd    		CODE           	2886	0000	172
		_MFRC522_Wr    		CODE           	2C24	0000	124
		_MFRC522_CRC   		CODE           	29DA	0000	160
		_MFRC522_Halt  		CODE           	310A	0000	88
		_MFRC522_Init  		CODE           	30B2	0000	88
		_MFRC522_AntiColl		CODE           	2722	0000	180
		_MFRC522_Reset 		CODE           	377E	0000	26
		_MFRC522_AntennaOn		CODE           	3826	0000	18
		_MFRC522_Clear_Bit		CODE           	3798	0000	26
		_MFRC522_AntennaOff		CODE           	386E	0000	12
		_MFRC522_ToCard		CODE           	0DF8	0000	654
		_MFRC522_isCard		CODE           	3690	0000	40
		_MFRC522_Set_Bit		CODE           	37CC	0000	24

RC522.c estimated size: 1830

